[{"stream_name":"stderr","time":6.974385063,"data":"0.00s - Debugger warning: It seems that frozen modules are being used, which may\n"}
,{"stream_name":"stderr","time":6.974449395,"data":"0.00s - make the debugger miss breakpoints. Please pass -Xfrozen_modules=off\n"}
,{"stream_name":"stderr","time":6.9744542240000005,"data":"0.00s - to python to disable frozen modules.\n"}
,{"stream_name":"stderr","time":6.974456933,"data":"0.00s - Note: Debugging will proceed. Set PYDEVD_DISABLE_FILE_VALIDATION=1 to disable this validation.\n"}
,{"stream_name":"stderr","time":7.563599466,"data":"0.00s - Debugger warning: It seems that frozen modules are being used, which may\n"}
,{"stream_name":"stderr","time":7.563632392,"data":"0.00s - make the debugger miss breakpoints. Please pass -Xfrozen_modules=off\n"}
,{"stream_name":"stderr","time":7.563637275,"data":"0.00s - to python to disable frozen modules.\n"}
,{"stream_name":"stderr","time":7.563641014,"data":"0.00s - Note: Debugging will proceed. Set PYDEVD_DISABLE_FILE_VALIDATION=1 to disable this validation.\n"}
,{"stream_name":"stdout","time":9.68486044,"data":"$ git clone --filter=blob:none --branch agent/td3-qos-scalability-v2 https://github.com/Juliolayme/STAR_RIS_RSMA_TD3.git /kaggle/working/STAR_RIS_RSMA_TD3\n"}
,{"stream_name":"stdout","time":9.684891476,"data":"Cloning into '/kaggle/working/STAR_RIS_RSMA_TD3'...\n"}
,{"stream_name":"stdout","time":10.593149025,"data":"$ git checkout --detach 89c39da461523a7f5911a302cb9415aeaa5824ce\n"}
,{"stream_name":"stdout","time":10.593189118,"data":"HEAD is now at 89c39da Remove temporary latency CI diagnostic workflow\n"}
,{"stream_name":"stdout","time":10.593193295,"data":"$ /usr/bin/python3 -m pip install -q --no-build-isolation -e /kaggle/working/STAR_RIS_RSMA_TD3 tabulate\n"}
,{"stream_name":"stdout","time":18.074036934,"data":"Repository commit: 89c39da461523a7f5911a302cb9415aeaa5824ce\n"}
,{"stream_name":"stdout","time":18.074078172,"data":"$ /usr/bin/python3 scripts/create_scenario_banks.py --config /kaggle/working/STAR_RIS_RSMA_TD3/configs/v3/constrained_action_n96.yaml --output-dir /kaggle/working/STAR_RIS_RSMA_TD3/artifacts/scenario_banks --train-count 10000 --validation-count 1000 --test-count 1000\n"}
,{"stream_name":"stdout","time":24.088040497,"data":"{\n"}
,{"stream_name":"stdout","time":24.088083105,"data":"  \"train\": {\n"}
,{"stream_name":"stdout","time":24.088088465,"data":"    \"path\": \"/kaggle/working/STAR_RIS_RSMA_TD3/artifacts/scenario_banks/N96_train.npz\",\n"}
,{"stream_name":"stdout","time":24.088093863,"data":"    \"checksum\": \"d0a6419f23ec4f4c92bf50bf7dd471cb839863e872a511af0d83cb03ee236d11\",\n"}
,{"stream_name":"stdout","time":24.089939517,"data":"    \"metadata\": {\n"}
,{"stream_name":"stdout","time":24.089958971,"data":"      \"split\": \"train\",\n"}
,{"stream_name":"stdout","time":24.089965797,"data":"      \"seed\": 11001,\n"}
,{"stream_name":"stdout","time":24.089971695,"data":"      \"count\": 10000,\n"}
,{"stream_name":"stdout","time":24.089977406,"data":"      \"n_users\": 4,\n"}
,{"stream_name":"stdout","time":24.089982672,"data":"      \"n_ris\": 96,\n"}
,{"stream_name":"stdout","time":24.089988339,"data":"      \"generator\": \"star_ris_rsma.physics.generate_channel/v1\"\n"}
,{"stream_name":"stdout","time":24.089995758,"data":"    }\n"}
,{"stream_name":"stdout","time":24.090001487,"data":"  },\n"}
,{"stream_name":"stdout","time":24.090007179,"data":"  \"validation\": {\n"}
,{"stream_name":"stdout","time":24.090013151,"data":"    \"path\": \"/kaggle/working/STAR_RIS_RSMA_TD3/artifacts/scenario_banks/N96_validation.npz\",\n"}
,{"stream_name":"stdout","time":24.090019582,"data":"    \"checksum\": \"135afb5ca4361e7b979798a7e97e11119084197941cac615d311d3305de3049e\",\n"}
,{"stream_name":"stdout","time":24.090037432,"data":"    \"metadata\": {\n"}
,{"stream_name":"stdout","time":24.09005169,"data":"      \"split\": \"validation\",\n"}
,{"stream_name":"stdout","time":24.090056368,"data":"      \"seed\": 22001,\n"}
,{"stream_name":"stdout","time":24.090060857,"data":"      \"count\": 1000,\n"}
,{"stream_name":"stdout","time":24.090065176,"data":"      \"n_users\": 4,\n"}
,{"stream_name":"stdout","time":24.09006992,"data":"      \"n_ris\": 96,\n"}
,{"stream_name":"stdout","time":24.090074908,"data":"      \"generator\": \"star_ris_rsma.physics.generate_channel/v1\"\n"}
,{"stream_name":"stdout","time":24.090079427,"data":"    }\n"}
,{"stream_name":"stdout","time":24.090083742,"data":"  },\n"}
,{"stream_name":"stdout","time":24.090088252,"data":"  \"test\": {\n"}
,{"stream_name":"stdout","time":24.090093042,"data":"    \"path\": \"/kaggle/working/STAR_RIS_RSMA_TD3/artifacts/scenario_banks/N96_test.npz\",\n"}
,{"stream_name":"stdout","time":24.090098283,"data":"    \"checksum\": \"4e84455d08cacd9f85c432f7838c3be2cb0f000b55edc3487c6dee9520cc0b63\",\n"}
,{"stream_name":"stdout","time":24.090103424,"data":"    \"metadata\": {\n"}
,{"stream_name":"stdout","time":24.090108135,"data":"      \"split\": \"test\",\n"}
,{"stream_name":"stdout","time":24.09011295,"data":"      \"seed\": 33001,\n"}
,{"stream_name":"stdout","time":24.090117647,"data":"      \"count\": 1000,\n"}
,{"stream_name":"stdout","time":24.090122369,"data":"      \"n_users\": 4,\n"}
,{"stream_name":"stdout","time":24.090127134,"data":"      \"n_ris\": 96,\n"}
,{"stream_name":"stdout","time":24.090131782,"data":"      \"generator\": \"star_ris_rsma.physics.generate_channel/v1\"\n"}
,{"stream_name":"stdout","time":24.090137037,"data":"    }\n"}
,{"stream_name":"stdout","time":24.090141481,"data":"  }\n"}
,{"stream_name":"stdout","time":24.090145895,"data":"}\n"}
,{"stream_name":"stdout","time":24.090151635,"data":"$ /usr/bin/python3 scripts/create_scenario_banks.py --config /kaggle/working/STAR_RIS_RSMA_TD3/configs/v3/constrained_action_n128.yaml --output-dir /kaggle/working/STAR_RIS_RSMA_TD3/artifacts/scenario_banks --train-count 10000 --validation-count 1000 --test-count 1000\n"}
,{"stream_name":"stdout","time":32.356111975,"data":"{\n"}
,{"stream_name":"stdout","time":32.356148576,"data":"  \"train\": {\n"}
,{"stream_name":"stdout","time":32.356156252,"data":"    \"path\": \"/kaggle/working/STAR_RIS_RSMA_TD3/artifacts/scenario_banks/N128_train.npz\",\n"}
,{"stream_name":"stdout","time":32.356161861,"data":"    \"checksum\": \"a0f0b0d1a0239987f88e5e37ca6f40a7ac1d9c87f90e44e07baf54f7d7ac7212\",\n"}
,{"stream_name":"stdout","time":32.356168254,"data":"    \"metadata\": {\n"}
,{"stream_name":"stdout","time":32.35617346,"data":"      \"split\": \"train\",\n"}
,{"stream_name":"stdout","time":32.356178399,"data":"      \"seed\": 11001,\n"}
,{"stream_name":"stdout","time":32.356183119,"data":"      \"count\": 10000,\n"}
,{"stream_name":"stdout","time":32.356187765,"data":"      \"n_users\": 4,\n"}
,{"stream_name":"stdout","time":32.356192557,"data":"      \"n_ris\": 128,\n"}
,{"stream_name":"stdout","time":32.356197787,"data":"      \"generator\": \"star_ris_rsma.physics.generate_channel/v1\"\n"}
,{"stream_name":"stdout","time":32.356202704,"data":"    }\n"}
,{"stream_name":"stdout","time":32.356207467,"data":"  },\n"}
,{"stream_name":"stdout","time":32.356212714,"data":"  \"validation\": {\n"}
,{"stream_name":"stdout","time":32.356216852,"data":"    \"path\": \"/kaggle/working/STAR_RIS_RSMA_TD3/artifacts/scenario_banks/N128_validation.npz\",\n"}
,{"stream_name":"stdout","time":32.356236639,"data":"    \"checksum\": \"3310a8420a7846e9bd1aa2685ca55ffac88587e2fcd458f6258d997d9498e319\",\n"}
,{"stream_name":"stdout","time":32.356240454,"data":"    \"metadata\": {\n"}
,{"stream_name":"stdout","time":32.356243735,"data":"      \"split\": \"validation\",\n"}
,{"stream_name":"stdout","time":32.356246786,"data":"      \"seed\": 22001,\n"}
,{"stream_name":"stdout","time":32.356250248,"data":"      \"count\": 1000,\n"}
,{"stream_name":"stdout","time":32.356254177,"data":"      \"n_users\": 4,\n"}
,{"stream_name":"stdout","time":32.356257769,"data":"      \"n_ris\": 128,\n"}
,{"stream_name":"stdout","time":32.356261769,"data":"      \"generator\": \"star_ris_rsma.physics.generate_channel/v1\"\n"}
,{"stream_name":"stdout","time":32.356265337,"data":"    }\n"}
,{"stream_name":"stdout","time":32.3562694,"data":"  },\n"}
,{"stream_name":"stdout","time":32.356273059,"data":"  \"test\": {\n"}
,{"stream_name":"stdout","time":32.356276557,"data":"    \"path\": \"/kaggle/working/STAR_RIS_RSMA_TD3/artifacts/scenario_banks/N128_test.npz\",\n"}
,{"stream_name":"stdout","time":32.356281011,"data":"    \"checksum\": \"f4c80269e5fb3cf553900b2e82f235af875b7c2e33b4ff71ec5d85cc25eb2b4e\",\n"}
,{"stream_name":"stdout","time":32.356285334,"data":"    \"metadata\": {\n"}
,{"stream_name":"stdout","time":32.356288809,"data":"      \"split\": \"test\",\n"}
,{"stream_name":"stdout","time":32.356292287,"data":"      \"seed\": 33001,\n"}
,{"stream_name":"stdout","time":32.356295726,"data":"      \"count\": 1000,\n"}
,{"stream_name":"stdout","time":32.356299102,"data":"      \"n_users\": 4,\n"}
,{"stream_name":"stdout","time":32.356302606,"data":"      \"n_ris\": 128,\n"}
,{"stream_name":"stdout","time":32.356306062,"data":"      \"generator\": \"star_ris_rsma.physics.generate_channel/v1\"\n"}
,{"stream_name":"stdout","time":32.356309949,"data":"    }\n"}
,{"stream_name":"stdout","time":32.356318927,"data":"  }\n"}
,{"stream_name":"stdout","time":32.35632193,"data":"}\n"}
,{"stream_name":"stdout","time":32.531417491,"data":"$$ /usr/bin/python3 scripts/run_train_v2.py --method td3 --config /kaggle/working/STAR_RIS_RSMA_TD3/configs/v3/constrained_action_n96.yaml --seed 1 --output /kaggle/working/thesis_td3_high_n/final_td3_v3/N96/seed_1/train\n"}
,{"stream_name":"stdout","time":32.531451305,"data":" /usr/bin/python3 scripts/run_train_v2.py --method td3 --config /kaggle/working/STAR_RIS_RSMA_TD3/configs/v3/constrained_action_n96.yaml --seed 0 --output /kaggle/working/thesis_td3_high_n/final_td3_v3/N96/seed_0/train\n"}
,{"stream_name":"stdout","time":1003.524547899,"data":"$ /usr/bin/python3 scripts/run_evaluate.py --method td3 --config /kaggle/working/STAR_RIS_RSMA_TD3/configs/v3/constrained_action_n96.yaml --checkpoint /kaggle/working/thesis_td3_high_n/final_td3_v3/N96/seed_1/train/best.pt --bank /kaggle/working/STAR_RIS_RSMA_TD3/artifacts/scenario_banks/N96_test.npz --seed 1 --output /kaggle/working/thesis_td3_high_n/final_td3_v3/N96/seed_1/test.csv\n"}
,{"stream_name":"stdout","time":1003.524601468,"data":"$ /usr/bin/python3 scripts/run_evaluate.py --method td3 --config /kaggle/working/STAR_RIS_RSMA_TD3/configs/v3/constrained_action_n96.yaml --checkpoint /kaggle/working/thesis_td3_high_n/final_td3_v3/N96/seed_0/train/best.pt --bank /kaggle/working/STAR_RIS_RSMA_TD3/artifacts/scenario_banks/N96_test.npz --seed 0 --output /kaggle/working/thesis_td3_high_n/final_td3_v3/N96/seed_0/test.csv\n"}
,{"stream_name":"stdout","time":1009.404855963,"data":"$ /usr/bin/python3 scripts/audit_pilot_output.py --root /kaggle/working/thesis_td3_high_n/final_td3_v3/N96/seed_0 --seed 0\n"}
,{"stream_name":"stdout","time":1009.404900111,"data":"$ /usr/bin/python3 scripts/audit_pilot_output.py --root /kaggle/working/thesis_td3_high_n/final_td3_v3/N96/seed_1 --seed 1\n"}
,{"stream_name":"stdout","time":1009.960837129,"data":"{\n"}
,{"stream_name":"stdout","time":1009.960871763,"data":"  \"mean_all_qos\": 0.999,\n"}
,{"stream_name":"stdout","time":1009.960877823,"data":"  \"mean_qos_fraction\": 0.999,\n"}
,{"stream_name":"stdout","time":1009.960882731,"data":"  \"mean_sum_rate\": 11.940570761928383,\n"}
,{"stream_name":"stdout","time":1009.960887532,"data":"  \"mean_violation\": 3.21667344267038e-05,\n"}
,{"stream_name":"stdout","time":1009.960891591,"data":"  \"rows\": 1000,\n"}
,{"stream_name":"stdout","time":1009.960895592,"data":"  \"scenarios\": 1000,\n"}
,{"stream_name":"stdout","time":1009.960899868,"data":"  \"seed\": 0\n"}
,{"stream_name":"stdout","time":1009.960904121,"data":"}\n"}
,{"stream_name":"stdout","time":1009.960908125,"data":"{\n"}
,{"stream_name":"stdout","time":1009.96091244,"data":"  \"mean_all_qos\": 0.999,\n"}
,{"stream_name":"stdout","time":1009.960917169,"data":"  \"mean_qos_fraction\": 0.99975,\n"}
,{"stream_name":"stdout","time":1009.96092153,"data":"  \"mean_sum_rate\": 12.420424755117386,\n"}
,{"stream_name":"stdout","time":1009.96092593,"data":"  \"mean_violation\": 6.45159911296375e-05,\n"}
,{"stream_name":"stdout","time":1009.96093064,"data":"  \"rows\": 1000,\n"}
,{"stream_name":"stdout","time":1009.960935203,"data":"  \"scenarios\": 1000,\n"}
,{"stream_name":"stdout","time":1009.960939383,"data":"  \"seed\": 1\n"}
,{"stream_name":"stdout","time":1009.960943471,"data":"}\n"}
,{"stream_name":"stdout","time":1009.960947513,"data":"Finished: {'n_ris': 96, 'seed': 0, 'status': 'completed'}\n"}
,{"stream_name":"stdout","time":1009.960951924,"data":"$ /usr/bin/python3 scripts/run_train_v2.py --method td3 --config /kaggle/working/STAR_RIS_RSMA_TD3/configs/v3/constrained_action_n96.yaml --seed 2 --output /kaggle/working/thesis_td3_high_n/final_td3_v3/N96/seed_2/train\n"}
,{"stream_name":"stdout","time":1009.960958575,"data":"Finished: {'n_ris': 96, 'seed': 1, 'status': 'completed'}\n"}
,{"stream_name":"stdout","time":1009.960962784,"data":"$ /usr/bin/python3 scripts/run_train_v2.py --method td3 --config /kaggle/working/STAR_RIS_RSMA_TD3/configs/v3/constrained_action_n96.yaml --seed 3 --output /kaggle/working/thesis_td3_high_n/final_td3_v3/N96/seed_3/train\n"}
,{"stream_name":"stdout","time":1985.223394983,"data":"$ /usr/bin/python3 scripts/run_evaluate.py --method td3 --config /kaggle/working/STAR_RIS_RSMA_TD3/configs/v3/constrained_action_n96.yaml --checkpoint /kaggle/working/thesis_td3_high_n/final_td3_v3/N96/seed_3/train/best.pt --bank /kaggle/working/STAR_RIS_RSMA_TD3/artifacts/scenario_banks/N96_test.npz --seed 3 --output /kaggle/working/thesis_td3_high_n/final_td3_v3/N96/seed_3/test.csv\n"}
,{"stream_name":"stdout","time":1987.12384264,"data":"$ /usr/bin/python3 scripts/run_evaluate.py --method td3 --config /kaggle/working/STAR_RIS_RSMA_TD3/configs/v3/constrained_action_n96.yaml --checkpoint /kaggle/working/thesis_td3_high_n/final_td3_v3/N96/seed_2/train/best.pt --bank /kaggle/working/STAR_RIS_RSMA_TD3/artifacts/scenario_banks/N96_test.npz --seed 2 --output /kaggle/working/thesis_td3_high_n/final_td3_v3/N96/seed_2/test.csv\n"}
,{"stream_name":"stdout","time":1990.814440824,"data":"$ /usr/bin/python3 scripts/audit_pilot_output.py --root /kaggle/working/thesis_td3_high_n/final_td3_v3/N96/seed_3 --seed 3\n"}
,{"stream_name":"stdout","time":1991.454252595,"data":"{\n"}
,{"stream_name":"stdout","time":1991.454299529,"data":"  \"mean_all_qos\": 0.997,\n"}
,{"stream_name":"stdout","time":1991.454307729,"data":"  \"mean_qos_fraction\": 0.9985,\n"}
,{"stream_name":"stdout","time":1991.454313808,"data":"  \"mean_sum_rate\": 11.93106693922021,\n"}
,{"stream_name":"stdout","time":1991.454332507,"data":"  \"mean_violation\": 0.0014276172963181232,\n"}
,{"stream_name":"stdout","time":1991.454336359,"data":"  \"rows\": 1000,\n"}
,{"stream_name":"stdout","time":1991.454340333,"data":"  \"scenarios\": 1000,\n"}
,{"stream_name":"stdout","time":1991.454344039,"data":"  \"seed\": 3\n"}
,{"stream_name":"stdout","time":1991.454347715,"data":"}\n"}
,{"stream_name":"stdout","time":1991.454351103,"data":"Finished: {'n_ris': 96, 'seed': 3, 'status': 'completed'}\n"}
,{"stream_name":"stdout","time":1991.454354903,"data":"$ /usr/bin/python3 scripts/run_train_v2.py --method td3 --config /kaggle/working/STAR_RIS_RSMA_TD3/configs/v3/constrained_action_n96.yaml --seed 4 --output /kaggle/working/thesis_td3_high_n/final_td3_v3/N96/seed_4/train\n"}
,{"stream_name":"stdout","time":1992.785384344,"data":"$ /usr/bin/python3 scripts/audit_pilot_output.py --root /kaggle/working/thesis_td3_high_n/final_td3_v3/N96/seed_2 --seed 2\n"}
,{"stream_name":"stdout","time":1993.312052062,"data":"{\n"}
,{"stream_name":"stdout","time":1993.312084293,"data":"  \"mean_all_qos\": 1.0,\n"}
,{"stream_name":"stdout","time":1993.312088996,"data":"  \"mean_qos_fraction\": 1.0,\n"}
,{"stream_name":"stdout","time":1993.312092765,"data":"  \"mean_sum_rate\": 12.218136686773821,\n"}
,{"stream_name":"stdout","time":1993.312096332,"data":"  \"mean_violation\": 0.0,\n"}
,{"stream_name":"stdout","time":1993.312099829,"data":"  \"rows\": 1000,\n"}
,{"stream_name":"stdout","time":1993.312103302,"data":"  \"scenarios\": 1000,\n"}
,{"stream_name":"stdout","time":1993.312106775,"data":"  \"seed\": 2\n"}
,{"stream_name":"stdout","time":1993.312110359,"data":"}\n"}
,{"stream_name":"stdout","time":1993.31211365,"data":"Finished: {'n_ris': 96, 'seed': 2, 'status': 'completed'}\n"}
,{"stream_name":"stdout","time":1993.312117509,"data":"$ /usr/bin/python3 scripts/run_train_v2.py --method td3 --config /kaggle/working/STAR_RIS_RSMA_TD3/configs/v3/constrained_action_n96.yaml --seed 5 --output /kaggle/working/thesis_td3_high_n/final_td3_v3/N96/seed_5/train\n"}
,{"stream_name":"stdout","time":2972.069785037,"data":"$ /usr/bin/python3 scripts/run_evaluate.py --method td3 --config /kaggle/working/STAR_RIS_RSMA_TD3/configs/v3/constrained_action_n96.yaml --checkpoint /kaggle/working/thesis_td3_high_n/final_td3_v3/N96/seed_4/train/best.pt --bank /kaggle/working/STAR_RIS_RSMA_TD3/artifacts/scenario_banks/N96_test.npz --seed 4 --output /kaggle/working/thesis_td3_high_n/final_td3_v3/N96/seed_4/test.csv\n"}
,{"stream_name":"stdout","time":2973.851046327,"data":"$ /usr/bin/python3 scripts/run_evaluate.py --method td3 --config /kaggle/working/STAR_RIS_RSMA_TD3/configs/v3/constrained_action_n96.yaml --checkpoint /kaggle/working/thesis_td3_high_n/final_td3_v3/N96/seed_5/train/best.pt --bank /kaggle/working/STAR_RIS_RSMA_TD3/artifacts/scenario_banks/N96_test.npz --seed 5 --output /kaggle/working/thesis_td3_high_n/final_td3_v3/N96/seed_5/test.csv\n"}
,{"stream_name":"stdout","time":2977.681165442,"data":"$ /usr/bin/python3 scripts/audit_pilot_output.py --root /kaggle/working/thesis_td3_high_n/final_td3_v3/N96/seed_4 --seed 4\n"}
,{"stream_name":"stdout","time":2978.202440432,"data":"{\n"}
,{"stream_name":"stdout","time":2978.202476284,"data":"  \"mean_all_qos\": 1.0,\n"}
,{"stream_name":"stdout","time":2978.202620821,"data":"  \"mean_qos_fraction\": 1.0,\n"}
,{"stream_name":"stdout","time":2978.202631322,"data":"  \"mean_sum_rate\": 11.901360879255263,\n"}
,{"stream_name":"stdout","time":2978.202636244,"data":"  \"mean_violation\": 0.0,\n"}
,{"stream_name":"stdout","time":2978.202640821,"data":"  \"rows\": 1000,\n"}
,{"stream_name":"stdout","time":2978.20264547,"data":"  \"scenarios\": 1000,\n"}
,{"stream_name":"stdout","time":2978.202688801,"data":"  \"seed\": 4\n"}
,{"stream_name":"stdout","time":2978.202711498,"data":"}\n"}
,{"stream_name":"stdout","time":2978.202718333,"data":"Finished: {'n_ris': 96, 'seed': 4, 'status': 'completed'}\n"}
,{"stream_name":"stdout","time":2978.20272304,"data":"$ /usr/bin/python3 scripts/run_train_v2.py --method td3 --config /kaggle/working/STAR_RIS_RSMA_TD3/configs/v3/constrained_action_n96.yaml --seed 6 --output /kaggle/working/thesis_td3_high_n/final_td3_v3/N96/seed_6/train\n"}
,{"stream_name":"stdout","time":2979.483575949,"data":"$ /usr/bin/python3 scripts/audit_pilot_output.py --root /kaggle/working/thesis_td3_high_n/final_td3_v3/N96/seed_5 --seed 5\n"}
,{"stream_name":"stdout","time":2980.052882569,"data":"{\n"}
,{"stream_name":"stdout","time":2980.052916366,"data":"  \"mean_all_qos\": 1.0,\n"}
,{"stream_name":"stdout","time":2980.052921353,"data":"  \"mean_qos_fraction\": 1.0,\n"}
,{"stream_name":"stdout","time":2980.052925517,"data":"  \"mean_sum_rate\": 12.18141314484074,\n"}
,{"stream_name":"stdout","time":2980.052929203,"data":"  \"mean_violation\": 0.0,\n"}
,{"stream_name":"stdout","time":2980.052933229,"data":"  \"rows\": 1000,\n"}
,{"stream_name":"stdout","time":2980.052936816,"data":"  \"scenarios\": 1000,\n"}
,{"stream_name":"stdout","time":2980.052940478,"data":"  \"seed\": 5\n"}
,{"stream_name":"stdout","time":2980.052944218,"data":"}\n"}
,{"stream_name":"stdout","time":2980.052947808,"data":"Finished: {'n_ris': 96, 'seed': 5, 'status': 'completed'}\n"}
,{"stream_name":"stdout","time":2980.052951632,"data":"$ /usr/bin/python3 scripts/run_train_v2.py --method td3 --config /kaggle/working/STAR_RIS_RSMA_TD3/configs/v3/constrained_action_n96.yaml --seed 7 --output /kaggle/working/thesis_td3_high_n/final_td3_v3/N96/seed_7/train\n"}
,{"stream_name":"stdout","time":3940.146115338,"data":"$ /usr/bin/python3 scripts/run_evaluate.py --method td3 --config /kaggle/working/STAR_RIS_RSMA_TD3/configs/v3/constrained_action_n96.yaml --checkpoint /kaggle/working/thesis_td3_high_n/final_td3_v3/N96/seed_6/train/best.pt --bank /kaggle/working/STAR_RIS_RSMA_TD3/artifacts/scenario_banks/N96_test.npz --seed 6 --output /kaggle/working/thesis_td3_high_n/final_td3_v3/N96/seed_6/test.csv\n"}
,{"stream_name":"stdout","time":3941.500536599,"data":"$ /usr/bin/python3 scripts/run_evaluate.py --method td3 --config /kaggle/working/STAR_RIS_RSMA_TD3/configs/v3/constrained_action_n96.yaml --checkpoint /kaggle/working/thesis_td3_high_n/final_td3_v3/N96/seed_7/train/best.pt --bank /kaggle/working/STAR_RIS_RSMA_TD3/artifacts/scenario_banks/N96_test.npz --seed 7 --output /kaggle/working/thesis_td3_high_n/final_td3_v3/N96/seed_7/test.csv\n"}
,{"stream_name":"stdout","time":3945.778837622,"data":"$ /usr/bin/python3 scripts/audit_pilot_output.py --root /kaggle/working/thesis_td3_high_n/final_td3_v3/N96/seed_6 --seed 6\n"}
,{"stream_name":"stdout","time":3946.319354209,"data":"{\n"}
,{"stream_name":"stdout","time":3946.319392815,"data":"  \"mean_all_qos\": 0.993,\n"}
,{"stream_name":"stdout","time":3946.319398575,"data":"  \"mean_qos_fraction\": 0.99825,\n"}
,{"stream_name":"stdout","time":3946.319403632,"data":"  \"mean_sum_rate\": 12.00103454830367,\n"}
,{"stream_name":"stdout","time":3946.319408526,"data":"  \"mean_violation\": 0.002706093699471748,\n"}
,{"stream_name":"stdout","time":3946.319413342,"data":"  \"rows\": 1000,\n"}
,{"stream_name":"stdout","time":3946.319418209,"data":"  \"scenarios\": 1000,\n"}
,{"stream_name":"stdout","time":3946.319422999,"data":"  \"seed\": 6\n"}
,{"stream_name":"stdout","time":3946.319427576,"data":"}\n"}
,{"stream_name":"stdout","time":3946.319432126,"data":"Finished: {'n_ris': 96, 'seed': 6, 'status': 'completed'}\n"}
,{"stream_name":"stdout","time":3946.319448533,"data":"$ /usr/bin/python3 scripts/run_train_v2.py --method td3 --config /kaggle/working/STAR_RIS_RSMA_TD3/configs/v3/constrained_action_n128.yaml --seed 0 --output /kaggle/working/thesis_td3_high_n/final_td3_v3/N128/seed_0/train\n"}
,{"stream_name":"stdout","time":3947.109833925,"data":"$ /usr/bin/python3 scripts/audit_pilot_output.py --root /kaggle/working/thesis_td3_high_n/final_td3_v3/N96/seed_7 --seed 7\n"}
,{"stream_name":"stdout","time":3947.647046359,"data":"{\n"}
,{"stream_name":"stdout","time":3947.647088644,"data":"  \"mean_all_qos\": 1.0,\n"}
,{"stream_name":"stdout","time":3947.647093379,"data":"  \"mean_qos_fraction\": 1.0,\n"}
,{"stream_name":"stdout","time":3947.647097146,"data":"  \"mean_sum_rate\": 11.91487660631183,\n"}
,{"stream_name":"stdout","time":3947.647100782,"data":"  \"mean_violation\": 0.0,\n"}
,{"stream_name":"stdout","time":3947.647104249,"data":"  \"rows\": 1000,\n"}
,{"stream_name":"stdout","time":3947.647107696,"data":"  \"scenarios\": 1000,\n"}
,{"stream_name":"stdout","time":3947.647111209,"data":"  \"seed\": 7\n"}
,{"stream_name":"stdout","time":3947.647114935,"data":"}\n"}
,{"stream_name":"stdout","time":3947.647118288,"data":"Finished: {'n_ris': 96, 'seed': 7, 'status': 'completed'}\n"}
,{"stream_name":"stdout","time":3947.647122122,"data":"$ /usr/bin/python3 scripts/run_train_v2.py --method td3 --config /kaggle/working/STAR_RIS_RSMA_TD3/configs/v3/constrained_action_n128.yaml --seed 1 --output /kaggle/working/thesis_td3_high_n/final_td3_v3/N128/seed_1/train\n"}
,{"stream_name":"stdout","time":4939.653249533,"data":"$ /usr/bin/python3 scripts/run_evaluate.py --method td3 --config /kaggle/working/STAR_RIS_RSMA_TD3/configs/v3/constrained_action_n128.yaml --checkpoint /kaggle/working/thesis_td3_high_n/final_td3_v3/N128/seed_0/train/best.pt --bank /kaggle/working/STAR_RIS_RSMA_TD3/artifacts/scenario_banks/N128_test.npz --seed 0 --output /kaggle/working/thesis_td3_high_n/final_td3_v3/N128/seed_0/test.csv\n"}
,{"stream_name":"stdout","time":4940.711111487,"data":"$ /usr/bin/python3 scripts/run_evaluate.py --method td3 --config /kaggle/working/STAR_RIS_RSMA_TD3/configs/v3/constrained_action_n128.yaml --checkpoint /kaggle/working/thesis_td3_high_n/final_td3_v3/N128/seed_1/train/best.pt --bank /kaggle/working/STAR_RIS_RSMA_TD3/artifacts/scenario_banks/N128_test.npz --seed 1 --output /kaggle/working/thesis_td3_high_n/final_td3_v3/N128/seed_1/test.csv\n"}
,{"stream_name":"stdout","time":4945.319168764,"data":"$ /usr/bin/python3 scripts/audit_pilot_output.py --root /kaggle/working/thesis_td3_high_n/final_td3_v3/N128/seed_0 --seed 0\n"}
,{"stream_name":"stdout","time":4945.853746123,"data":"{\n"}
,{"stream_name":"stdout","time":4945.853837323,"data":"  \"mean_all_qos\": 1.0,\n"}
,{"stream_name":"stdout","time":4945.853845833,"data":"  \"mean_qos_fraction\": 1.0,\n"}
,{"stream_name":"stdout","time":4945.853850358,"data":"  \"mean_sum_rate\": 12.296255358354843,\n"}
,{"stream_name":"stdout","time":4945.853854798,"data":"  \"mean_violation\": 0.0,\n"}
,{"stream_name":"stdout","time":4945.853859208,"data":"  \"rows\": 1000,\n"}
,{"stream_name":"stdout","time":4945.853863723,"data":"  \"scenarios\": 1000,\n"}
,{"stream_name":"stdout","time":4945.853868072,"data":"  \"seed\": 0\n"}
,{"stream_name":"stdout","time":4945.85387233,"data":"}\n"}
,{"stream_name":"stdout","time":4945.85387673,"data":"Finished: {'n_ris': 128, 'seed': 0, 'status': 'completed'}\n"}
,{"stream_name":"stdout","time":4945.853881349,"data":"$ /usr/bin/python3 scripts/run_train_v2.py --method td3 --config /kaggle/working/STAR_RIS_RSMA_TD3/configs/v3/constrained_action_n128.yaml --seed 2 --output /kaggle/working/thesis_td3_high_n/final_td3_v3/N128/seed_2/train\n"}
,{"stream_name":"stdout","time":4946.473818225,"data":"$ /usr/bin/python3 scripts/audit_pilot_output.py --root /kaggle/working/thesis_td3_high_n/final_td3_v3/N128/seed_1 --seed 1\n"}
,{"stream_name":"stdout","time":4947.036865715,"data":"{\n"}
,{"stream_name":"stdout","time":4947.036900794,"data":"  \"mean_all_qos\": 0.998,\n"}
,{"stream_name":"stdout","time":4947.03690591,"data":"  \"mean_qos_fraction\": 0.99875,\n"}
,{"stream_name":"stdout","time":4947.036909897,"data":"  \"mean_sum_rate\": 12.22807608175219,\n"}
,{"stream_name":"stdout","time":4947.036913712,"data":"  \"mean_violation\": 0.002193810839365716,\n"}
,{"stream_name":"stdout","time":4947.03691735,"data":"  \"rows\": 1000,\n"}
,{"stream_name":"stdout","time":4947.036921013,"data":"  \"scenarios\": 1000,\n"}
,{"stream_name":"stdout","time":4947.03692449,"data":"  \"seed\": 1\n"}
,{"stream_name":"stdout","time":4947.036928028,"data":"}\n"}
,{"stream_name":"stdout","time":4947.036931532,"data":"Finished: {'n_ris': 128, 'seed': 1, 'status': 'completed'}\n"}
,{"stream_name":"stdout","time":4947.036935133,"data":"$ /usr/bin/python3 scripts/run_train_v2.py --method td3 --config /kaggle/working/STAR_RIS_RSMA_TD3/configs/v3/constrained_action_n128.yaml --seed 3 --output /kaggle/working/thesis_td3_high_n/final_td3_v3/N128/seed_3/train\n"}
,{"stream_name":"stdout","time":5959.535794963,"data":"$ /usr/bin/python3 scripts/run_evaluate.py --method td3 --config /kaggle/working/STAR_RIS_RSMA_TD3/configs/v3/constrained_action_n128.yaml --checkpoint /kaggle/working/thesis_td3_high_n/final_td3_v3/N128/seed_2/train/best.pt --bank /kaggle/working/STAR_RIS_RSMA_TD3/artifacts/scenario_banks/N128_test.npz --seed 2 --output /kaggle/working/thesis_td3_high_n/final_td3_v3/N128/seed_2/test.csv\n"}
,{"stream_name":"stdout","time":5959.535841405,"data":"$ /usr/bin/python3 scripts/run_evaluate.py --method td3 --config /kaggle/working/STAR_RIS_RSMA_TD3/configs/v3/constrained_action_n128.yaml --checkpoint /kaggle/working/thesis_td3_high_n/final_td3_v3/N128/seed_3/train/best.pt --bank /kaggle/working/STAR_RIS_RSMA_TD3/artifacts/scenario_banks/N128_test.npz --seed 3 --output /kaggle/working/thesis_td3_high_n/final_td3_v3/N128/seed_3/test.csv\n"}
,{"stream_name":"stdout","time":5965.674771326,"data":"$ /usr/bin/python3 scripts/audit_pilot_output.py --root /kaggle/working/thesis_td3_high_n/final_td3_v3/N128/seed_2 --seed 2\n"}
,{"stream_name":"stdout","time":5965.674823402,"data":"$ /usr/bin/python3 scripts/audit_pilot_output.py --root /kaggle/working/thesis_td3_high_n/final_td3_v3/N128/seed_3 --seed 3\n"}
,{"stream_name":"stdout","time":5966.245296365,"data":"{\n"}
,{"stream_name":"stdout","time":5966.24536707,"data":"  \"mean_all_qos\": 0.995,\n"}
,{"stream_name":"stdout","time":5966.245375522,"data":"  \"mean_qos_fraction\": 0.998,\n"}
,{"stream_name":"stdout","time":5966.245381356,"data":"  \"mean_sum_rate\": 12.30388544393742,\n"}
,{"stream_name":"stdout","time":5966.245387016,"data":"  \"mean_violation\": 0.0012607964062005706,\n"}
,{"stream_name":"stdout","time":5966.245392364,"data":"  \"rows\": 1000,\n"}
,{"stream_name":"stdout","time":5966.245397928,"data":"  \"scenarios\": 1000,\n"}
,{"stream_name":"stdout","time":5966.2454033,"data":"  \"seed\": 2\n"}
,{"stream_name":"stdout","time":5966.245408636,"data":"}\n"}
,{"stream_name":"stdout","time":5966.24570503,"data":"{\n"}
,{"stream_name":"stdout","time":5966.245710673,"data":"  \"mean_all_qos\": 0.997,\n"}
,{"stream_name":"stdout","time":5966.245716142,"data":"  \"mean_qos_fraction\": 0.998,\n"}
,{"stream_name":"stdout","time":5966.245721497,"data":"  \"mean_sum_rate\": 12.369860943698102,\n"}
,{"stream_name":"stdout","time":5966.245727198,"data":"  \"mean_violation\": 0.0024973612191895225,\n"}
,{"stream_name":"stdout","time":5966.245732846,"data":"  \"rows\": 1000,\n"}
,{"stream_name":"stdout","time":5966.245748742,"data":"  \"scenarios\": 1000,\n"}
,{"stream_name":"stdout","time":5966.245753232,"data":"  \"seed\": 3\n"}
,{"stream_name":"stdout","time":5966.245757434,"data":"}\n"}
,{"stream_name":"stdout","time":5966.24576151,"data":"Finished: {'n_ris': 128, 'seed': 2, 'status': 'completed'}\n"}
,{"stream_name":"stdout","time":5966.245766043,"data":"$ /usr/bin/python3 scripts/run_train_v2.py --method td3 --config /kaggle/working/STAR_RIS_RSMA_TD3/configs/v3/constrained_action_n128.yaml --seed 4 --output /kaggle/working/thesis_td3_high_n/final_td3_v3/N128/seed_4/train\n"}
,{"stream_name":"stdout","time":5966.245780154,"data":"Finished: {'n_ris': 128, 'seed': 3, 'status': 'completed'}\n"}
,{"stream_name":"stdout","time":5966.245784826,"data":"$ /usr/bin/python3 scripts/run_train_v2.py --method td3 --config /kaggle/working/STAR_RIS_RSMA_TD3/configs/v3/constrained_action_n128.yaml --seed 5 --output /kaggle/working/thesis_td3_high_n/final_td3_v3/N128/seed_5/train\n"}
,{"stream_name":"stdout","time":6975.848962072,"data":"$ /usr/bin/python3 scripts/run_evaluate.py --method td3 --config /kaggle/working/STAR_RIS_RSMA_TD3/configs/v3/constrained_action_n128.yaml --checkpoint /kaggle/working/thesis_td3_high_n/final_td3_v3/N128/seed_5/train/best.pt --bank /kaggle/working/STAR_RIS_RSMA_TD3/artifacts/scenario_banks/N128_test.npz --seed 5 --output /kaggle/working/thesis_td3_high_n/final_td3_v3/N128/seed_5/test.csv\n"}
,{"stream_name":"stdout","time":6976.174332292,"data":"$ /usr/bin/python3 scripts/run_evaluate.py --method td3 --config /kaggle/working/STAR_RIS_RSMA_TD3/configs/v3/constrained_action_n128.yaml --checkpoint /kaggle/working/thesis_td3_high_n/final_td3_v3/N128/seed_4/train/best.pt --bank /kaggle/working/STAR_RIS_RSMA_TD3/artifacts/scenario_banks/N128_test.npz --seed 4 --output /kaggle/working/thesis_td3_high_n/final_td3_v3/N128/seed_4/test.csv\n"}
,{"stream_name":"stdout","time":6981.693248639,"data":"$ /usr/bin/python3 scripts/audit_pilot_output.py --root /kaggle/working/thesis_td3_high_n/final_td3_v3/N128/seed_5 --seed 5\n"}
,{"stream_name":"stdout","time":6981.928963673,"data":"$ /usr/bin/python3 scripts/audit_pilot_output.py --root /kaggle/working/thesis_td3_high_n/final_td3_v3/N128/seed_4 --seed 4\n"}
,{"stream_name":"stdout","time":6982.256875409,"data":"{\n"}
,{"stream_name":"stdout","time":6982.256907072,"data":"  \"mean_all_qos\": 1.0,\n"}
,{"stream_name":"stdout","time":6982.256914042,"data":"  \"mean_qos_fraction\": 1.0,\n"}
,{"stream_name":"stdout","time":6982.256919165,"data":"  \"mean_sum_rate\": 12.53949243977501,\n"}
,{"stream_name":"stdout","time":6982.256924246,"data":"  \"mean_violation\": 0.0,\n"}
,{"stream_name":"stdout","time":6982.256929077,"data":"  \"rows\": 1000,\n"}
,{"stream_name":"stdout","time":6982.256933936,"data":"  \"scenarios\": 1000,\n"}
,{"stream_name":"stdout","time":6982.256939357,"data":"  \"seed\": 5\n"}
,{"stream_name":"stdout","time":6982.256944313,"data":"}\n"}
,{"stream_name":"stdout","time":6982.256949839,"data":"Finished: {'n_ris': 128, 'seed': 5, 'status': 'completed'}\n"}
,{"stream_name":"stdout","time":6982.256955091,"data":"$ /usr/bin/python3 scripts/run_train_v2.py --method td3 --config /kaggle/working/STAR_RIS_RSMA_TD3/configs/v3/constrained_action_n128.yaml --seed 6 --output /kaggle/working/thesis_td3_high_n/final_td3_v3/N128/seed_6/train\n"}
,{"stream_name":"stdout","time":6982.465590271,"data":"{\n"}
,{"stream_name":"stdout","time":6982.465644962,"data":"  \"mean_all_qos\": 0.997,\n"}
,{"stream_name":"stdout","time":6982.465651299,"data":"  \"mean_qos_fraction\": 0.998,\n"}
,{"stream_name":"stdout","time":6982.465656442,"data":"  \"mean_sum_rate\": 12.743831904880883,\n"}
,{"stream_name":"stdout","time":6982.465661529,"data":"  \"mean_violation\": 0.0020790131262651335,\n"}
,{"stream_name":"stdout","time":6982.465698277,"data":"  \"rows\": 1000,\n"}
,{"stream_name":"stdout","time":6982.465702854,"data":"  \"scenarios\": 1000,\n"}
,{"stream_name":"stdout","time":6982.465709077,"data":"  \"seed\": 4\n"}
,{"stream_name":"stdout","time":6982.465712681,"data":"}\n"}
,{"stream_name":"stdout","time":6982.465716157,"data":"Finished: {'n_ris': 128, 'seed': 4, 'status': 'completed'}\n"}
,{"stream_name":"stdout","time":6982.465719923,"data":"$ /usr/bin/python3 scripts/run_train_v2.py --method td3 --config /kaggle/working/STAR_RIS_RSMA_TD3/configs/v3/constrained_action_n128.yaml --seed 7 --output /kaggle/working/thesis_td3_high_n/final_td3_v3/N128/seed_7/train\n"}
,{"stream_name":"stdout","time":7959.072105801,"data":"$ /usr/bin/python3 scripts/run_evaluate.py --method td3 --config /kaggle/working/STAR_RIS_RSMA_TD3/configs/v3/constrained_action_n128.yaml --checkpoint /kaggle/working/thesis_td3_high_n/final_td3_v3/N128/seed_6/train/best.pt --bank /kaggle/working/STAR_RIS_RSMA_TD3/artifacts/scenario_banks/N128_test.npz --seed 6 --output /kaggle/working/thesis_td3_high_n/final_td3_v3/N128/seed_6/test.csv\n"}
,{"stream_name":"stdout","time":7960.752149159,"data":"$ /usr/bin/python3 scripts/run_evaluate.py --method td3 --config /kaggle/working/STAR_RIS_RSMA_TD3/configs/v3/constrained_action_n128.yaml --checkpoint /kaggle/working/thesis_td3_high_n/final_td3_v3/N128/seed_7/train/best.pt --bank /kaggle/working/STAR_RIS_RSMA_TD3/artifacts/scenario_banks/N128_test.npz --seed 7 --output /kaggle/working/thesis_td3_high_n/final_td3_v3/N128/seed_7/test.csv\n"}
,{"stream_name":"stdout","time":7964.585832493,"data":"$ /usr/bin/python3 scripts/audit_pilot_output.py --root /kaggle/working/thesis_td3_high_n/final_td3_v3/N128/seed_6 --seed 6\n"}
,{"stream_name":"stdout","time":7965.118045225,"data":"{\n"}
,{"stream_name":"stdout","time":7965.118116305,"data":"  \"mean_all_qos\": 1.0,\n"}
,{"stream_name":"stdout","time":7965.118123653,"data":"  \"mean_qos_fraction\": 1.0,\n"}
,{"stream_name":"stdout","time":7965.118128544,"data":"  \"mean_sum_rate\": 12.361937742249646,\n"}
,{"stream_name":"stdout","time":7965.118136052,"data":"  \"mean_violation\": 0.0,\n"}
,{"stream_name":"stdout","time":7965.118140642,"data":"  \"rows\": 1000,\n"}
,{"stream_name":"stdout","time":7965.118148022,"data":"  \"scenarios\": 1000,\n"}
,{"stream_name":"stdout","time":7965.118151243,"data":"  \"seed\": 6\n"}
,{"stream_name":"stdout","time":7965.118154414,"data":"}\n"}
,{"stream_name":"stdout","time":7965.118168176,"data":"Finished: {'n_ris': 128, 'seed': 6, 'status': 'completed'}\n"}
,{"stream_name":"stdout","time":7966.208426616,"data":"$ /usr/bin/python3 scripts/audit_pilot_output.py --root /kaggle/working/thesis_td3_high_n/final_td3_v3/N128/seed_7 --seed 7\n"}
,{"stream_name":"stdout","time":7966.605996028,"data":"{\n"}
,{"stream_name":"stdout","time":7966.606040729,"data":"  \"mean_all_qos\": 1.0,\n"}
,{"stream_name":"stdout","time":7966.606049455,"data":"  \"mean_qos_fraction\": 1.0,\n"}
,{"stream_name":"stdout","time":7966.606055923,"data":"  \"mean_sum_rate\": 12.450269877463944,\n"}
,{"stream_name":"stdout","time":7966.606062392,"data":"  \"mean_violation\": 0.0,\n"}
,{"stream_name":"stdout","time":7966.606067477,"data":"  \"rows\": 1000,\n"}
,{"stream_name":"stdout","time":7966.606072756,"data":"  \"scenarios\": 1000,\n"}
,{"stream_name":"stdout","time":7966.606078,"data":"  \"seed\": 7\n"}
,{"stream_name":"stdout","time":7966.606083064,"data":"}\n"}
,{"stream_name":"stdout","time":7966.606087701,"data":"Finished: {'n_ris': 128, 'seed': 7, 'status': 'completed'}\n"}
,{"stream_name":"stdout","time":7971.898085323,"data":"Stage output: /kaggle/working/thesis_td3_high_n\n"}
,{"stream_name":"stdout","time":7971.898139503,"data":"Files: 176\n"}
,{"stream_name":"stderr","time":7974.894299926,"data":"/usr/local/lib/python3.12/dist-packages/mistune.py:435: SyntaxWarning: invalid escape sequence '\\|'\n"}
,{"stream_name":"stderr","time":7974.89434152,"data":"  cells[i][c] = re.sub('\\\\\\\\\\|', '|', cell)\n"}
,{"stream_name":"stderr","time":7975.060206501,"data":"/usr/local/lib/python3.12/dist-packages/nbconvert/filters/filter_links.py:36: SyntaxWarning: invalid escape sequence '\\_'\n"}
,{"stream_name":"stderr","time":7975.060246489,"data":"  text = re.sub(r'_', '\\_', text) # Escape underscores in display text\n"}
,{"stream_name":"stderr","time":7975.680722909,"data":"[NbConvertApp] Converting notebook __notebook__.ipynb to notebook\n"}
,{"stream_name":"stderr","time":7975.990269549,"data":"[NbConvertApp] Writing 51867 bytes to __notebook__.ipynb\n"}
,{"stream_name":"stderr","time":7978.306342497,"data":"[NbConvertApp] Converting notebook __notebook__.ipynb to html\n"}
,{"stream_name":"stderr","time":7979.17827239,"data":"[NbConvertApp] Writing 367435 bytes to __results__.html\n"}
]