Submit DDPG high-n stage	UNKNOWN STEP	﻿2026-07-28T15:15:30.3854077Z Current runner version: '2.336.0'
Submit DDPG high-n stage	UNKNOWN STEP	2026-07-28T15:15:30.3879864Z ##[group]Runner Image Provisioner
Submit DDPG high-n stage	UNKNOWN STEP	2026-07-28T15:15:30.3881033Z Hosted Compute Agent
Submit DDPG high-n stage	UNKNOWN STEP	2026-07-28T15:15:30.3881644Z Version: 20260707.563
Submit DDPG high-n stage	UNKNOWN STEP	2026-07-28T15:15:30.3882706Z Commit: 02667638d2b423fbc733a8e32a88b44996a3ba6e
Submit DDPG high-n stage	UNKNOWN STEP	2026-07-28T15:15:30.3883451Z Build Date: 2026-07-07T19:33:50Z
Submit DDPG high-n stage	UNKNOWN STEP	2026-07-28T15:15:30.3884545Z Worker ID: {be0d07cf-f9bf-466e-86cf-8b70de5172de}
Submit DDPG high-n stage	UNKNOWN STEP	2026-07-28T15:15:30.3885369Z Azure Region: eastus
Submit DDPG high-n stage	UNKNOWN STEP	2026-07-28T15:15:30.3885947Z ##[endgroup]
Submit DDPG high-n stage	UNKNOWN STEP	2026-07-28T15:15:30.3887531Z ##[group]Operating System
Submit DDPG high-n stage	UNKNOWN STEP	2026-07-28T15:15:30.3888265Z Ubuntu
Submit DDPG high-n stage	UNKNOWN STEP	2026-07-28T15:15:30.3888829Z 24.04.4
Submit DDPG high-n stage	UNKNOWN STEP	2026-07-28T15:15:30.3889370Z LTS
Submit DDPG high-n stage	UNKNOWN STEP	2026-07-28T15:15:30.3889925Z ##[endgroup]
Submit DDPG high-n stage	UNKNOWN STEP	2026-07-28T15:15:30.3890473Z ##[group]Runner Image
Submit DDPG high-n stage	UNKNOWN STEP	2026-07-28T15:15:30.3891514Z Image: ubuntu-24.04
Submit DDPG high-n stage	UNKNOWN STEP	2026-07-28T15:15:30.3892356Z Version: 20260720.247.2
Submit DDPG high-n stage	UNKNOWN STEP	2026-07-28T15:15:30.3893700Z Included Software: https://github.com/actions/runner-images/blob/ubuntu24/20260720.247/images/ubuntu/Ubuntu2404-Readme.md
Submit DDPG high-n stage	UNKNOWN STEP	2026-07-28T15:15:30.3895214Z Image Release: https://github.com/actions/runner-images/releases/tag/ubuntu24%2F20260720.247
Submit DDPG high-n stage	UNKNOWN STEP	2026-07-28T15:15:30.3896252Z ##[endgroup]
Submit DDPG high-n stage	UNKNOWN STEP	2026-07-28T15:15:30.3897379Z ##[group]GITHUB_TOKEN Permissions
Submit DDPG high-n stage	UNKNOWN STEP	2026-07-28T15:15:30.3899594Z Contents: read
Submit DDPG high-n stage	UNKNOWN STEP	2026-07-28T15:15:30.3900206Z Metadata: read
Submit DDPG high-n stage	UNKNOWN STEP	2026-07-28T15:15:30.3900831Z ##[endgroup]
Submit DDPG high-n stage	UNKNOWN STEP	2026-07-28T15:15:30.3903397Z Secret source: Actions
Submit DDPG high-n stage	UNKNOWN STEP	2026-07-28T15:15:30.3904911Z Prepare workflow directory
Submit DDPG high-n stage	UNKNOWN STEP	2026-07-28T15:15:30.4429260Z Prepare all required actions
Submit DDPG high-n stage	UNKNOWN STEP	2026-07-28T15:15:30.4478614Z Getting action download info
Submit DDPG high-n stage	UNKNOWN STEP	2026-07-28T15:15:30.6682236Z Download action repository 'actions/checkout@v4' (SHA:11d5960a326750d5838078e36cf38b85af677262)
Submit DDPG high-n stage	UNKNOWN STEP	2026-07-28T15:15:30.9769716Z Download action repository 'actions/setup-python@v5' (SHA:a26af69be951a213d495a4c3e4e4022e16d87065)
Submit DDPG high-n stage	UNKNOWN STEP	2026-07-28T15:15:31.1518041Z Complete job name: Submit DDPG high-n stage
Submit DDPG high-n stage	UNKNOWN STEP	2026-07-28T15:15:31.2356425Z Node 20 is being deprecated. This workflow is running with Node 24 by default. If you need to temporarily use Node 20, you can set the ACTIONS_ALLOW_USE_UNSECURE_NODE_VERSION=true environment variable. For more information see: https://github.blog/changelog/2025-09-19-deprecation-of-node-20-on-github-actions-runners/
Submit DDPG high-n stage	UNKNOWN STEP	2026-07-28T15:15:31.2366186Z ##[group]Run actions/checkout@v4
Submit DDPG high-n stage	UNKNOWN STEP	2026-07-28T15:15:31.2366982Z with:
Submit DDPG high-n stage	UNKNOWN STEP	2026-07-28T15:15:31.2367477Z   repository: Juliolayme/STAR_RIS_RSMA_TD3
Submit DDPG high-n stage	UNKNOWN STEP	2026-07-28T15:15:31.2371566Z   token: ***
Submit DDPG high-n stage	UNKNOWN STEP	2026-07-28T15:15:31.2372251Z   ssh-strict: true
Submit DDPG high-n stage	UNKNOWN STEP	2026-07-28T15:15:31.2372767Z   ssh-user: git
Submit DDPG high-n stage	UNKNOWN STEP	2026-07-28T15:15:31.2373258Z   persist-credentials: true
Submit DDPG high-n stage	UNKNOWN STEP	2026-07-28T15:15:31.2373781Z   clean: true
Submit DDPG high-n stage	UNKNOWN STEP	2026-07-28T15:15:31.2374261Z   sparse-checkout-cone-mode: true
Submit DDPG high-n stage	UNKNOWN STEP	2026-07-28T15:15:31.2374847Z   fetch-depth: 1
Submit DDPG high-n stage	UNKNOWN STEP	2026-07-28T15:15:31.2375372Z   fetch-tags: false
Submit DDPG high-n stage	UNKNOWN STEP	2026-07-28T15:15:31.2375909Z   show-progress: true
Submit DDPG high-n stage	UNKNOWN STEP	2026-07-28T15:15:31.2376389Z   lfs: false
Submit DDPG high-n stage	UNKNOWN STEP	2026-07-28T15:15:31.2376914Z   submodules: false
Submit DDPG high-n stage	UNKNOWN STEP	2026-07-28T15:15:31.2377436Z   set-safe-directory: true
Submit DDPG high-n stage	UNKNOWN STEP	2026-07-28T15:15:31.2377992Z   allow-unsafe-pr-checkout: false
Submit DDPG high-n stage	UNKNOWN STEP	2026-07-28T15:15:31.2378801Z env:
Submit DDPG high-n stage	UNKNOWN STEP	2026-07-28T15:15:31.2379264Z   KAGGLE_USERNAME: ronganminh
Submit DDPG high-n stage	UNKNOWN STEP	2026-07-28T15:15:31.2379882Z   KAGGLE_KEY: ***
Submit DDPG high-n stage	UNKNOWN STEP	2026-07-28T15:15:31.2380341Z   METHOD: ddpg
Submit DDPG high-n stage	UNKNOWN STEP	2026-07-28T15:15:31.2380785Z   N_VALUES: 96 128
Submit DDPG high-n stage	UNKNOWN STEP	2026-07-28T15:15:31.2381311Z   KERNEL_SLUG: star-ris-ddpg-sixmethod-high-n-v1
Submit DDPG high-n stage	UNKNOWN STEP	2026-07-28T15:15:31.2382197Z   REPO_COMMIT: 99318fefa53bef91fa5f105ec71ddae73fc96c39
Submit DDPG high-n stage	UNKNOWN STEP	2026-07-28T15:15:31.2382833Z ##[endgroup]
Submit DDPG high-n stage	UNKNOWN STEP	2026-07-28T15:15:31.3409847Z Syncing repository: Juliolayme/STAR_RIS_RSMA_TD3
Submit DDPG high-n stage	UNKNOWN STEP	2026-07-28T15:15:31.3412991Z ##[group]Getting Git version info
Submit DDPG high-n stage	UNKNOWN STEP	2026-07-28T15:15:31.3414385Z Working directory is '/home/runner/work/STAR_RIS_RSMA_TD3/STAR_RIS_RSMA_TD3'
Submit DDPG high-n stage	UNKNOWN STEP	2026-07-28T15:15:31.3416284Z [command]/usr/bin/git version
Submit DDPG high-n stage	UNKNOWN STEP	2026-07-28T15:15:31.3453078Z git version 2.54.0
Submit DDPG high-n stage	UNKNOWN STEP	2026-07-28T15:15:31.3477383Z ##[endgroup]
Submit DDPG high-n stage	UNKNOWN STEP	2026-07-28T15:15:31.3505012Z Temporarily overriding HOME='/home/runner/work/_temp/da3b1c16-18de-40d1-b13e-5a3b93f456bc' before making global git config changes
Submit DDPG high-n stage	UNKNOWN STEP	2026-07-28T15:15:31.3508116Z Adding repository directory to the temporary git global config as a safe directory
Submit DDPG high-n stage	UNKNOWN STEP	2026-07-28T15:15:31.3513697Z [command]/usr/bin/git config --global --add safe.directory /home/runner/work/STAR_RIS_RSMA_TD3/STAR_RIS_RSMA_TD3
Submit DDPG high-n stage	UNKNOWN STEP	2026-07-28T15:15:31.3582932Z Deleting the contents of '/home/runner/work/STAR_RIS_RSMA_TD3/STAR_RIS_RSMA_TD3'
Submit DDPG high-n stage	UNKNOWN STEP	2026-07-28T15:15:31.3588284Z ##[group]Initializing the repository
Submit DDPG high-n stage	UNKNOWN STEP	2026-07-28T15:15:31.3592635Z [command]/usr/bin/git init /home/runner/work/STAR_RIS_RSMA_TD3/STAR_RIS_RSMA_TD3
Submit DDPG high-n stage	UNKNOWN STEP	2026-07-28T15:15:31.3694703Z hint: Using 'master' as the name for the initial branch. This default branch name
Submit DDPG high-n stage	UNKNOWN STEP	2026-07-28T15:15:31.3696720Z hint: will change to "main" in Git 3.0. To configure the initial branch name
Submit DDPG high-n stage	UNKNOWN STEP	2026-07-28T15:15:31.3698732Z hint: to use in all of your new repositories, which will suppress this warning,
Submit DDPG high-n stage	UNKNOWN STEP	2026-07-28T15:15:31.3700688Z hint: call:
Submit DDPG high-n stage	UNKNOWN STEP	2026-07-28T15:15:31.3702011Z hint:
Submit DDPG high-n stage	UNKNOWN STEP	2026-07-28T15:15:31.3703585Z hint: 	git config --global init.defaultBranch <name>
Submit DDPG high-n stage	UNKNOWN STEP	2026-07-28T15:15:31.3704837Z hint:
Submit DDPG high-n stage	UNKNOWN STEP	2026-07-28T15:15:31.3705957Z hint: Names commonly chosen instead of 'master' are 'main', 'trunk' and
Submit DDPG high-n stage	UNKNOWN STEP	2026-07-28T15:15:31.3707738Z hint: 'development'. The just-created branch can be renamed via this command:
Submit DDPG high-n stage	UNKNOWN STEP	2026-07-28T15:15:31.3709116Z hint:
Submit DDPG high-n stage	UNKNOWN STEP	2026-07-28T15:15:31.3709872Z hint: 	git branch -m <name>
Submit DDPG high-n stage	UNKNOWN STEP	2026-07-28T15:15:31.3710750Z hint:
Submit DDPG high-n stage	UNKNOWN STEP	2026-07-28T15:15:31.3712151Z hint: Disable this message with "git config set advice.defaultBranchName false"
Submit DDPG high-n stage	UNKNOWN STEP	2026-07-28T15:15:31.3713957Z Initialized empty Git repository in /home/runner/work/STAR_RIS_RSMA_TD3/STAR_RIS_RSMA_TD3/.git/
Submit DDPG high-n stage	UNKNOWN STEP	2026-07-28T15:15:31.3716538Z [command]/usr/bin/git remote add origin https://github.com/Juliolayme/STAR_RIS_RSMA_TD3
Submit DDPG high-n stage	UNKNOWN STEP	2026-07-28T15:15:31.3795452Z ##[endgroup]
Submit DDPG high-n stage	UNKNOWN STEP	2026-07-28T15:15:31.3796780Z ##[group]Disabling automatic garbage collection
Submit DDPG high-n stage	UNKNOWN STEP	2026-07-28T15:15:31.3800673Z [command]/usr/bin/git config --local gc.auto 0
Submit DDPG high-n stage	UNKNOWN STEP	2026-07-28T15:15:31.3836246Z ##[endgroup]
Submit DDPG high-n stage	UNKNOWN STEP	2026-07-28T15:15:31.3837849Z ##[group]Setting up auth
Submit DDPG high-n stage	UNKNOWN STEP	2026-07-28T15:15:31.3846865Z [command]/usr/bin/git config --local --name-only --get-regexp core\.sshCommand
Submit DDPG high-n stage	UNKNOWN STEP	2026-07-28T15:15:31.3888158Z [command]/usr/bin/git submodule foreach --recursive sh -c "git config --local --name-only --get-regexp 'core\.sshCommand' && git config --local --unset-all 'core.sshCommand' || :"
Submit DDPG high-n stage	UNKNOWN STEP	2026-07-28T15:15:31.4249062Z [command]/usr/bin/git config --local --name-only --get-regexp http\.https\:\/\/github\.com\/\.extraheader
Submit DDPG high-n stage	UNKNOWN STEP	2026-07-28T15:15:31.4290102Z [command]/usr/bin/git submodule foreach --recursive sh -c "git config --local --name-only --get-regexp 'http\.https\:\/\/github\.com\/\.extraheader' && git config --local --unset-all 'http.https://github.com/.extraheader' || :"
Submit DDPG high-n stage	UNKNOWN STEP	2026-07-28T15:15:31.4538555Z [command]/usr/bin/git config --local --name-only --get-regexp ^includeIf\.gitdir:
Submit DDPG high-n stage	UNKNOWN STEP	2026-07-28T15:15:31.4576103Z [command]/usr/bin/git submodule foreach --recursive git config --local --show-origin --name-only --get-regexp remote.origin.url
Submit DDPG high-n stage	UNKNOWN STEP	2026-07-28T15:15:31.4841573Z [command]/usr/bin/git config --local http.https://github.com/.extraheader AUTHORIZATION: basic ***
Submit DDPG high-n stage	UNKNOWN STEP	2026-07-28T15:15:31.4893439Z ##[endgroup]
Submit DDPG high-n stage	UNKNOWN STEP	2026-07-28T15:15:31.4895483Z ##[group]Fetching the repository
Submit DDPG high-n stage	UNKNOWN STEP	2026-07-28T15:15:31.4907144Z [command]/usr/bin/git -c protocol.version=2 fetch --no-tags --prune --no-recurse-submodules --depth=1 origin +99318fefa53bef91fa5f105ec71ddae73fc96c39:refs/remotes/origin/experiments/drl-six-method-v1
Submit DDPG high-n stage	UNKNOWN STEP	2026-07-28T15:15:34.0062905Z From https://github.com/Juliolayme/STAR_RIS_RSMA_TD3
Submit DDPG high-n stage	UNKNOWN STEP	2026-07-28T15:15:34.0065740Z  * [new ref]         99318fefa53bef91fa5f105ec71ddae73fc96c39 -> origin/experiments/drl-six-method-v1
Submit DDPG high-n stage	UNKNOWN STEP	2026-07-28T15:15:34.0112401Z ##[endgroup]
Submit DDPG high-n stage	UNKNOWN STEP	2026-07-28T15:15:34.0114376Z ##[group]Determining the checkout info
Submit DDPG high-n stage	UNKNOWN STEP	2026-07-28T15:15:34.0124976Z ##[endgroup]
Submit DDPG high-n stage	UNKNOWN STEP	2026-07-28T15:15:34.0126314Z [command]/usr/bin/git sparse-checkout disable
Submit DDPG high-n stage	UNKNOWN STEP	2026-07-28T15:15:34.0170860Z [command]/usr/bin/git config --local --unset-all extensions.worktreeConfig
Submit DDPG high-n stage	UNKNOWN STEP	2026-07-28T15:15:34.0209574Z ##[group]Checking out the ref
Submit DDPG high-n stage	UNKNOWN STEP	2026-07-28T15:15:34.0216178Z [command]/usr/bin/git checkout --progress --force -B experiments/drl-six-method-v1 refs/remotes/origin/experiments/drl-six-method-v1
Submit DDPG high-n stage	UNKNOWN STEP	2026-07-28T15:15:34.5681079Z Switched to a new branch 'experiments/drl-six-method-v1'
Submit DDPG high-n stage	UNKNOWN STEP	2026-07-28T15:15:34.5694959Z branch 'experiments/drl-six-method-v1' set up to track 'origin/experiments/drl-six-method-v1'.
Submit DDPG high-n stage	UNKNOWN STEP	2026-07-28T15:15:34.5733623Z ##[endgroup]
Submit DDPG high-n stage	UNKNOWN STEP	2026-07-28T15:15:34.5799060Z [command]/usr/bin/git log -1 --format=%H
Submit DDPG high-n stage	UNKNOWN STEP	2026-07-28T15:15:34.5835426Z 99318fefa53bef91fa5f105ec71ddae73fc96c39
Submit DDPG high-n stage	UNKNOWN STEP	2026-07-28T15:15:34.6253624Z Node 20 is being deprecated. This workflow is running with Node 24 by default. If you need to temporarily use Node 20, you can set the ACTIONS_ALLOW_USE_UNSECURE_NODE_VERSION=true environment variable. For more information see: https://github.blog/changelog/2025-09-19-deprecation-of-node-20-on-github-actions-runners/
Submit DDPG high-n stage	UNKNOWN STEP	2026-07-28T15:15:34.6259826Z ##[group]Run actions/setup-python@v5
Submit DDPG high-n stage	UNKNOWN STEP	2026-07-28T15:15:34.6261142Z with:
Submit DDPG high-n stage	UNKNOWN STEP	2026-07-28T15:15:34.6262250Z   python-version: 3.11
Submit DDPG high-n stage	UNKNOWN STEP	2026-07-28T15:15:34.6263379Z   check-latest: false
Submit DDPG high-n stage	UNKNOWN STEP	2026-07-28T15:15:34.6274591Z   token: ***
Submit DDPG high-n stage	UNKNOWN STEP	2026-07-28T15:15:34.6275617Z   update-environment: true
Submit DDPG high-n stage	UNKNOWN STEP	2026-07-28T15:15:34.6276815Z   allow-prereleases: false
Submit DDPG high-n stage	UNKNOWN STEP	2026-07-28T15:15:34.6277977Z   freethreaded: false
Submit DDPG high-n stage	UNKNOWN STEP	2026-07-28T15:15:34.6279011Z env:
Submit DDPG high-n stage	UNKNOWN STEP	2026-07-28T15:15:34.6279942Z   KAGGLE_USERNAME: ronganminh
Submit DDPG high-n stage	UNKNOWN STEP	2026-07-28T15:15:34.6281239Z   KAGGLE_KEY: ***
Submit DDPG high-n stage	UNKNOWN STEP	2026-07-28T15:15:34.6282334Z   METHOD: ddpg
Submit DDPG high-n stage	UNKNOWN STEP	2026-07-28T15:15:34.6283243Z   N_VALUES: 96 128
Submit DDPG high-n stage	UNKNOWN STEP	2026-07-28T15:15:34.6284398Z   KERNEL_SLUG: star-ris-ddpg-sixmethod-high-n-v1
Submit DDPG high-n stage	UNKNOWN STEP	2026-07-28T15:15:34.6286016Z   REPO_COMMIT: 99318fefa53bef91fa5f105ec71ddae73fc96c39
Submit DDPG high-n stage	UNKNOWN STEP	2026-07-28T15:15:34.6287467Z ##[endgroup]
Submit DDPG high-n stage	UNKNOWN STEP	2026-07-28T15:15:34.7632576Z ##[group]Installed versions
Submit DDPG high-n stage	UNKNOWN STEP	2026-07-28T15:15:34.7734917Z (node:2238) [DEP0040] DeprecationWarning: The `punycode` module is deprecated. Please use a userland alternative instead.
Submit DDPG high-n stage	UNKNOWN STEP	2026-07-28T15:15:34.7738730Z Successfully set up CPython (3.11.15)
Submit DDPG high-n stage	UNKNOWN STEP	2026-07-28T15:15:34.7742077Z (Use `node --trace-deprecation ...` to show where the warning was created)
Submit DDPG high-n stage	UNKNOWN STEP	2026-07-28T15:15:34.7745640Z ##[endgroup]
Submit DDPG high-n stage	UNKNOWN STEP	2026-07-28T15:15:34.8043429Z ##[group]Run python -m pip install "kaggle>=1.8.4,<3"
Submit DDPG high-n stage	UNKNOWN STEP	2026-07-28T15:15:34.8045958Z ^[[36;1mpython -m pip install "kaggle>=1.8.4,<3"^[[0m
Submit DDPG high-n stage	UNKNOWN STEP	2026-07-28T15:15:34.8127763Z shell: /usr/bin/bash -e {0}
Submit DDPG high-n stage	UNKNOWN STEP	2026-07-28T15:15:34.8128903Z env:
Submit DDPG high-n stage	UNKNOWN STEP	2026-07-28T15:15:34.8129788Z   KAGGLE_USERNAME: ronganminh
Submit DDPG high-n stage	UNKNOWN STEP	2026-07-28T15:15:34.8131258Z   KAGGLE_KEY: ***
Submit DDPG high-n stage	UNKNOWN STEP	2026-07-28T15:15:34.8132531Z   METHOD: ddpg
Submit DDPG high-n stage	UNKNOWN STEP	2026-07-28T15:15:34.8133432Z   N_VALUES: 96 128
Submit DDPG high-n stage	UNKNOWN STEP	2026-07-28T15:15:34.8134518Z   KERNEL_SLUG: star-ris-ddpg-sixmethod-high-n-v1
Submit DDPG high-n stage	UNKNOWN STEP	2026-07-28T15:15:34.8136036Z   REPO_COMMIT: 99318fefa53bef91fa5f105ec71ddae73fc96c39
Submit DDPG high-n stage	UNKNOWN STEP	2026-07-28T15:15:34.8137627Z   pythonLocation: /opt/hostedtoolcache/Python/3.11.15/x64
Submit DDPG high-n stage	UNKNOWN STEP	2026-07-28T15:15:34.8139460Z   PKG_CONFIG_PATH: /opt/hostedtoolcache/Python/3.11.15/x64/lib/pkgconfig
Submit DDPG high-n stage	UNKNOWN STEP	2026-07-28T15:15:34.8141272Z   Python_ROOT_DIR: /opt/hostedtoolcache/Python/3.11.15/x64
Submit DDPG high-n stage	UNKNOWN STEP	2026-07-28T15:15:34.8143160Z   Python2_ROOT_DIR: /opt/hostedtoolcache/Python/3.11.15/x64
Submit DDPG high-n stage	UNKNOWN STEP	2026-07-28T15:15:34.8144911Z   Python3_ROOT_DIR: /opt/hostedtoolcache/Python/3.11.15/x64
Submit DDPG high-n stage	UNKNOWN STEP	2026-07-28T15:15:34.8146577Z   LD_LIBRARY_PATH: /opt/hostedtoolcache/Python/3.11.15/x64/lib
Submit DDPG high-n stage	UNKNOWN STEP	2026-07-28T15:15:34.8148029Z ##[endgroup]
Submit DDPG high-n stage	UNKNOWN STEP	2026-07-28T15:15:35.5995124Z Collecting kaggle<3,>=1.8.4
Submit DDPG high-n stage	UNKNOWN STEP	2026-07-28T15:15:35.6565264Z   Downloading kaggle-2.2.4-py3-none-any.whl.metadata (17 kB)
Submit DDPG high-n stage	UNKNOWN STEP	2026-07-28T15:15:35.6808175Z Collecting bleach (from kaggle<3,>=1.8.4)
Submit DDPG high-n stage	UNKNOWN STEP	2026-07-28T15:15:35.6855594Z   Downloading bleach-6.4.0-py3-none-any.whl.metadata (32 kB)
Submit DDPG high-n stage	UNKNOWN STEP	2026-07-28T15:15:35.7143308Z Collecting jupytext (from kaggle<3,>=1.8.4)
Submit DDPG high-n stage	UNKNOWN STEP	2026-07-28T15:15:35.7208439Z   Downloading jupytext-1.19.5-py3-none-any.whl.metadata (15 kB)
Submit DDPG high-n stage	UNKNOWN STEP	2026-07-28T15:15:35.7395675Z Collecting kagglesdk<1.0,>=0.1.35 (from kaggle<3,>=1.8.4)
Submit DDPG high-n stage	UNKNOWN STEP	2026-07-28T15:15:35.7449612Z   Downloading kagglesdk-0.1.35-py3-none-any.whl.metadata (13 kB)
Submit DDPG high-n stage	UNKNOWN STEP	2026-07-28T15:15:35.7642838Z Collecting packaging (from kaggle<3,>=1.8.4)
Submit DDPG high-n stage	UNKNOWN STEP	2026-07-28T15:15:35.7691408Z   Downloading packaging-26.2-py3-none-any.whl.metadata (3.5 kB)
Submit DDPG high-n stage	UNKNOWN STEP	2026-07-28T15:15:35.9251295Z Collecting protobuf (from kaggle<3,>=1.8.4)
Submit DDPG high-n stage	UNKNOWN STEP	2026-07-28T15:15:35.9294033Z   Downloading protobuf-7.35.1-cp310-abi3-manylinux2014_x86_64.whl.metadata (595 bytes)
Submit DDPG high-n stage	UNKNOWN STEP	2026-07-28T15:15:36.0682789Z Collecting python-dateutil (from kaggle<3,>=1.8.4)
Submit DDPG high-n stage	UNKNOWN STEP	2026-07-28T15:15:36.0732646Z   Downloading python_dateutil-2.9.0.post0-py2.py3-none-any.whl.metadata (8.4 kB)
Submit DDPG high-n stage	UNKNOWN STEP	2026-07-28T15:15:36.1274315Z Collecting python-dotenv (from kaggle<3,>=1.8.4)
Submit DDPG high-n stage	UNKNOWN STEP	2026-07-28T15:15:36.1318218Z   Downloading python_dotenv-1.2.2-py3-none-any.whl.metadata (27 kB)
Submit DDPG high-n stage	UNKNOWN STEP	2026-07-28T15:15:36.1755007Z Collecting python-slugify (from kaggle<3,>=1.8.4)
Submit DDPG high-n stage	UNKNOWN STEP	2026-07-28T15:15:36.1808954Z   Downloading python_slugify-8.0.4-py2.py3-none-any.whl.metadata (8.5 kB)
Submit DDPG high-n stage	UNKNOWN STEP	2026-07-28T15:15:36.3291605Z Collecting requests (from kaggle<3,>=1.8.4)
Submit DDPG high-n stage	UNKNOWN STEP	2026-07-28T15:15:36.3337257Z   Downloading requests-2.34.2-py3-none-any.whl.metadata (4.8 kB)
Submit DDPG high-n stage	UNKNOWN STEP	2026-07-28T15:15:36.7295031Z Collecting tqdm (from kaggle<3,>=1.8.4)
Submit DDPG high-n stage	UNKNOWN STEP	2026-07-28T15:15:36.7350042Z   Downloading tqdm-4.70.0-py3-none-any.whl.metadata (57 kB)
Submit DDPG high-n stage	UNKNOWN STEP	2026-07-28T15:15:37.0293242Z Collecting urllib3>=1.15.1 (from kaggle<3,>=1.8.4)
Submit DDPG high-n stage	UNKNOWN STEP	2026-07-28T15:15:37.0330069Z   Downloading urllib3-2.7.0-py3-none-any.whl.metadata (6.9 kB)
Submit DDPG high-n stage	UNKNOWN STEP	2026-07-28T15:15:37.2679967Z Collecting webencodings (from bleach->kaggle<3,>=1.8.4)
Submit DDPG high-n stage	UNKNOWN STEP	2026-07-28T15:15:37.2727825Z   Downloading webencodings-0.5.1-py2.py3-none-any.whl.metadata (2.1 kB)
Submit DDPG high-n stage	UNKNOWN STEP	2026-07-28T15:15:37.2888698Z Collecting markdown-it-py>=1.0 (from jupytext->kaggle<3,>=1.8.4)
Submit DDPG high-n stage	UNKNOWN STEP	2026-07-28T15:15:37.2940899Z   Downloading markdown_it_py-4.2.0-py3-none-any.whl.metadata (7.4 kB)
Submit DDPG high-n stage	UNKNOWN STEP	2026-07-28T15:15:37.6627124Z Collecting mdit-py-plugins (from jupytext->kaggle<3,>=1.8.4)
Submit DDPG high-n stage	UNKNOWN STEP	2026-07-28T15:15:37.6669476Z   Downloading mdit_py_plugins-0.6.1-py3-none-any.whl.metadata (2.9 kB)
Submit DDPG high-n stage	UNKNOWN STEP	2026-07-28T15:15:37.6815225Z Collecting nbformat (from jupytext->kaggle<3,>=1.8.4)
Submit DDPG high-n stage	UNKNOWN STEP	2026-07-28T15:15:37.6854107Z   Downloading nbformat-5.10.4-py3-none-any.whl.metadata (3.6 kB)
Submit DDPG high-n stage	UNKNOWN STEP	2026-07-28T15:15:37.7192073Z Collecting pyyaml (from jupytext->kaggle<3,>=1.8.4)
Submit DDPG high-n stage	UNKNOWN STEP	2026-07-28T15:15:37.7237114Z   Downloading pyyaml-6.0.3-cp311-cp311-manylinux2014_x86_64.manylinux_2_17_x86_64.manylinux_2_28_x86_64.whl.metadata (2.4 kB)
Submit DDPG high-n stage	UNKNOWN STEP	2026-07-28T15:15:37.7347531Z Collecting mdurl~=0.1 (from markdown-it-py>=1.0->jupytext->kaggle<3,>=1.8.4)
Submit DDPG high-n stage	UNKNOWN STEP	2026-07-28T15:15:37.7390141Z   Downloading mdurl-0.1.2-py3-none-any.whl.metadata (1.6 kB)
Submit DDPG high-n stage	UNKNOWN STEP	2026-07-28T15:15:37.7553725Z Collecting fastjsonschema>=2.15 (from nbformat->jupytext->kaggle<3,>=1.8.4)
Submit DDPG high-n stage	UNKNOWN STEP	2026-07-28T15:15:37.7597353Z   Downloading fastjsonschema-2.22.1-py3-none-any.whl.metadata (2.1 kB)
Submit DDPG high-n stage	UNKNOWN STEP	2026-07-28T15:15:37.7798915Z Collecting jsonschema>=2.6 (from nbformat->jupytext->kaggle<3,>=1.8.4)
Submit DDPG high-n stage	UNKNOWN STEP	2026-07-28T15:15:37.7838120Z   Downloading jsonschema-4.26.0-py3-none-any.whl.metadata (7.6 kB)
Submit DDPG high-n stage	UNKNOWN STEP	2026-07-28T15:15:37.8018722Z Collecting jupyter-core!=5.0.*,>=4.12 (from nbformat->jupytext->kaggle<3,>=1.8.4)
Submit DDPG high-n stage	UNKNOWN STEP	2026-07-28T15:15:37.8064495Z   Downloading jupyter_core-5.9.1-py3-none-any.whl.metadata (1.5 kB)
Submit DDPG high-n stage	UNKNOWN STEP	2026-07-28T15:15:37.8214620Z Collecting traitlets>=5.1 (from nbformat->jupytext->kaggle<3,>=1.8.4)
Submit DDPG high-n stage	UNKNOWN STEP	2026-07-28T15:15:37.8261649Z   Downloading traitlets-5.15.1-py3-none-any.whl.metadata (10 kB)
Submit DDPG high-n stage	UNKNOWN STEP	2026-07-28T15:15:37.8407732Z Collecting attrs>=22.2.0 (from jsonschema>=2.6->nbformat->jupytext->kaggle<3,>=1.8.4)
Submit DDPG high-n stage	UNKNOWN STEP	2026-07-28T15:15:37.8448192Z   Downloading attrs-26.1.0-py3-none-any.whl.metadata (8.8 kB)
Submit DDPG high-n stage	UNKNOWN STEP	2026-07-28T15:15:37.8575192Z Collecting jsonschema-specifications>=2023.03.6 (from jsonschema>=2.6->nbformat->jupytext->kaggle<3,>=1.8.4)
Submit DDPG high-n stage	UNKNOWN STEP	2026-07-28T15:15:37.8618379Z   Downloading jsonschema_specifications-2025.9.1-py3-none-any.whl.metadata (2.9 kB)
Submit DDPG high-n stage	UNKNOWN STEP	2026-07-28T15:15:37.8817786Z Collecting referencing>=0.28.4 (from jsonschema>=2.6->nbformat->jupytext->kaggle<3,>=1.8.4)
Submit DDPG high-n stage	UNKNOWN STEP	2026-07-28T15:15:37.8861220Z   Downloading referencing-0.37.0-py3-none-any.whl.metadata (2.8 kB)
Submit DDPG high-n stage	UNKNOWN STEP	2026-07-28T15:15:38.1395164Z Collecting rpds-py>=0.25.0 (from jsonschema>=2.6->nbformat->jupytext->kaggle<3,>=1.8.4)
Submit DDPG high-n stage	UNKNOWN STEP	2026-07-28T15:15:38.1439753Z   Downloading rpds_py-2026.6.3-cp311-cp311-manylinux_2_17_x86_64.manylinux2014_x86_64.whl.metadata (4.1 kB)
Submit DDPG high-n stage	UNKNOWN STEP	2026-07-28T15:15:38.1645021Z Collecting platformdirs>=2.5 (from jupyter-core!=5.0.*,>=4.12->nbformat->jupytext->kaggle<3,>=1.8.4)
Submit DDPG high-n stage	UNKNOWN STEP	2026-07-28T15:15:38.1687573Z   Downloading platformdirs-4.11.0-py3-none-any.whl.metadata (5.5 kB)
Submit DDPG high-n stage	UNKNOWN STEP	2026-07-28T15:15:38.1885297Z Collecting typing-extensions>=4.4.0 (from referencing>=0.28.4->jsonschema>=2.6->nbformat->jupytext->kaggle<3,>=1.8.4)
Submit DDPG high-n stage	UNKNOWN STEP	2026-07-28T15:15:38.1928203Z   Downloading typing_extensions-4.16.0-py3-none-any.whl.metadata (3.3 kB)
Submit DDPG high-n stage	UNKNOWN STEP	2026-07-28T15:15:38.2111159Z Collecting six>=1.5 (from python-dateutil->kaggle<3,>=1.8.4)
Submit DDPG high-n stage	UNKNOWN STEP	2026-07-28T15:15:38.2151192Z   Downloading six-1.17.0-py2.py3-none-any.whl.metadata (1.7 kB)
Submit DDPG high-n stage	UNKNOWN STEP	2026-07-28T15:15:38.2307751Z Collecting text-unidecode>=1.3 (from python-slugify->kaggle<3,>=1.8.4)
Submit DDPG high-n stage	UNKNOWN STEP	2026-07-28T15:15:38.2368317Z   Downloading text_unidecode-1.3-py2.py3-none-any.whl.metadata (2.4 kB)
Submit DDPG high-n stage	UNKNOWN STEP	2026-07-28T15:15:38.3279866Z Collecting charset_normalizer<4,>=2 (from requests->kaggle<3,>=1.8.4)
Submit DDPG high-n stage	UNKNOWN STEP	2026-07-28T15:15:38.3324785Z   Downloading charset_normalizer-3.4.9-cp311-cp311-manylinux2014_x86_64.manylinux_2_17_x86_64.manylinux_2_28_x86_64.whl.metadata (41 kB)
Submit DDPG high-n stage	UNKNOWN STEP	2026-07-28T15:15:38.3507199Z Collecting idna<4,>=2.5 (from requests->kaggle<3,>=1.8.4)
Submit DDPG high-n stage	UNKNOWN STEP	2026-07-28T15:15:38.3553783Z   Downloading idna-3.18-py3-none-any.whl.metadata (6.1 kB)
Submit DDPG high-n stage	UNKNOWN STEP	2026-07-28T15:15:38.3760193Z Collecting certifi>=2023.5.7 (from requests->kaggle<3,>=1.8.4)
Submit DDPG high-n stage	UNKNOWN STEP	2026-07-28T15:15:38.3800898Z   Downloading certifi-2026.7.22-py3-none-any.whl.metadata (2.5 kB)
Submit DDPG high-n stage	UNKNOWN STEP	2026-07-28T15:15:38.3917829Z Downloading kaggle-2.2.4-py3-none-any.whl (126 kB)
Submit DDPG high-n stage	UNKNOWN STEP	2026-07-28T15:15:38.4020169Z Downloading kagglesdk-0.1.35-py3-none-any.whl (248 kB)
Submit DDPG high-n stage	UNKNOWN STEP	2026-07-28T15:15:38.4122443Z Downloading urllib3-2.7.0-py3-none-any.whl (131 kB)
Submit DDPG high-n stage	UNKNOWN STEP	2026-07-28T15:15:38.4193339Z Downloading bleach-6.4.0-py3-none-any.whl (165 kB)
Submit DDPG high-n stage	UNKNOWN STEP	2026-07-28T15:15:38.4259568Z Downloading jupytext-1.19.5-py3-none-any.whl (229 kB)
Submit DDPG high-n stage	UNKNOWN STEP	2026-07-28T15:15:38.4355552Z Downloading markdown_it_py-4.2.0-py3-none-any.whl (91 kB)
Submit DDPG high-n stage	UNKNOWN STEP	2026-07-28T15:15:38.4417718Z Downloading mdurl-0.1.2-py3-none-any.whl (10.0 kB)
Submit DDPG high-n stage	UNKNOWN STEP	2026-07-28T15:15:38.4505328Z Downloading mdit_py_plugins-0.6.1-py3-none-any.whl (66 kB)
Submit DDPG high-n stage	UNKNOWN STEP	2026-07-28T15:15:38.4576331Z Downloading nbformat-5.10.4-py3-none-any.whl (78 kB)
Submit DDPG high-n stage	UNKNOWN STEP	2026-07-28T15:15:38.4636052Z Downloading fastjsonschema-2.22.1-py3-none-any.whl (26 kB)
Submit DDPG high-n stage	UNKNOWN STEP	2026-07-28T15:15:38.4691742Z Downloading jsonschema-4.26.0-py3-none-any.whl (90 kB)
Submit DDPG high-n stage	UNKNOWN STEP	2026-07-28T15:15:38.4760603Z Downloading attrs-26.1.0-py3-none-any.whl (67 kB)
Submit DDPG high-n stage	UNKNOWN STEP	2026-07-28T15:15:38.4821123Z Downloading jsonschema_specifications-2025.9.1-py3-none-any.whl (18 kB)
Submit DDPG high-n stage	UNKNOWN STEP	2026-07-28T15:15:38.4885012Z Downloading jupyter_core-5.9.1-py3-none-any.whl (29 kB)
Submit DDPG high-n stage	UNKNOWN STEP	2026-07-28T15:15:38.4953780Z Downloading platformdirs-4.11.0-py3-none-any.whl (23 kB)
Submit DDPG high-n stage	UNKNOWN STEP	2026-07-28T15:15:38.5028632Z Downloading referencing-0.37.0-py3-none-any.whl (26 kB)
Submit DDPG high-n stage	UNKNOWN STEP	2026-07-28T15:15:38.5093101Z Downloading rpds_py-2026.6.3-cp311-cp311-manylinux_2_17_x86_64.manylinux2014_x86_64.whl (371 kB)
Submit DDPG high-n stage	UNKNOWN STEP	2026-07-28T15:15:38.5178274Z Downloading traitlets-5.15.1-py3-none-any.whl (85 kB)
Submit DDPG high-n stage	UNKNOWN STEP	2026-07-28T15:15:38.5252902Z Downloading typing_extensions-4.16.0-py3-none-any.whl (45 kB)
Submit DDPG high-n stage	UNKNOWN STEP	2026-07-28T15:15:38.5319847Z Downloading packaging-26.2-py3-none-any.whl (100 kB)
Submit DDPG high-n stage	UNKNOWN STEP	2026-07-28T15:15:38.5390931Z Downloading protobuf-7.35.1-cp310-abi3-manylinux2014_x86_64.whl (327 kB)
Submit DDPG high-n stage	UNKNOWN STEP	2026-07-28T15:15:38.5467814Z Downloading python_dateutil-2.9.0.post0-py2.py3-none-any.whl (229 kB)
Submit DDPG high-n stage	UNKNOWN STEP	2026-07-28T15:15:38.5539291Z Downloading six-1.17.0-py2.py3-none-any.whl (11 kB)
Submit DDPG high-n stage	UNKNOWN STEP	2026-07-28T15:15:38.5619606Z Downloading python_dotenv-1.2.2-py3-none-any.whl (22 kB)
Submit DDPG high-n stage	UNKNOWN STEP	2026-07-28T15:15:38.5684707Z Downloading python_slugify-8.0.4-py2.py3-none-any.whl (10 kB)
Submit DDPG high-n stage	UNKNOWN STEP	2026-07-28T15:15:38.5752797Z Downloading text_unidecode-1.3-py2.py3-none-any.whl (78 kB)
Submit DDPG high-n stage	UNKNOWN STEP	2026-07-28T15:15:38.5839234Z Downloading pyyaml-6.0.3-cp311-cp311-manylinux2014_x86_64.manylinux_2_17_x86_64.manylinux_2_28_x86_64.whl (806 kB)
Submit DDPG high-n stage	UNKNOWN STEP	2026-07-28T15:15:38.5926928Z    ━━━━━━━━━━━━━━━━━━━━━━━━━━━━━━━━━━━━━━━━ 806.6/806.6 kB 88.7 MB/s  0:00:00
Submit DDPG high-n stage	UNKNOWN STEP	2026-07-28T15:15:38.5971230Z Downloading requests-2.34.2-py3-none-any.whl (73 kB)
Submit DDPG high-n stage	UNKNOWN STEP	2026-07-28T15:15:38.6046013Z Downloading charset_normalizer-3.4.9-cp311-cp311-manylinux2014_x86_64.manylinux_2_17_x86_64.manylinux_2_28_x86_64.whl (221 kB)
Submit DDPG high-n stage	UNKNOWN STEP	2026-07-28T15:15:38.6110656Z Downloading idna-3.18-py3-none-any.whl (65 kB)
Submit DDPG high-n stage	UNKNOWN STEP	2026-07-28T15:15:38.6184725Z Downloading certifi-2026.7.22-py3-none-any.whl (136 kB)
Submit DDPG high-n stage	UNKNOWN STEP	2026-07-28T15:15:38.6253398Z Downloading tqdm-4.70.0-py3-none-any.whl (80 kB)
Submit DDPG high-n stage	UNKNOWN STEP	2026-07-28T15:15:38.6316658Z Downloading webencodings-0.5.1-py2.py3-none-any.whl (11 kB)
Submit DDPG high-n stage	UNKNOWN STEP	2026-07-28T15:15:38.7216267Z Installing collected packages: webencodings, text-unidecode, urllib3, typing-extensions, traitlets, tqdm, six, rpds-py, pyyaml, python-slugify, python-dotenv, protobuf, platformdirs, packaging, mdurl, idna, fastjsonschema, charset_normalizer, certifi, bleach, attrs, requests, referencing, python-dateutil, markdown-it-py, jupyter-core, mdit-py-plugins, kagglesdk, jsonschema-specifications, jsonschema, nbformat, jupytext, kaggle
Submit DDPG high-n stage	UNKNOWN STEP	2026-07-28T15:15:40.2438992Z 
Submit DDPG high-n stage	UNKNOWN STEP	2026-07-28T15:15:40.2460009Z Successfully installed attrs-26.1.0 bleach-6.4.0 certifi-2026.7.22 charset_normalizer-3.4.9 fastjsonschema-2.22.1 idna-3.18 jsonschema-4.26.0 jsonschema-specifications-2025.9.1 jupyter-core-5.9.1 jupytext-1.19.5 kaggle-2.2.4 kagglesdk-0.1.35 markdown-it-py-4.2.0 mdit-py-plugins-0.6.1 mdurl-0.1.2 nbformat-5.10.4 packaging-26.2 platformdirs-4.11.0 protobuf-7.35.1 python-dateutil-2.9.0.post0 python-dotenv-1.2.2 python-slugify-8.0.4 pyyaml-6.0.3 referencing-0.37.0 requests-2.34.2 rpds-py-2026.6.3 six-1.17.0 text-unidecode-1.3 tqdm-4.70.0 traitlets-5.15.1 typing-extensions-4.16.0 urllib3-2.7.0 webencodings-0.5.1
Submit DDPG high-n stage	UNKNOWN STEP	2026-07-28T15:15:40.3358125Z ##[group]Run set -euo pipefail
Submit DDPG high-n stage	UNKNOWN STEP	2026-07-28T15:15:40.3358498Z ^[[36;1mset -euo pipefail^[[0m
Submit DDPG high-n stage	UNKNOWN STEP	2026-07-28T15:15:40.3358742Z ^[[36;1mrm -rf kaggle_submit^[[0m
Submit DDPG high-n stage	UNKNOWN STEP	2026-07-28T15:15:40.3358986Z ^[[36;1mmkdir -p kaggle_submit^[[0m
Submit DDPG high-n stage	UNKNOWN STEP	2026-07-28T15:15:40.3359250Z ^[[36;1mpython - <<'PY'^[[0m
Submit DDPG high-n stage	UNKNOWN STEP	2026-07-28T15:15:40.3359493Z ^[[36;1mimport json^[[0m
Submit DDPG high-n stage	UNKNOWN STEP	2026-07-28T15:15:40.3359702Z ^[[36;1mimport os^[[0m
Submit DDPG high-n stage	UNKNOWN STEP	2026-07-28T15:15:40.3359916Z ^[[36;1mfrom pathlib import Path^[[0m
Submit DDPG high-n stage	UNKNOWN STEP	2026-07-28T15:15:40.3360155Z ^[[36;1m^[[0m
Submit DDPG high-n stage	UNKNOWN STEP	2026-07-28T15:15:40.3360353Z ^[[36;1mmethod = os.environ["METHOD"]^[[0m
Submit DDPG high-n stage	UNKNOWN STEP	2026-07-28T15:15:40.3360760Z ^[[36;1mn_values = [int(value) for value in os.environ["N_VALUES"].split()]^[[0m
Submit DDPG high-n stage	UNKNOWN STEP	2026-07-28T15:15:40.3361170Z ^[[36;1mcommit = os.environ["REPO_COMMIT"]^[[0m
Submit DDPG high-n stage	UNKNOWN STEP	2026-07-28T15:15:40.3361474Z ^[[36;1mslug = os.environ["KERNEL_SLUG"]^[[0m
Submit DDPG high-n stage	UNKNOWN STEP	2026-07-28T15:15:40.3362224Z ^[[36;1moutput_name = f"six_method_{method}_{'low_n' if max(n_values) <= 64 else 'high_n'}"^[[0m
Submit DDPG high-n stage	UNKNOWN STEP	2026-07-28T15:15:40.3362765Z ^[[36;1mrunner = f'''from __future__ import annotations^[[0m
Submit DDPG high-n stage	UNKNOWN STEP	2026-07-28T15:15:40.3363076Z ^[[36;1mimport shutil^[[0m
Submit DDPG high-n stage	UNKNOWN STEP	2026-07-28T15:15:40.3363303Z ^[[36;1mimport subprocess^[[0m
Submit DDPG high-n stage	UNKNOWN STEP	2026-07-28T15:15:40.3363532Z ^[[36;1mimport sys^[[0m
Submit DDPG high-n stage	UNKNOWN STEP	2026-07-28T15:15:40.3363757Z ^[[36;1mfrom pathlib import Path^[[0m
Submit DDPG high-n stage	UNKNOWN STEP	2026-07-28T15:15:40.3363999Z ^[[36;1m^[[0m
Submit DDPG high-n stage	UNKNOWN STEP	2026-07-28T15:15:40.3364250Z ^[[36;1mREPO = Path("/kaggle/working/STAR_RIS_RSMA_TD3")^[[0m
Submit DDPG high-n stage	UNKNOWN STEP	2026-07-28T15:15:40.3364570Z ^[[36;1mif REPO.exists():^[[0m
Submit DDPG high-n stage	UNKNOWN STEP	2026-07-28T15:15:40.3364805Z ^[[36;1m    shutil.rmtree(REPO)^[[0m
Submit DDPG high-n stage	UNKNOWN STEP	2026-07-28T15:15:40.3365391Z ^[[36;1msubprocess.run(["git", "clone", "--filter=blob:none", "https://github.com/Juliolayme/STAR_RIS_RSMA_TD3.git", str(REPO)], check=True)^[[0m
Submit DDPG high-n stage	UNKNOWN STEP	2026-07-28T15:15:40.3366127Z ^[[36;1msubprocess.run(["git", "checkout", "--detach", "{commit}"], cwd=REPO, check=True)^[[0m
Submit DDPG high-n stage	UNKNOWN STEP	2026-07-28T15:15:40.3366819Z ^[[36;1msubprocess.run([sys.executable, "-m", "pip", "install", "-q", "--no-build-isolation", "-e", str(REPO), "tabulate"], check=True)^[[0m
Submit DDPG high-n stage	UNKNOWN STEP	2026-07-28T15:15:40.3367362Z ^[[36;1msubprocess.run([^[[0m
Submit DDPG high-n stage	UNKNOWN STEP	2026-07-28T15:15:40.3367596Z ^[[36;1m    sys.executable,^[[0m
Submit DDPG high-n stage	UNKNOWN STEP	2026-07-28T15:15:40.3367846Z ^[[36;1m    "scripts/run_drl_stage.py",^[[0m
Submit DDPG high-n stage	UNKNOWN STEP	2026-07-28T15:15:40.3368127Z ^[[36;1m    "--method", "{method}",^[[0m
Submit DDPG high-n stage	UNKNOWN STEP	2026-07-28T15:15:40.3368446Z ^[[36;1m    "--n-values", {', '.join(repr(str(v)) for v in n_values)},^[[0m
Submit DDPG high-n stage	UNKNOWN STEP	2026-07-28T15:15:40.3369006Z ^[[36;1m    "--seeds", "0", "1", "2", "3", "4", "5", "6", "7",^[[0m
Submit DDPG high-n stage	UNKNOWN STEP	2026-07-28T15:15:40.3369345Z ^[[36;1m    "--output", "/kaggle/working/{output_name}",^[[0m
Submit DDPG high-n stage	UNKNOWN STEP	2026-07-28T15:15:40.3369653Z ^[[36;1m    "--max-parallel", "2",^[[0m
Submit DDPG high-n stage	UNKNOWN STEP	2026-07-28T15:15:40.3369917Z ^[[36;1m], cwd=REPO, check=True)^[[0m
Submit DDPG high-n stage	UNKNOWN STEP	2026-07-28T15:15:40.3370152Z ^[[36;1m'''^[[0m
Submit DDPG high-n stage	UNKNOWN STEP	2026-07-28T15:15:40.3370466Z ^[[36;1mPath("kaggle_submit/runner.py").write_text(runner, encoding="utf-8")^[[0m
Submit DDPG high-n stage	UNKNOWN STEP	2026-07-28T15:15:40.3370845Z ^[[36;1mmetadata = {^[[0m
Submit DDPG high-n stage	UNKNOWN STEP	2026-07-28T15:15:40.3371109Z ^[[36;1m    "id": f"{os.environ['KAGGLE_USERNAME']}/{slug}",^[[0m
Submit DDPG high-n stage	UNKNOWN STEP	2026-07-28T15:15:40.3371537Z ^[[36;1m    "title": f"STAR-RIS {method.upper()} six-method benchmark {n_values}",^[[0m
Submit DDPG high-n stage	UNKNOWN STEP	2026-07-28T15:15:40.3372155Z ^[[36;1m    "code_file": "runner.py",^[[0m
Submit DDPG high-n stage	UNKNOWN STEP	2026-07-28T15:15:40.3372421Z ^[[36;1m    "language": "python",^[[0m
Submit DDPG high-n stage	UNKNOWN STEP	2026-07-28T15:15:40.3372673Z ^[[36;1m    "kernel_type": "script",^[[0m
Submit DDPG high-n stage	UNKNOWN STEP	2026-07-28T15:15:40.3372927Z ^[[36;1m    "is_private": True,^[[0m
Submit DDPG high-n stage	UNKNOWN STEP	2026-07-28T15:15:40.3373170Z ^[[36;1m    "enable_gpu": True,^[[0m
Submit DDPG high-n stage	UNKNOWN STEP	2026-07-28T15:15:40.3373409Z ^[[36;1m    "enable_internet": True,^[[0m
Submit DDPG high-n stage	UNKNOWN STEP	2026-07-28T15:15:40.3373659Z ^[[36;1m    "enable_tpu": False,^[[0m
Submit DDPG high-n stage	UNKNOWN STEP	2026-07-28T15:15:40.3373911Z ^[[36;1m    "dataset_sources": [],^[[0m
Submit DDPG high-n stage	UNKNOWN STEP	2026-07-28T15:15:40.3374157Z ^[[36;1m    "kernel_sources": [],^[[0m
Submit DDPG high-n stage	UNKNOWN STEP	2026-07-28T15:15:40.3374414Z ^[[36;1m    "competition_sources": [],^[[0m
Submit DDPG high-n stage	UNKNOWN STEP	2026-07-28T15:15:40.3374672Z ^[[36;1m}^[[0m
Submit DDPG high-n stage	UNKNOWN STEP	2026-07-28T15:15:40.3374935Z ^[[36;1mPath("kaggle_submit/kernel-metadata.json").write_text(^[[0m
Submit DDPG high-n stage	UNKNOWN STEP	2026-07-28T15:15:40.3375329Z ^[[36;1m    json.dumps(metadata, indent=2), encoding="utf-8"^[[0m
Submit DDPG high-n stage	UNKNOWN STEP	2026-07-28T15:15:40.3375636Z ^[[36;1m)^[[0m
Submit DDPG high-n stage	UNKNOWN STEP	2026-07-28T15:15:40.3376021Z ^[[36;1mprint(json.dumps(metadata, indent=2))^[[0m
Submit DDPG high-n stage	UNKNOWN STEP	2026-07-28T15:15:40.3376305Z ^[[36;1mPY^[[0m
Submit DDPG high-n stage	UNKNOWN STEP	2026-07-28T15:15:40.3422862Z shell: /usr/bin/bash -e {0}
Submit DDPG high-n stage	UNKNOWN STEP	2026-07-28T15:15:40.3423110Z env:
Submit DDPG high-n stage	UNKNOWN STEP	2026-07-28T15:15:40.3423311Z   KAGGLE_USERNAME: ronganminh
Submit DDPG high-n stage	UNKNOWN STEP	2026-07-28T15:15:40.3423727Z   KAGGLE_KEY: ***
Submit DDPG high-n stage	UNKNOWN STEP	2026-07-28T15:15:40.3423936Z   METHOD: ddpg
Submit DDPG high-n stage	UNKNOWN STEP	2026-07-28T15:15:40.3424139Z   N_VALUES: 96 128
Submit DDPG high-n stage	UNKNOWN STEP	2026-07-28T15:15:40.3424390Z   KERNEL_SLUG: star-ris-ddpg-sixmethod-high-n-v1
Submit DDPG high-n stage	UNKNOWN STEP	2026-07-28T15:15:40.3424755Z   REPO_COMMIT: 99318fefa53bef91fa5f105ec71ddae73fc96c39
Submit DDPG high-n stage	UNKNOWN STEP	2026-07-28T15:15:40.3425151Z   pythonLocation: /opt/hostedtoolcache/Python/3.11.15/x64
Submit DDPG high-n stage	UNKNOWN STEP	2026-07-28T15:15:40.3425598Z   PKG_CONFIG_PATH: /opt/hostedtoolcache/Python/3.11.15/x64/lib/pkgconfig
Submit DDPG high-n stage	UNKNOWN STEP	2026-07-28T15:15:40.3426016Z   Python_ROOT_DIR: /opt/hostedtoolcache/Python/3.11.15/x64
Submit DDPG high-n stage	UNKNOWN STEP	2026-07-28T15:15:40.3426383Z   Python2_ROOT_DIR: /opt/hostedtoolcache/Python/3.11.15/x64
Submit DDPG high-n stage	UNKNOWN STEP	2026-07-28T15:15:40.3426770Z   Python3_ROOT_DIR: /opt/hostedtoolcache/Python/3.11.15/x64
Submit DDPG high-n stage	UNKNOWN STEP	2026-07-28T15:15:40.3427151Z   LD_LIBRARY_PATH: /opt/hostedtoolcache/Python/3.11.15/x64/lib
Submit DDPG high-n stage	UNKNOWN STEP	2026-07-28T15:15:40.3427473Z ##[endgroup]
Submit DDPG high-n stage	UNKNOWN STEP	2026-07-28T15:15:40.3731332Z {
Submit DDPG high-n stage	UNKNOWN STEP	2026-07-28T15:15:40.3732020Z   "id": "ronganminh/star-ris-ddpg-sixmethod-high-n-v1",
Submit DDPG high-n stage	UNKNOWN STEP	2026-07-28T15:15:40.3732666Z   "title": "STAR-RIS DDPG six-method benchmark [96, 128]",
Submit DDPG high-n stage	UNKNOWN STEP	2026-07-28T15:15:40.3733070Z   "code_file": "runner.py",
Submit DDPG high-n stage	UNKNOWN STEP	2026-07-28T15:15:40.3733379Z   "language": "python",
Submit DDPG high-n stage	UNKNOWN STEP	2026-07-28T15:15:40.3733643Z   "kernel_type": "script",
Submit DDPG high-n stage	UNKNOWN STEP	2026-07-28T15:15:40.3733915Z   "is_private": true,
Submit DDPG high-n stage	UNKNOWN STEP	2026-07-28T15:15:40.3734167Z   "enable_gpu": true,
Submit DDPG high-n stage	UNKNOWN STEP	2026-07-28T15:15:40.3734417Z   "enable_internet": true,
Submit DDPG high-n stage	UNKNOWN STEP	2026-07-28T15:15:40.3734682Z   "enable_tpu": false,
Submit DDPG high-n stage	UNKNOWN STEP	2026-07-28T15:15:40.3734946Z   "dataset_sources": [],
Submit DDPG high-n stage	UNKNOWN STEP	2026-07-28T15:15:40.3735214Z   "kernel_sources": [],
Submit DDPG high-n stage	UNKNOWN STEP	2026-07-28T15:15:40.3735479Z   "competition_sources": []
Submit DDPG high-n stage	UNKNOWN STEP	2026-07-28T15:15:40.3735742Z }
Submit DDPG high-n stage	UNKNOWN STEP	2026-07-28T15:15:40.3798739Z ##[group]Run set -euo pipefail
Submit DDPG high-n stage	UNKNOWN STEP	2026-07-28T15:15:40.3799064Z ^[[36;1mset -euo pipefail^[[0m
Submit DDPG high-n stage	UNKNOWN STEP	2026-07-28T15:15:40.3799493Z ^[[36;1mkaggle kernels push -p kaggle_submit --accelerator NvidiaTeslaT4 --timeout 43200^[[0m
Submit DDPG high-n stage	UNKNOWN STEP	2026-07-28T15:15:40.3800040Z ^[[36;1mkaggle kernels status "${KAGGLE_USERNAME}/${KERNEL_SLUG}" || true^[[0m
Submit DDPG high-n stage	UNKNOWN STEP	2026-07-28T15:15:40.3846767Z shell: /usr/bin/bash -e {0}
Submit DDPG high-n stage	UNKNOWN STEP	2026-07-28T15:15:40.3847013Z env:
Submit DDPG high-n stage	UNKNOWN STEP	2026-07-28T15:15:40.3847217Z   KAGGLE_USERNAME: ronganminh
Submit DDPG high-n stage	UNKNOWN STEP	2026-07-28T15:15:40.3847767Z   KAGGLE_KEY: ***
Submit DDPG high-n stage	UNKNOWN STEP	2026-07-28T15:15:40.3848011Z   METHOD: ddpg
Submit DDPG high-n stage	UNKNOWN STEP	2026-07-28T15:15:40.3848199Z   N_VALUES: 96 128
Submit DDPG high-n stage	UNKNOWN STEP	2026-07-28T15:15:40.3848452Z   KERNEL_SLUG: star-ris-ddpg-sixmethod-high-n-v1
Submit DDPG high-n stage	UNKNOWN STEP	2026-07-28T15:15:40.3848815Z   REPO_COMMIT: 99318fefa53bef91fa5f105ec71ddae73fc96c39
Submit DDPG high-n stage	UNKNOWN STEP	2026-07-28T15:15:40.3849187Z   pythonLocation: /opt/hostedtoolcache/Python/3.11.15/x64
Submit DDPG high-n stage	UNKNOWN STEP	2026-07-28T15:15:40.3849607Z   PKG_CONFIG_PATH: /opt/hostedtoolcache/Python/3.11.15/x64/lib/pkgconfig
Submit DDPG high-n stage	UNKNOWN STEP	2026-07-28T15:15:40.3850065Z   Python_ROOT_DIR: /opt/hostedtoolcache/Python/3.11.15/x64
Submit DDPG high-n stage	UNKNOWN STEP	2026-07-28T15:15:40.3850445Z   Python2_ROOT_DIR: /opt/hostedtoolcache/Python/3.11.15/x64
Submit DDPG high-n stage	UNKNOWN STEP	2026-07-28T15:15:40.3850820Z   Python3_ROOT_DIR: /opt/hostedtoolcache/Python/3.11.15/x64
Submit DDPG high-n stage	UNKNOWN STEP	2026-07-28T15:15:40.3851195Z   LD_LIBRARY_PATH: /opt/hostedtoolcache/Python/3.11.15/x64/lib
Submit DDPG high-n stage	UNKNOWN STEP	2026-07-28T15:15:40.3851509Z ##[endgroup]
Submit DDPG high-n stage	UNKNOWN STEP	2026-07-28T15:15:42.2498279Z Your kernel title does not resolve to the specified id. This may result in surprising behavior. We suggest making your title something that resolves to the specified id. See https://en.wikipedia.org/wiki/Clean_URL#Slug for more information on how slugs are determined.
Submit DDPG high-n stage	UNKNOWN STEP	2026-07-28T15:15:42.2501087Z Kernel version 1 successfully pushed.  Please check progress at https://www.kaggle.com/code/ronganminh/star-ris-ddpg-six-method-benchmark-96-128
Submit DDPG high-n stage	UNKNOWN STEP	2026-07-28T15:15:42.7371630Z Cannot access kernel 'ronganminh/star-ris-ddpg-sixmethod-high-n-v1' (Permission 'kernels.get' was denied). The most likely cause is a wrong kernel slug. The benchmark_task_slug returned by get_benchmark_leaderboard differs from the actual kernel slug — use the slug from the notebook URL (kaggle.com/code/owner/KERNEL-SLUG), not from the leaderboard. It can also occur if the notebook is private.
Submit DDPG high-n stage	UNKNOWN STEP	2026-07-28T15:15:42.7931196Z Node 20 is being deprecated. This workflow is running with Node 24 by default. If you need to temporarily use Node 20, you can set the ACTIONS_ALLOW_USE_UNSECURE_NODE_VERSION=true environment variable. For more information see: https://github.blog/changelog/2025-09-19-deprecation-of-node-20-on-github-actions-runners/
Submit DDPG high-n stage	UNKNOWN STEP	2026-07-28T15:15:42.7932615Z Post job cleanup.
Submit DDPG high-n stage	UNKNOWN STEP	2026-07-28T15:15:42.9135306Z (node:2280) [DEP0040] DeprecationWarning: The `punycode` module is deprecated. Please use a userland alternative instead.
Submit DDPG high-n stage	UNKNOWN STEP	2026-07-28T15:15:42.9136822Z (Use `node --trace-deprecation ...` to show where the warning was created)
Submit DDPG high-n stage	UNKNOWN STEP	2026-07-28T15:15:42.9349182Z Node 20 is being deprecated. This workflow is running with Node 24 by default. If you need to temporarily use Node 20, you can set the ACTIONS_ALLOW_USE_UNSECURE_NODE_VERSION=true environment variable. For more information see: https://github.blog/changelog/2025-09-19-deprecation-of-node-20-on-github-actions-runners/
Submit DDPG high-n stage	UNKNOWN STEP	2026-07-28T15:15:42.9350413Z Post job cleanup.
Submit DDPG high-n stage	UNKNOWN STEP	2026-07-28T15:15:43.0248795Z [command]/usr/bin/git version
Submit DDPG high-n stage	UNKNOWN STEP	2026-07-28T15:15:43.0292392Z git version 2.54.0
Submit DDPG high-n stage	UNKNOWN STEP	2026-07-28T15:15:43.0334745Z Temporarily overriding HOME='/home/runner/work/_temp/71c490aa-a3b6-42b4-a322-63572f55f6a5' before making global git config changes
Submit DDPG high-n stage	UNKNOWN STEP	2026-07-28T15:15:43.0336309Z Adding repository directory to the temporary git global config as a safe directory
Submit DDPG high-n stage	UNKNOWN STEP	2026-07-28T15:15:43.0342054Z [command]/usr/bin/git config --global --add safe.directory /home/runner/work/STAR_RIS_RSMA_TD3/STAR_RIS_RSMA_TD3
Submit DDPG high-n stage	UNKNOWN STEP	2026-07-28T15:15:43.0383976Z [command]/usr/bin/git config --local --name-only --get-regexp core\.sshCommand
Submit DDPG high-n stage	UNKNOWN STEP	2026-07-28T15:15:43.0425206Z [command]/usr/bin/git submodule foreach --recursive sh -c "git config --local --name-only --get-regexp 'core\.sshCommand' && git config --local --unset-all 'core.sshCommand' || :"
Submit DDPG high-n stage	UNKNOWN STEP	2026-07-28T15:15:43.0673576Z fatal: No url found for submodule path 'kaggle_runs/01_td3_low_n/output/STAR_RIS_RSMA_TD3' in .gitmodules
Submit DDPG high-n stage	UNKNOWN STEP	2026-07-28T15:15:43.0767029Z ##[warning]The process '/usr/bin/git' failed with exit code 128
Submit DDPG high-n stage	UNKNOWN STEP	2026-07-28T15:15:43.0922195Z Cleaning up orphan processes
Submit DDPG high-n stage	UNKNOWN STEP	2026-07-28T15:15:43.1259922Z ##[warning]Node.js 20 is deprecated. The following actions target Node.js 20 but are being forced to run on Node.js 24: actions/checkout@v4, actions/setup-python@v5. For more information see: https://github.blog/changelog/2025-09-19-deprecation-of-node-20-on-github-actions-runners/
Submit DDPG low-n stage	UNKNOWN STEP	﻿2026-07-28T15:15:47.6120995Z Current runner version: '2.336.0'
Submit DDPG low-n stage	UNKNOWN STEP	2026-07-28T15:15:47.6142079Z ##[group]Runner Image Provisioner
Submit DDPG low-n stage	UNKNOWN STEP	2026-07-28T15:15:47.6142782Z Hosted Compute Agent
Submit DDPG low-n stage	UNKNOWN STEP	2026-07-28T15:15:47.6143245Z Version: 20260707.563
Submit DDPG low-n stage	UNKNOWN STEP	2026-07-28T15:15:47.6143859Z Commit: 02667638d2b423fbc733a8e32a88b44996a3ba6e
Submit DDPG low-n stage	UNKNOWN STEP	2026-07-28T15:15:47.6144453Z Build Date: 2026-07-07T19:33:50Z
Submit DDPG low-n stage	UNKNOWN STEP	2026-07-28T15:15:47.6145030Z Worker ID: {379c7c6a-6476-4f9b-ac8e-400afa2fc405}
Submit DDPG low-n stage	UNKNOWN STEP	2026-07-28T15:15:47.6145887Z Azure Region: westus3
Submit DDPG low-n stage	UNKNOWN STEP	2026-07-28T15:15:47.6146340Z ##[endgroup]
Submit DDPG low-n stage	UNKNOWN STEP	2026-07-28T15:15:47.6147575Z ##[group]Operating System
Submit DDPG low-n stage	UNKNOWN STEP	2026-07-28T15:15:47.6148080Z Ubuntu
Submit DDPG low-n stage	UNKNOWN STEP	2026-07-28T15:15:47.6148549Z 24.04.4
Submit DDPG low-n stage	UNKNOWN STEP	2026-07-28T15:15:47.6148990Z LTS
Submit DDPG low-n stage	UNKNOWN STEP	2026-07-28T15:15:47.6149410Z ##[endgroup]
Submit DDPG low-n stage	UNKNOWN STEP	2026-07-28T15:15:47.6149925Z ##[group]Runner Image
Submit DDPG low-n stage	UNKNOWN STEP	2026-07-28T15:15:47.6150406Z Image: ubuntu-24.04
Submit DDPG low-n stage	UNKNOWN STEP	2026-07-28T15:15:47.6150847Z Version: 20260720.247.2
Submit DDPG low-n stage	UNKNOWN STEP	2026-07-28T15:15:47.6151922Z Included Software: https://github.com/actions/runner-images/blob/ubuntu24/20260720.247/images/ubuntu/Ubuntu2404-Readme.md
Submit DDPG low-n stage	UNKNOWN STEP	2026-07-28T15:15:47.6153509Z Image Release: https://github.com/actions/runner-images/releases/tag/ubuntu24%2F20260720.247
Submit DDPG low-n stage	UNKNOWN STEP	2026-07-28T15:15:47.6154281Z ##[endgroup]
Submit DDPG low-n stage	UNKNOWN STEP	2026-07-28T15:15:47.6155219Z ##[group]GITHUB_TOKEN Permissions
Submit DDPG low-n stage	UNKNOWN STEP	2026-07-28T15:15:47.6157045Z Contents: read
Submit DDPG low-n stage	UNKNOWN STEP	2026-07-28T15:15:47.6157545Z Metadata: read
Submit DDPG low-n stage	UNKNOWN STEP	2026-07-28T15:15:47.6158085Z ##[endgroup]
Submit DDPG low-n stage	UNKNOWN STEP	2026-07-28T15:15:47.6159786Z Secret source: Actions
Submit DDPG low-n stage	UNKNOWN STEP	2026-07-28T15:15:47.6160704Z Prepare workflow directory
Submit DDPG low-n stage	UNKNOWN STEP	2026-07-28T15:15:47.6563940Z Prepare all required actions
Submit DDPG low-n stage	UNKNOWN STEP	2026-07-28T15:15:47.6603822Z Getting action download info
Submit DDPG low-n stage	UNKNOWN STEP	2026-07-28T15:15:47.9499403Z Download action repository 'actions/checkout@v4' (SHA:11d5960a326750d5838078e36cf38b85af677262)
Submit DDPG low-n stage	UNKNOWN STEP	2026-07-28T15:15:48.6571582Z Download action repository 'actions/setup-python@v5' (SHA:a26af69be951a213d495a4c3e4e4022e16d87065)
Submit DDPG low-n stage	UNKNOWN STEP	2026-07-28T15:15:48.8062784Z Complete job name: Submit DDPG low-n stage
Submit DDPG low-n stage	UNKNOWN STEP	2026-07-28T15:15:48.8661174Z Node 20 is being deprecated. This workflow is running with Node 24 by default. If you need to temporarily use Node 20, you can set the ACTIONS_ALLOW_USE_UNSECURE_NODE_VERSION=true environment variable. For more information see: https://github.blog/changelog/2025-09-19-deprecation-of-node-20-on-github-actions-runners/
Submit DDPG low-n stage	UNKNOWN STEP	2026-07-28T15:15:48.8667997Z ##[group]Run actions/checkout@v4
Submit DDPG low-n stage	UNKNOWN STEP	2026-07-28T15:15:48.8668592Z with:
Submit DDPG low-n stage	UNKNOWN STEP	2026-07-28T15:15:48.8668989Z   repository: Juliolayme/STAR_RIS_RSMA_TD3
Submit DDPG low-n stage	UNKNOWN STEP	2026-07-28T15:15:48.8672161Z   token: ***
Submit DDPG low-n stage	UNKNOWN STEP	2026-07-28T15:15:48.8672540Z   ssh-strict: true
Submit DDPG low-n stage	UNKNOWN STEP	2026-07-28T15:15:48.8672924Z   ssh-user: git
Submit DDPG low-n stage	UNKNOWN STEP	2026-07-28T15:15:48.8673307Z   persist-credentials: true
Submit DDPG low-n stage	UNKNOWN STEP	2026-07-28T15:15:48.8673731Z   clean: true
Submit DDPG low-n stage	UNKNOWN STEP	2026-07-28T15:15:48.8674114Z   sparse-checkout-cone-mode: true
Submit DDPG low-n stage	UNKNOWN STEP	2026-07-28T15:15:48.8674563Z   fetch-depth: 1
Submit DDPG low-n stage	UNKNOWN STEP	2026-07-28T15:15:48.8674932Z   fetch-tags: false
Submit DDPG low-n stage	UNKNOWN STEP	2026-07-28T15:15:48.8675312Z   show-progress: true
Submit DDPG low-n stage	UNKNOWN STEP	2026-07-28T15:15:48.8675931Z   lfs: false
Submit DDPG low-n stage	UNKNOWN STEP	2026-07-28T15:15:48.8676365Z   submodules: false
Submit DDPG low-n stage	UNKNOWN STEP	2026-07-28T15:15:48.8676745Z   set-safe-directory: true
Submit DDPG low-n stage	UNKNOWN STEP	2026-07-28T15:15:48.8677173Z   allow-unsafe-pr-checkout: false
Submit DDPG low-n stage	UNKNOWN STEP	2026-07-28T15:15:48.8677830Z env:
Submit DDPG low-n stage	UNKNOWN STEP	2026-07-28T15:15:48.8678182Z   KAGGLE_USERNAME: ronganminh
Submit DDPG low-n stage	UNKNOWN STEP	2026-07-28T15:15:48.8678668Z   KAGGLE_KEY: ***
Submit DDPG low-n stage	UNKNOWN STEP	2026-07-28T15:15:48.8679031Z   METHOD: ddpg
Submit DDPG low-n stage	UNKNOWN STEP	2026-07-28T15:15:48.8679386Z   N_VALUES: 16 32 64
Submit DDPG low-n stage	UNKNOWN STEP	2026-07-28T15:15:48.8679810Z   KERNEL_SLUG: star-ris-ddpg-sixmethod-low-n-v1
Submit DDPG low-n stage	UNKNOWN STEP	2026-07-28T15:15:48.8680382Z   REPO_COMMIT: 99318fefa53bef91fa5f105ec71ddae73fc96c39
Submit DDPG low-n stage	UNKNOWN STEP	2026-07-28T15:15:48.8680893Z ##[endgroup]
Submit DDPG low-n stage	UNKNOWN STEP	2026-07-28T15:15:48.9561447Z Syncing repository: Juliolayme/STAR_RIS_RSMA_TD3
Submit DDPG low-n stage	UNKNOWN STEP	2026-07-28T15:15:48.9563147Z ##[group]Getting Git version info
Submit DDPG low-n stage	UNKNOWN STEP	2026-07-28T15:15:48.9563846Z Working directory is '/home/runner/work/STAR_RIS_RSMA_TD3/STAR_RIS_RSMA_TD3'
Submit DDPG low-n stage	UNKNOWN STEP	2026-07-28T15:15:48.9564814Z [command]/usr/bin/git version
Submit DDPG low-n stage	UNKNOWN STEP	2026-07-28T15:15:49.0157544Z git version 2.54.0
Submit DDPG low-n stage	UNKNOWN STEP	2026-07-28T15:15:49.0204424Z ##[endgroup]
Submit DDPG low-n stage	UNKNOWN STEP	2026-07-28T15:15:49.0216959Z Temporarily overriding HOME='/home/runner/work/_temp/c3e51e62-ecfd-4dd7-ada8-225d4e0d253f' before making global git config changes
Submit DDPG low-n stage	UNKNOWN STEP	2026-07-28T15:15:49.0221834Z Adding repository directory to the temporary git global config as a safe directory
Submit DDPG low-n stage	UNKNOWN STEP	2026-07-28T15:15:49.0223029Z [command]/usr/bin/git config --global --add safe.directory /home/runner/work/STAR_RIS_RSMA_TD3/STAR_RIS_RSMA_TD3
Submit DDPG low-n stage	UNKNOWN STEP	2026-07-28T15:15:49.0668666Z Deleting the contents of '/home/runner/work/STAR_RIS_RSMA_TD3/STAR_RIS_RSMA_TD3'
Submit DDPG low-n stage	UNKNOWN STEP	2026-07-28T15:15:49.0671749Z ##[group]Initializing the repository
Submit DDPG low-n stage	UNKNOWN STEP	2026-07-28T15:15:49.0675618Z [command]/usr/bin/git init /home/runner/work/STAR_RIS_RSMA_TD3/STAR_RIS_RSMA_TD3
Submit DDPG low-n stage	UNKNOWN STEP	2026-07-28T15:15:49.1840488Z hint: Using 'master' as the name for the initial branch. This default branch name
Submit DDPG low-n stage	UNKNOWN STEP	2026-07-28T15:15:49.1842156Z hint: will change to "main" in Git 3.0. To configure the initial branch name
Submit DDPG low-n stage	UNKNOWN STEP	2026-07-28T15:15:49.1846161Z hint: to use in all of your new repositories, which will suppress this warning,
Submit DDPG low-n stage	UNKNOWN STEP	2026-07-28T15:15:49.1847016Z hint: call:
Submit DDPG low-n stage	UNKNOWN STEP	2026-07-28T15:15:49.1847552Z hint:
Submit DDPG low-n stage	UNKNOWN STEP	2026-07-28T15:15:49.1848291Z hint: 	git config --global init.defaultBranch <name>
Submit DDPG low-n stage	UNKNOWN STEP	2026-07-28T15:15:49.1849014Z hint:
Submit DDPG low-n stage	UNKNOWN STEP	2026-07-28T15:15:49.1849638Z hint: Names commonly chosen instead of 'master' are 'main', 'trunk' and
Submit DDPG low-n stage	UNKNOWN STEP	2026-07-28T15:15:49.1850575Z hint: 'development'. The just-created branch can be renamed via this command:
Submit DDPG low-n stage	UNKNOWN STEP	2026-07-28T15:15:49.1851375Z hint:
Submit DDPG low-n stage	UNKNOWN STEP	2026-07-28T15:15:49.1851856Z hint: 	git branch -m <name>
Submit DDPG low-n stage	UNKNOWN STEP	2026-07-28T15:15:49.1852398Z hint:
Submit DDPG low-n stage	UNKNOWN STEP	2026-07-28T15:15:49.1853046Z hint: Disable this message with "git config set advice.defaultBranchName false"
Submit DDPG low-n stage	UNKNOWN STEP	2026-07-28T15:15:49.1854267Z Initialized empty Git repository in /home/runner/work/STAR_RIS_RSMA_TD3/STAR_RIS_RSMA_TD3/.git/
Submit DDPG low-n stage	UNKNOWN STEP	2026-07-28T15:15:49.1857128Z [command]/usr/bin/git remote add origin https://github.com/Juliolayme/STAR_RIS_RSMA_TD3
Submit DDPG low-n stage	UNKNOWN STEP	2026-07-28T15:15:49.2037512Z ##[endgroup]
Submit DDPG low-n stage	UNKNOWN STEP	2026-07-28T15:15:49.2038551Z ##[group]Disabling automatic garbage collection
Submit DDPG low-n stage	UNKNOWN STEP	2026-07-28T15:15:49.2042116Z [command]/usr/bin/git config --local gc.auto 0
Submit DDPG low-n stage	UNKNOWN STEP	2026-07-28T15:15:49.2081496Z ##[endgroup]
Submit DDPG low-n stage	UNKNOWN STEP	2026-07-28T15:15:49.2082427Z ##[group]Setting up auth
Submit DDPG low-n stage	UNKNOWN STEP	2026-07-28T15:15:49.2086344Z [command]/usr/bin/git config --local --name-only --get-regexp core\.sshCommand
Submit DDPG low-n stage	UNKNOWN STEP	2026-07-28T15:15:49.2115669Z [command]/usr/bin/git submodule foreach --recursive sh -c "git config --local --name-only --get-regexp 'core\.sshCommand' && git config --local --unset-all 'core.sshCommand' || :"
Submit DDPG low-n stage	UNKNOWN STEP	2026-07-28T15:15:49.2422779Z [command]/usr/bin/git config --local --name-only --get-regexp http\.https\:\/\/github\.com\/\.extraheader
Submit DDPG low-n stage	UNKNOWN STEP	2026-07-28T15:15:49.2451733Z [command]/usr/bin/git submodule foreach --recursive sh -c "git config --local --name-only --get-regexp 'http\.https\:\/\/github\.com\/\.extraheader' && git config --local --unset-all 'http.https://github.com/.extraheader' || :"
Submit DDPG low-n stage	UNKNOWN STEP	2026-07-28T15:15:49.2660385Z [command]/usr/bin/git config --local --name-only --get-regexp ^includeIf\.gitdir:
Submit DDPG low-n stage	UNKNOWN STEP	2026-07-28T15:15:49.2693990Z [command]/usr/bin/git submodule foreach --recursive git config --local --show-origin --name-only --get-regexp remote.origin.url
Submit DDPG low-n stage	UNKNOWN STEP	2026-07-28T15:15:49.2895825Z [command]/usr/bin/git config --local http.https://github.com/.extraheader AUTHORIZATION: basic ***
Submit DDPG low-n stage	UNKNOWN STEP	2026-07-28T15:15:49.2963647Z ##[endgroup]
Submit DDPG low-n stage	UNKNOWN STEP	2026-07-28T15:15:49.2964607Z ##[group]Fetching the repository
Submit DDPG low-n stage	UNKNOWN STEP	2026-07-28T15:15:49.2972885Z [command]/usr/bin/git -c protocol.version=2 fetch --no-tags --prune --no-recurse-submodules --depth=1 origin +99318fefa53bef91fa5f105ec71ddae73fc96c39:refs/remotes/origin/experiments/drl-six-method-v1
Submit DDPG low-n stage	UNKNOWN STEP	2026-07-28T15:15:52.7567198Z From https://github.com/Juliolayme/STAR_RIS_RSMA_TD3
Submit DDPG low-n stage	UNKNOWN STEP	2026-07-28T15:15:52.7568072Z  * [new ref]         99318fefa53bef91fa5f105ec71ddae73fc96c39 -> origin/experiments/drl-six-method-v1
Submit DDPG low-n stage	UNKNOWN STEP	2026-07-28T15:15:52.7586613Z ##[endgroup]
Submit DDPG low-n stage	UNKNOWN STEP	2026-07-28T15:15:52.7587216Z ##[group]Determining the checkout info
Submit DDPG low-n stage	UNKNOWN STEP	2026-07-28T15:15:52.7588812Z ##[endgroup]
Submit DDPG low-n stage	UNKNOWN STEP	2026-07-28T15:15:52.7593779Z [command]/usr/bin/git sparse-checkout disable
Submit DDPG low-n stage	UNKNOWN STEP	2026-07-28T15:15:52.7628818Z [command]/usr/bin/git config --local --unset-all extensions.worktreeConfig
Submit DDPG low-n stage	UNKNOWN STEP	2026-07-28T15:15:52.7654886Z ##[group]Checking out the ref
Submit DDPG low-n stage	UNKNOWN STEP	2026-07-28T15:15:52.7658936Z [command]/usr/bin/git checkout --progress --force -B experiments/drl-six-method-v1 refs/remotes/origin/experiments/drl-six-method-v1
Submit DDPG low-n stage	UNKNOWN STEP	2026-07-28T15:15:53.2176716Z Switched to a new branch 'experiments/drl-six-method-v1'
Submit DDPG low-n stage	UNKNOWN STEP	2026-07-28T15:15:53.2177521Z branch 'experiments/drl-six-method-v1' set up to track 'origin/experiments/drl-six-method-v1'.
Submit DDPG low-n stage	UNKNOWN STEP	2026-07-28T15:15:53.2212441Z ##[endgroup]
Submit DDPG low-n stage	UNKNOWN STEP	2026-07-28T15:15:53.2254279Z [command]/usr/bin/git log -1 --format=%H
Submit DDPG low-n stage	UNKNOWN STEP	2026-07-28T15:15:53.2274593Z 99318fefa53bef91fa5f105ec71ddae73fc96c39
Submit DDPG low-n stage	UNKNOWN STEP	2026-07-28T15:15:53.2492750Z Node 20 is being deprecated. This workflow is running with Node 24 by default. If you need to temporarily use Node 20, you can set the ACTIONS_ALLOW_USE_UNSECURE_NODE_VERSION=true environment variable. For more information see: https://github.blog/changelog/2025-09-19-deprecation-of-node-20-on-github-actions-runners/
Submit DDPG low-n stage	UNKNOWN STEP	2026-07-28T15:15:53.2494347Z ##[group]Run actions/setup-python@v5
Submit DDPG low-n stage	UNKNOWN STEP	2026-07-28T15:15:53.2494564Z with:
Submit DDPG low-n stage	UNKNOWN STEP	2026-07-28T15:15:53.2494734Z   python-version: 3.11
Submit DDPG low-n stage	UNKNOWN STEP	2026-07-28T15:15:53.2494938Z   check-latest: false
Submit DDPG low-n stage	UNKNOWN STEP	2026-07-28T15:15:53.2496986Z   token: ***
Submit DDPG low-n stage	UNKNOWN STEP	2026-07-28T15:15:53.2497167Z   update-environment: true
Submit DDPG low-n stage	UNKNOWN STEP	2026-07-28T15:15:53.2497376Z   allow-prereleases: false
Submit DDPG low-n stage	UNKNOWN STEP	2026-07-28T15:15:53.2497563Z   freethreaded: false
Submit DDPG low-n stage	UNKNOWN STEP	2026-07-28T15:15:53.2497735Z env:
Submit DDPG low-n stage	UNKNOWN STEP	2026-07-28T15:15:53.2497894Z   KAGGLE_USERNAME: ronganminh
Submit DDPG low-n stage	UNKNOWN STEP	2026-07-28T15:15:53.2498147Z   KAGGLE_KEY: ***
Submit DDPG low-n stage	UNKNOWN STEP	2026-07-28T15:15:53.2498316Z   METHOD: ddpg
Submit DDPG low-n stage	UNKNOWN STEP	2026-07-28T15:15:53.2498477Z   N_VALUES: 16 32 64
Submit DDPG low-n stage	UNKNOWN STEP	2026-07-28T15:15:53.2498718Z   KERNEL_SLUG: star-ris-ddpg-sixmethod-low-n-v1
Submit DDPG low-n stage	UNKNOWN STEP	2026-07-28T15:15:53.2499030Z   REPO_COMMIT: 99318fefa53bef91fa5f105ec71ddae73fc96c39
Submit DDPG low-n stage	UNKNOWN STEP	2026-07-28T15:15:53.2499290Z ##[endgroup]
Submit DDPG low-n stage	UNKNOWN STEP	2026-07-28T15:15:53.3514077Z ##[group]Installed versions
Submit DDPG low-n stage	UNKNOWN STEP	2026-07-28T15:15:53.3582170Z (node:2039) [DEP0040] DeprecationWarning: The `punycode` module is deprecated. Please use a userland alternative instead.
Submit DDPG low-n stage	UNKNOWN STEP	2026-07-28T15:15:53.3582863Z (Use `node --trace-deprecation ...` to show where the warning was created)
Submit DDPG low-n stage	UNKNOWN STEP	2026-07-28T15:15:53.3583445Z Successfully set up CPython (3.11.15)
Submit DDPG low-n stage	UNKNOWN STEP	2026-07-28T15:15:53.3584011Z ##[endgroup]
Submit DDPG low-n stage	UNKNOWN STEP	2026-07-28T15:15:53.3782508Z ##[group]Run python -m pip install "kaggle>=1.8.4,<3"
Submit DDPG low-n stage	UNKNOWN STEP	2026-07-28T15:15:53.3782959Z ^[[36;1mpython -m pip install "kaggle>=1.8.4,<3"^[[0m
Submit DDPG low-n stage	UNKNOWN STEP	2026-07-28T15:15:53.3899841Z shell: /usr/bin/bash -e {0}
Submit DDPG low-n stage	UNKNOWN STEP	2026-07-28T15:15:53.3900130Z env:
Submit DDPG low-n stage	UNKNOWN STEP	2026-07-28T15:15:53.3900332Z   KAGGLE_USERNAME: ronganminh
Submit DDPG low-n stage	UNKNOWN STEP	2026-07-28T15:15:53.3900780Z   KAGGLE_KEY: ***
Submit DDPG low-n stage	UNKNOWN STEP	2026-07-28T15:15:53.3901065Z   METHOD: ddpg
Submit DDPG low-n stage	UNKNOWN STEP	2026-07-28T15:15:53.3901280Z   N_VALUES: 16 32 64
Submit DDPG low-n stage	UNKNOWN STEP	2026-07-28T15:15:53.3901497Z   KERNEL_SLUG: star-ris-ddpg-sixmethod-low-n-v1
Submit DDPG low-n stage	UNKNOWN STEP	2026-07-28T15:15:53.3901787Z   REPO_COMMIT: 99318fefa53bef91fa5f105ec71ddae73fc96c39
Submit DDPG low-n stage	UNKNOWN STEP	2026-07-28T15:15:53.3902094Z   pythonLocation: /opt/hostedtoolcache/Python/3.11.15/x64
Submit DDPG low-n stage	UNKNOWN STEP	2026-07-28T15:15:53.3902447Z   PKG_CONFIG_PATH: /opt/hostedtoolcache/Python/3.11.15/x64/lib/pkgconfig
Submit DDPG low-n stage	UNKNOWN STEP	2026-07-28T15:15:53.3902782Z   Python_ROOT_DIR: /opt/hostedtoolcache/Python/3.11.15/x64
Submit DDPG low-n stage	UNKNOWN STEP	2026-07-28T15:15:53.3903076Z   Python2_ROOT_DIR: /opt/hostedtoolcache/Python/3.11.15/x64
Submit DDPG low-n stage	UNKNOWN STEP	2026-07-28T15:15:53.3903444Z   Python3_ROOT_DIR: /opt/hostedtoolcache/Python/3.11.15/x64
Submit DDPG low-n stage	UNKNOWN STEP	2026-07-28T15:15:53.3903748Z   LD_LIBRARY_PATH: /opt/hostedtoolcache/Python/3.11.15/x64/lib
Submit DDPG low-n stage	UNKNOWN STEP	2026-07-28T15:15:53.3904005Z ##[endgroup]
Submit DDPG low-n stage	UNKNOWN STEP	2026-07-28T15:15:56.0966279Z Collecting kaggle<3,>=1.8.4
Submit DDPG low-n stage	UNKNOWN STEP	2026-07-28T15:15:56.1652253Z   Downloading kaggle-2.2.4-py3-none-any.whl.metadata (17 kB)
Submit DDPG low-n stage	UNKNOWN STEP	2026-07-28T15:15:56.1931075Z Collecting bleach (from kaggle<3,>=1.8.4)
Submit DDPG low-n stage	UNKNOWN STEP	2026-07-28T15:15:56.2026321Z   Downloading bleach-6.4.0-py3-none-any.whl.metadata (32 kB)
Submit DDPG low-n stage	UNKNOWN STEP	2026-07-28T15:15:56.2377106Z Collecting jupytext (from kaggle<3,>=1.8.4)
Submit DDPG low-n stage	UNKNOWN STEP	2026-07-28T15:15:56.2472604Z   Downloading jupytext-1.19.5-py3-none-any.whl.metadata (15 kB)
Submit DDPG low-n stage	UNKNOWN STEP	2026-07-28T15:15:56.2690122Z Collecting kagglesdk<1.0,>=0.1.35 (from kaggle<3,>=1.8.4)
Submit DDPG low-n stage	UNKNOWN STEP	2026-07-28T15:15:56.2789954Z   Downloading kagglesdk-0.1.35-py3-none-any.whl.metadata (13 kB)
Submit DDPG low-n stage	UNKNOWN STEP	2026-07-28T15:15:56.3079811Z Collecting packaging (from kaggle<3,>=1.8.4)
Submit DDPG low-n stage	UNKNOWN STEP	2026-07-28T15:15:56.3176302Z   Downloading packaging-26.2-py3-none-any.whl.metadata (3.5 kB)
Submit DDPG low-n stage	UNKNOWN STEP	2026-07-28T15:15:56.4489057Z Collecting protobuf (from kaggle<3,>=1.8.4)
Submit DDPG low-n stage	UNKNOWN STEP	2026-07-28T15:15:56.4585309Z   Downloading protobuf-7.35.1-cp310-abi3-manylinux2014_x86_64.whl.metadata (595 bytes)
Submit DDPG low-n stage	UNKNOWN STEP	2026-07-28T15:15:56.4770543Z Collecting python-dateutil (from kaggle<3,>=1.8.4)
Submit DDPG low-n stage	UNKNOWN STEP	2026-07-28T15:15:56.4864132Z   Downloading python_dateutil-2.9.0.post0-py2.py3-none-any.whl.metadata (8.4 kB)
Submit DDPG low-n stage	UNKNOWN STEP	2026-07-28T15:15:56.5205444Z Collecting python-dotenv (from kaggle<3,>=1.8.4)
Submit DDPG low-n stage	UNKNOWN STEP	2026-07-28T15:15:56.5297496Z   Downloading python_dotenv-1.2.2-py3-none-any.whl.metadata (27 kB)
Submit DDPG low-n stage	UNKNOWN STEP	2026-07-28T15:15:56.5484068Z Collecting python-slugify (from kaggle<3,>=1.8.4)
Submit DDPG low-n stage	UNKNOWN STEP	2026-07-28T15:15:56.5576491Z   Downloading python_slugify-8.0.4-py2.py3-none-any.whl.metadata (8.5 kB)
Submit DDPG low-n stage	UNKNOWN STEP	2026-07-28T15:15:56.5803825Z Collecting requests (from kaggle<3,>=1.8.4)
Submit DDPG low-n stage	UNKNOWN STEP	2026-07-28T15:15:56.5899353Z   Downloading requests-2.34.2-py3-none-any.whl.metadata (4.8 kB)
Submit DDPG low-n stage	UNKNOWN STEP	2026-07-28T15:15:56.6177613Z Collecting tqdm (from kaggle<3,>=1.8.4)
Submit DDPG low-n stage	UNKNOWN STEP	2026-07-28T15:15:56.6272108Z   Downloading tqdm-4.70.0-py3-none-any.whl.metadata (57 kB)
Submit DDPG low-n stage	UNKNOWN STEP	2026-07-28T15:15:56.6550294Z Collecting urllib3>=1.15.1 (from kaggle<3,>=1.8.4)
Submit DDPG low-n stage	UNKNOWN STEP	2026-07-28T15:15:56.6649938Z   Downloading urllib3-2.7.0-py3-none-any.whl.metadata (6.9 kB)
Submit DDPG low-n stage	UNKNOWN STEP	2026-07-28T15:15:56.6810804Z Collecting webencodings (from bleach->kaggle<3,>=1.8.4)
Submit DDPG low-n stage	UNKNOWN STEP	2026-07-28T15:15:56.6901712Z   Downloading webencodings-0.5.1-py2.py3-none-any.whl.metadata (2.1 kB)
Submit DDPG low-n stage	UNKNOWN STEP	2026-07-28T15:15:56.7214749Z Collecting markdown-it-py>=1.0 (from jupytext->kaggle<3,>=1.8.4)
Submit DDPG low-n stage	UNKNOWN STEP	2026-07-28T15:15:56.7309486Z   Downloading markdown_it_py-4.2.0-py3-none-any.whl.metadata (7.4 kB)
Submit DDPG low-n stage	UNKNOWN STEP	2026-07-28T15:15:56.7498446Z Collecting mdit-py-plugins (from jupytext->kaggle<3,>=1.8.4)
Submit DDPG low-n stage	UNKNOWN STEP	2026-07-28T15:15:56.7590087Z   Downloading mdit_py_plugins-0.6.1-py3-none-any.whl.metadata (2.9 kB)
Submit DDPG low-n stage	UNKNOWN STEP	2026-07-28T15:15:56.7759805Z Collecting nbformat (from jupytext->kaggle<3,>=1.8.4)
Submit DDPG low-n stage	UNKNOWN STEP	2026-07-28T15:15:56.7853652Z   Downloading nbformat-5.10.4-py3-none-any.whl.metadata (3.6 kB)
Submit DDPG low-n stage	UNKNOWN STEP	2026-07-28T15:15:56.8158157Z Collecting pyyaml (from jupytext->kaggle<3,>=1.8.4)
Submit DDPG low-n stage	UNKNOWN STEP	2026-07-28T15:15:56.8253994Z   Downloading pyyaml-6.0.3-cp311-cp311-manylinux2014_x86_64.manylinux_2_17_x86_64.manylinux_2_28_x86_64.whl.metadata (2.4 kB)
Submit DDPG low-n stage	UNKNOWN STEP	2026-07-28T15:15:56.8410872Z Collecting mdurl~=0.1 (from markdown-it-py>=1.0->jupytext->kaggle<3,>=1.8.4)
Submit DDPG low-n stage	UNKNOWN STEP	2026-07-28T15:15:56.8504486Z   Downloading mdurl-0.1.2-py3-none-any.whl.metadata (1.6 kB)
Submit DDPG low-n stage	UNKNOWN STEP	2026-07-28T15:15:56.8686054Z Collecting fastjsonschema>=2.15 (from nbformat->jupytext->kaggle<3,>=1.8.4)
Submit DDPG low-n stage	UNKNOWN STEP	2026-07-28T15:15:56.8780326Z   Downloading fastjsonschema-2.22.1-py3-none-any.whl.metadata (2.1 kB)
Submit DDPG low-n stage	UNKNOWN STEP	2026-07-28T15:15:56.8996500Z Collecting jsonschema>=2.6 (from nbformat->jupytext->kaggle<3,>=1.8.4)
Submit DDPG low-n stage	UNKNOWN STEP	2026-07-28T15:15:56.9094031Z   Downloading jsonschema-4.26.0-py3-none-any.whl.metadata (7.6 kB)
Submit DDPG low-n stage	UNKNOWN STEP	2026-07-28T15:15:56.9396402Z Collecting jupyter-core!=5.0.*,>=4.12 (from nbformat->jupytext->kaggle<3,>=1.8.4)
Submit DDPG low-n stage	UNKNOWN STEP	2026-07-28T15:15:56.9494754Z   Downloading jupyter_core-5.9.1-py3-none-any.whl.metadata (1.5 kB)
Submit DDPG low-n stage	UNKNOWN STEP	2026-07-28T15:15:56.9682669Z Collecting traitlets>=5.1 (from nbformat->jupytext->kaggle<3,>=1.8.4)
Submit DDPG low-n stage	UNKNOWN STEP	2026-07-28T15:15:56.9776346Z   Downloading traitlets-5.15.1-py3-none-any.whl.metadata (10 kB)
Submit DDPG low-n stage	UNKNOWN STEP	2026-07-28T15:15:57.0054491Z Collecting attrs>=22.2.0 (from jsonschema>=2.6->nbformat->jupytext->kaggle<3,>=1.8.4)
Submit DDPG low-n stage	UNKNOWN STEP	2026-07-28T15:15:57.0147333Z   Downloading attrs-26.1.0-py3-none-any.whl.metadata (8.8 kB)
Submit DDPG low-n stage	UNKNOWN STEP	2026-07-28T15:15:57.0308085Z Collecting jsonschema-specifications>=2023.03.6 (from jsonschema>=2.6->nbformat->jupytext->kaggle<3,>=1.8.4)
Submit DDPG low-n stage	UNKNOWN STEP	2026-07-28T15:15:57.0403473Z   Downloading jsonschema_specifications-2025.9.1-py3-none-any.whl.metadata (2.9 kB)
Submit DDPG low-n stage	UNKNOWN STEP	2026-07-28T15:15:57.0601852Z Collecting referencing>=0.28.4 (from jsonschema>=2.6->nbformat->jupytext->kaggle<3,>=1.8.4)
Submit DDPG low-n stage	UNKNOWN STEP	2026-07-28T15:15:57.0698648Z   Downloading referencing-0.37.0-py3-none-any.whl.metadata (2.8 kB)
Submit DDPG low-n stage	UNKNOWN STEP	2026-07-28T15:15:57.2596444Z Collecting rpds-py>=0.25.0 (from jsonschema>=2.6->nbformat->jupytext->kaggle<3,>=1.8.4)
Submit DDPG low-n stage	UNKNOWN STEP	2026-07-28T15:15:57.2693680Z   Downloading rpds_py-2026.6.3-cp311-cp311-manylinux_2_17_x86_64.manylinux2014_x86_64.whl.metadata (4.1 kB)
Submit DDPG low-n stage	UNKNOWN STEP	2026-07-28T15:15:57.2899654Z Collecting platformdirs>=2.5 (from jupyter-core!=5.0.*,>=4.12->nbformat->jupytext->kaggle<3,>=1.8.4)
Submit DDPG low-n stage	UNKNOWN STEP	2026-07-28T15:15:57.2995883Z   Downloading platformdirs-4.11.0-py3-none-any.whl.metadata (5.5 kB)
Submit DDPG low-n stage	UNKNOWN STEP	2026-07-28T15:15:57.3199395Z Collecting typing-extensions>=4.4.0 (from referencing>=0.28.4->jsonschema>=2.6->nbformat->jupytext->kaggle<3,>=1.8.4)
Submit DDPG low-n stage	UNKNOWN STEP	2026-07-28T15:15:57.3292200Z   Downloading typing_extensions-4.16.0-py3-none-any.whl.metadata (3.3 kB)
Submit DDPG low-n stage	UNKNOWN STEP	2026-07-28T15:15:57.4153888Z Collecting six>=1.5 (from python-dateutil->kaggle<3,>=1.8.4)
Submit DDPG low-n stage	UNKNOWN STEP	2026-07-28T15:15:57.4247394Z   Downloading six-1.17.0-py2.py3-none-any.whl.metadata (1.7 kB)
Submit DDPG low-n stage	UNKNOWN STEP	2026-07-28T15:15:57.4401235Z Collecting text-unidecode>=1.3 (from python-slugify->kaggle<3,>=1.8.4)
Submit DDPG low-n stage	UNKNOWN STEP	2026-07-28T15:15:57.4492541Z   Downloading text_unidecode-1.3-py2.py3-none-any.whl.metadata (2.4 kB)
Submit DDPG low-n stage	UNKNOWN STEP	2026-07-28T15:15:57.5168832Z Collecting charset_normalizer<4,>=2 (from requests->kaggle<3,>=1.8.4)
Submit DDPG low-n stage	UNKNOWN STEP	2026-07-28T15:15:57.5262512Z   Downloading charset_normalizer-3.4.9-cp311-cp311-manylinux2014_x86_64.manylinux_2_17_x86_64.manylinux_2_28_x86_64.whl.metadata (41 kB)
Submit DDPG low-n stage	UNKNOWN STEP	2026-07-28T15:15:57.5452862Z Collecting idna<4,>=2.5 (from requests->kaggle<3,>=1.8.4)
Submit DDPG low-n stage	UNKNOWN STEP	2026-07-28T15:15:57.5545627Z   Downloading idna-3.18-py3-none-any.whl.metadata (6.1 kB)
Submit DDPG low-n stage	UNKNOWN STEP	2026-07-28T15:15:57.5918779Z Collecting certifi>=2023.5.7 (from requests->kaggle<3,>=1.8.4)
Submit DDPG low-n stage	UNKNOWN STEP	2026-07-28T15:15:57.6017677Z   Downloading certifi-2026.7.22-py3-none-any.whl.metadata (2.5 kB)
Submit DDPG low-n stage	UNKNOWN STEP	2026-07-28T15:15:57.6161241Z Downloading kaggle-2.2.4-py3-none-any.whl (126 kB)
Submit DDPG low-n stage	UNKNOWN STEP	2026-07-28T15:15:57.6455145Z Downloading kagglesdk-0.1.35-py3-none-any.whl (248 kB)
Submit DDPG low-n stage	UNKNOWN STEP	2026-07-28T15:15:57.6653270Z Downloading urllib3-2.7.0-py3-none-any.whl (131 kB)
Submit DDPG low-n stage	UNKNOWN STEP	2026-07-28T15:15:57.6770691Z Downloading bleach-6.4.0-py3-none-any.whl (165 kB)
Submit DDPG low-n stage	UNKNOWN STEP	2026-07-28T15:15:57.6893263Z Downloading jupytext-1.19.5-py3-none-any.whl (229 kB)
Submit DDPG low-n stage	UNKNOWN STEP	2026-07-28T15:15:57.7031505Z Downloading markdown_it_py-4.2.0-py3-none-any.whl (91 kB)
Submit DDPG low-n stage	UNKNOWN STEP	2026-07-28T15:15:57.7144408Z Downloading mdurl-0.1.2-py3-none-any.whl (10.0 kB)
Submit DDPG low-n stage	UNKNOWN STEP	2026-07-28T15:15:57.7256151Z Downloading mdit_py_plugins-0.6.1-py3-none-any.whl (66 kB)
Submit DDPG low-n stage	UNKNOWN STEP	2026-07-28T15:15:57.7380637Z Downloading nbformat-5.10.4-py3-none-any.whl (78 kB)
Submit DDPG low-n stage	UNKNOWN STEP	2026-07-28T15:15:57.7491398Z Downloading fastjsonschema-2.22.1-py3-none-any.whl (26 kB)
Submit DDPG low-n stage	UNKNOWN STEP	2026-07-28T15:15:57.7600475Z Downloading jsonschema-4.26.0-py3-none-any.whl (90 kB)
Submit DDPG low-n stage	UNKNOWN STEP	2026-07-28T15:15:57.7711069Z Downloading attrs-26.1.0-py3-none-any.whl (67 kB)
Submit DDPG low-n stage	UNKNOWN STEP	2026-07-28T15:15:57.7824271Z Downloading jsonschema_specifications-2025.9.1-py3-none-any.whl (18 kB)
Submit DDPG low-n stage	UNKNOWN STEP	2026-07-28T15:15:57.7932609Z Downloading jupyter_core-5.9.1-py3-none-any.whl (29 kB)
Submit DDPG low-n stage	UNKNOWN STEP	2026-07-28T15:15:57.8046560Z Downloading platformdirs-4.11.0-py3-none-any.whl (23 kB)
Submit DDPG low-n stage	UNKNOWN STEP	2026-07-28T15:15:57.8158194Z Downloading referencing-0.37.0-py3-none-any.whl (26 kB)
Submit DDPG low-n stage	UNKNOWN STEP	2026-07-28T15:15:57.8270159Z Downloading rpds_py-2026.6.3-cp311-cp311-manylinux_2_17_x86_64.manylinux2014_x86_64.whl (371 kB)
Submit DDPG low-n stage	UNKNOWN STEP	2026-07-28T15:15:57.8591391Z Downloading traitlets-5.15.1-py3-none-any.whl (85 kB)
Submit DDPG low-n stage	UNKNOWN STEP	2026-07-28T15:15:57.8701431Z Downloading typing_extensions-4.16.0-py3-none-any.whl (45 kB)
Submit DDPG low-n stage	UNKNOWN STEP	2026-07-28T15:15:57.8812602Z Downloading packaging-26.2-py3-none-any.whl (100 kB)
Submit DDPG low-n stage	UNKNOWN STEP	2026-07-28T15:15:57.9202906Z Downloading protobuf-7.35.1-cp310-abi3-manylinux2014_x86_64.whl (327 kB)
Submit DDPG low-n stage	UNKNOWN STEP	2026-07-28T15:15:57.9334560Z Downloading python_dateutil-2.9.0.post0-py2.py3-none-any.whl (229 kB)
Submit DDPG low-n stage	UNKNOWN STEP	2026-07-28T15:15:57.9461254Z Downloading six-1.17.0-py2.py3-none-any.whl (11 kB)
Submit DDPG low-n stage	UNKNOWN STEP	2026-07-28T15:15:57.9570929Z Downloading python_dotenv-1.2.2-py3-none-any.whl (22 kB)
Submit DDPG low-n stage	UNKNOWN STEP	2026-07-28T15:15:57.9681725Z Downloading python_slugify-8.0.4-py2.py3-none-any.whl (10 kB)
Submit DDPG low-n stage	UNKNOWN STEP	2026-07-28T15:15:57.9792743Z Downloading text_unidecode-1.3-py2.py3-none-any.whl (78 kB)
Submit DDPG low-n stage	UNKNOWN STEP	2026-07-28T15:15:57.9905663Z Downloading pyyaml-6.0.3-cp311-cp311-manylinux2014_x86_64.manylinux_2_17_x86_64.manylinux_2_28_x86_64.whl (806 kB)
Submit DDPG low-n stage	UNKNOWN STEP	2026-07-28T15:15:58.0053861Z    ━━━━━━━━━━━━━━━━━━━━━━━━━━━━━━━━━━━━━━━━ 806.6/806.6 kB 43.3 MB/s  0:00:00
Submit DDPG low-n stage	UNKNOWN STEP	2026-07-28T15:15:58.0146685Z Downloading requests-2.34.2-py3-none-any.whl (73 kB)
Submit DDPG low-n stage	UNKNOWN STEP	2026-07-28T15:15:58.0260918Z Downloading charset_normalizer-3.4.9-cp311-cp311-manylinux2014_x86_64.manylinux_2_17_x86_64.manylinux_2_28_x86_64.whl (221 kB)
Submit DDPG low-n stage	UNKNOWN STEP	2026-07-28T15:15:58.0372309Z Downloading idna-3.18-py3-none-any.whl (65 kB)
Submit DDPG low-n stage	UNKNOWN STEP	2026-07-28T15:15:58.0482038Z Downloading certifi-2026.7.22-py3-none-any.whl (136 kB)
Submit DDPG low-n stage	UNKNOWN STEP	2026-07-28T15:15:58.0735633Z Downloading tqdm-4.70.0-py3-none-any.whl (80 kB)
Submit DDPG low-n stage	UNKNOWN STEP	2026-07-28T15:15:58.0847717Z Downloading webencodings-0.5.1-py2.py3-none-any.whl (11 kB)
Submit DDPG low-n stage	UNKNOWN STEP	2026-07-28T15:15:58.1907336Z Installing collected packages: webencodings, text-unidecode, urllib3, typing-extensions, traitlets, tqdm, six, rpds-py, pyyaml, python-slugify, python-dotenv, protobuf, platformdirs, packaging, mdurl, idna, fastjsonschema, charset_normalizer, certifi, bleach, attrs, requests, referencing, python-dateutil, markdown-it-py, jupyter-core, mdit-py-plugins, kagglesdk, jsonschema-specifications, jsonschema, nbformat, jupytext, kaggle
Submit DDPG low-n stage	UNKNOWN STEP	2026-07-28T15:15:59.4505873Z 
Submit DDPG low-n stage	UNKNOWN STEP	2026-07-28T15:15:59.4521851Z Successfully installed attrs-26.1.0 bleach-6.4.0 certifi-2026.7.22 charset_normalizer-3.4.9 fastjsonschema-2.22.1 idna-3.18 jsonschema-4.26.0 jsonschema-specifications-2025.9.1 jupyter-core-5.9.1 jupytext-1.19.5 kaggle-2.2.4 kagglesdk-0.1.35 markdown-it-py-4.2.0 mdit-py-plugins-0.6.1 mdurl-0.1.2 nbformat-5.10.4 packaging-26.2 platformdirs-4.11.0 protobuf-7.35.1 python-dateutil-2.9.0.post0 python-dotenv-1.2.2 python-slugify-8.0.4 pyyaml-6.0.3 referencing-0.37.0 requests-2.34.2 rpds-py-2026.6.3 six-1.17.0 text-unidecode-1.3 tqdm-4.70.0 traitlets-5.15.1 typing-extensions-4.16.0 urllib3-2.7.0 webencodings-0.5.1
Submit DDPG low-n stage	UNKNOWN STEP	2026-07-28T15:15:59.5237268Z ##[group]Run set -euo pipefail
Submit DDPG low-n stage	UNKNOWN STEP	2026-07-28T15:15:59.5237597Z ^[[36;1mset -euo pipefail^[[0m
Submit DDPG low-n stage	UNKNOWN STEP	2026-07-28T15:15:59.5237799Z ^[[36;1mrm -rf kaggle_submit^[[0m
Submit DDPG low-n stage	UNKNOWN STEP	2026-07-28T15:15:59.5238005Z ^[[36;1mmkdir -p kaggle_submit^[[0m
Submit DDPG low-n stage	UNKNOWN STEP	2026-07-28T15:15:59.5238221Z ^[[36;1mpython - <<'PY'^[[0m
Submit DDPG low-n stage	UNKNOWN STEP	2026-07-28T15:15:59.5238426Z ^[[36;1mimport json^[[0m
Submit DDPG low-n stage	UNKNOWN STEP	2026-07-28T15:15:59.5238600Z ^[[36;1mimport os^[[0m
Submit DDPG low-n stage	UNKNOWN STEP	2026-07-28T15:15:59.5238781Z ^[[36;1mfrom pathlib import Path^[[0m
Submit DDPG low-n stage	UNKNOWN STEP	2026-07-28T15:15:59.5238988Z ^[[36;1m^[[0m
Submit DDPG low-n stage	UNKNOWN STEP	2026-07-28T15:15:59.5239157Z ^[[36;1mmethod = os.environ["METHOD"]^[[0m
Submit DDPG low-n stage	UNKNOWN STEP	2026-07-28T15:15:59.5239464Z ^[[36;1mn_values = [int(value) for value in os.environ["N_VALUES"].split()]^[[0m
Submit DDPG low-n stage	UNKNOWN STEP	2026-07-28T15:15:59.5239784Z ^[[36;1mcommit = os.environ["REPO_COMMIT"]^[[0m
Submit DDPG low-n stage	UNKNOWN STEP	2026-07-28T15:15:59.5240021Z ^[[36;1mslug = os.environ["KERNEL_SLUG"]^[[0m
Submit DDPG low-n stage	UNKNOWN STEP	2026-07-28T15:15:59.5240371Z ^[[36;1moutput_name = f"six_method_{method}_{'low_n' if max(n_values) <= 64 else 'high_n'}"^[[0m
Submit DDPG low-n stage	UNKNOWN STEP	2026-07-28T15:15:59.5240803Z ^[[36;1mrunner = f'''from __future__ import annotations^[[0m
Submit DDPG low-n stage	UNKNOWN STEP	2026-07-28T15:15:59.5241058Z ^[[36;1mimport shutil^[[0m
Submit DDPG low-n stage	UNKNOWN STEP	2026-07-28T15:15:59.5241255Z ^[[36;1mimport subprocess^[[0m
Submit DDPG low-n stage	UNKNOWN STEP	2026-07-28T15:15:59.5241438Z ^[[36;1mimport sys^[[0m
Submit DDPG low-n stage	UNKNOWN STEP	2026-07-28T15:15:59.5241619Z ^[[36;1mfrom pathlib import Path^[[0m
Submit DDPG low-n stage	UNKNOWN STEP	2026-07-28T15:15:59.5241816Z ^[[36;1m^[[0m
Submit DDPG low-n stage	UNKNOWN STEP	2026-07-28T15:15:59.5242022Z ^[[36;1mREPO = Path("/kaggle/working/STAR_RIS_RSMA_TD3")^[[0m
Submit DDPG low-n stage	UNKNOWN STEP	2026-07-28T15:15:59.5242280Z ^[[36;1mif REPO.exists():^[[0m
Submit DDPG low-n stage	UNKNOWN STEP	2026-07-28T15:15:59.5242470Z ^[[36;1m    shutil.rmtree(REPO)^[[0m
Submit DDPG low-n stage	UNKNOWN STEP	2026-07-28T15:15:59.5242917Z ^[[36;1msubprocess.run(["git", "clone", "--filter=blob:none", "https://github.com/Juliolayme/STAR_RIS_RSMA_TD3.git", str(REPO)], check=True)^[[0m
Submit DDPG low-n stage	UNKNOWN STEP	2026-07-28T15:15:59.5243458Z ^[[36;1msubprocess.run(["git", "checkout", "--detach", "{commit}"], cwd=REPO, check=True)^[[0m
Submit DDPG low-n stage	UNKNOWN STEP	2026-07-28T15:15:59.5243975Z ^[[36;1msubprocess.run([sys.executable, "-m", "pip", "install", "-q", "--no-build-isolation", "-e", str(REPO), "tabulate"], check=True)^[[0m
Submit DDPG low-n stage	UNKNOWN STEP	2026-07-28T15:15:59.5244387Z ^[[36;1msubprocess.run([^[[0m
Submit DDPG low-n stage	UNKNOWN STEP	2026-07-28T15:15:59.5244573Z ^[[36;1m    sys.executable,^[[0m
Submit DDPG low-n stage	UNKNOWN STEP	2026-07-28T15:15:59.5244774Z ^[[36;1m    "scripts/run_drl_stage.py",^[[0m
Submit DDPG low-n stage	UNKNOWN STEP	2026-07-28T15:15:59.5245002Z ^[[36;1m    "--method", "{method}",^[[0m
Submit DDPG low-n stage	UNKNOWN STEP	2026-07-28T15:15:59.5245264Z ^[[36;1m    "--n-values", {', '.join(repr(str(v)) for v in n_values)},^[[0m
Submit DDPG low-n stage	UNKNOWN STEP	2026-07-28T15:15:59.5245870Z ^[[36;1m    "--seeds", "0", "1", "2", "3", "4", "5", "6", "7",^[[0m
Submit DDPG low-n stage	UNKNOWN STEP	2026-07-28T15:15:59.5246141Z ^[[36;1m    "--output", "/kaggle/working/{output_name}",^[[0m
Submit DDPG low-n stage	UNKNOWN STEP	2026-07-28T15:15:59.5246386Z ^[[36;1m    "--max-parallel", "2",^[[0m
Submit DDPG low-n stage	UNKNOWN STEP	2026-07-28T15:15:59.5246592Z ^[[36;1m], cwd=REPO, check=True)^[[0m
Submit DDPG low-n stage	UNKNOWN STEP	2026-07-28T15:15:59.5246783Z ^[[36;1m'''^[[0m
Submit DDPG low-n stage	UNKNOWN STEP	2026-07-28T15:15:59.5247036Z ^[[36;1mPath("kaggle_submit/runner.py").write_text(runner, encoding="utf-8")^[[0m
Submit DDPG low-n stage	UNKNOWN STEP	2026-07-28T15:15:59.5247331Z ^[[36;1mmetadata = {^[[0m
Submit DDPG low-n stage	UNKNOWN STEP	2026-07-28T15:15:59.5247548Z ^[[36;1m    "id": f"{os.environ['KAGGLE_USERNAME']}/{slug}",^[[0m
Submit DDPG low-n stage	UNKNOWN STEP	2026-07-28T15:15:59.5247890Z ^[[36;1m    "title": f"STAR-RIS {method.upper()} six-method benchmark {n_values}",^[[0m
Submit DDPG low-n stage	UNKNOWN STEP	2026-07-28T15:15:59.5248195Z ^[[36;1m    "code_file": "runner.py",^[[0m
Submit DDPG low-n stage	UNKNOWN STEP	2026-07-28T15:15:59.5248410Z ^[[36;1m    "language": "python",^[[0m
Submit DDPG low-n stage	UNKNOWN STEP	2026-07-28T15:15:59.5248618Z ^[[36;1m    "kernel_type": "script",^[[0m
Submit DDPG low-n stage	UNKNOWN STEP	2026-07-28T15:15:59.5248827Z ^[[36;1m    "is_private": True,^[[0m
Submit DDPG low-n stage	UNKNOWN STEP	2026-07-28T15:15:59.5249025Z ^[[36;1m    "enable_gpu": True,^[[0m
Submit DDPG low-n stage	UNKNOWN STEP	2026-07-28T15:15:59.5249220Z ^[[36;1m    "enable_internet": True,^[[0m
Submit DDPG low-n stage	UNKNOWN STEP	2026-07-28T15:15:59.5249422Z ^[[36;1m    "enable_tpu": False,^[[0m
Submit DDPG low-n stage	UNKNOWN STEP	2026-07-28T15:15:59.5249627Z ^[[36;1m    "dataset_sources": [],^[[0m
Submit DDPG low-n stage	UNKNOWN STEP	2026-07-28T15:15:59.5249832Z ^[[36;1m    "kernel_sources": [],^[[0m
Submit DDPG low-n stage	UNKNOWN STEP	2026-07-28T15:15:59.5250037Z ^[[36;1m    "competition_sources": [],^[[0m
Submit DDPG low-n stage	UNKNOWN STEP	2026-07-28T15:15:59.5250239Z ^[[36;1m}^[[0m
Submit DDPG low-n stage	UNKNOWN STEP	2026-07-28T15:15:59.5250461Z ^[[36;1mPath("kaggle_submit/kernel-metadata.json").write_text(^[[0m
Submit DDPG low-n stage	UNKNOWN STEP	2026-07-28T15:15:59.5250763Z ^[[36;1m    json.dumps(metadata, indent=2), encoding="utf-8"^[[0m
Submit DDPG low-n stage	UNKNOWN STEP	2026-07-28T15:15:59.5250999Z ^[[36;1m)^[[0m
Submit DDPG low-n stage	UNKNOWN STEP	2026-07-28T15:15:59.5251318Z ^[[36;1mprint(json.dumps(metadata, indent=2))^[[0m
Submit DDPG low-n stage	UNKNOWN STEP	2026-07-28T15:15:59.5251545Z ^[[36;1mPY^[[0m
Submit DDPG low-n stage	UNKNOWN STEP	2026-07-28T15:15:59.5290439Z shell: /usr/bin/bash -e {0}
Submit DDPG low-n stage	UNKNOWN STEP	2026-07-28T15:15:59.5290644Z env:
Submit DDPG low-n stage	UNKNOWN STEP	2026-07-28T15:15:59.5290811Z   KAGGLE_USERNAME: ronganminh
Submit DDPG low-n stage	UNKNOWN STEP	2026-07-28T15:15:59.5291137Z   KAGGLE_KEY: ***
Submit DDPG low-n stage	UNKNOWN STEP	2026-07-28T15:15:59.5291304Z   METHOD: ddpg
Submit DDPG low-n stage	UNKNOWN STEP	2026-07-28T15:15:59.5291471Z   N_VALUES: 16 32 64
Submit DDPG low-n stage	UNKNOWN STEP	2026-07-28T15:15:59.5291678Z   KERNEL_SLUG: star-ris-ddpg-sixmethod-low-n-v1
Submit DDPG low-n stage	UNKNOWN STEP	2026-07-28T15:15:59.5291958Z   REPO_COMMIT: 99318fefa53bef91fa5f105ec71ddae73fc96c39
Submit DDPG low-n stage	UNKNOWN STEP	2026-07-28T15:15:59.5292286Z   pythonLocation: /opt/hostedtoolcache/Python/3.11.15/x64
Submit DDPG low-n stage	UNKNOWN STEP	2026-07-28T15:15:59.5292626Z   PKG_CONFIG_PATH: /opt/hostedtoolcache/Python/3.11.15/x64/lib/pkgconfig
Submit DDPG low-n stage	UNKNOWN STEP	2026-07-28T15:15:59.5292954Z   Python_ROOT_DIR: /opt/hostedtoolcache/Python/3.11.15/x64
Submit DDPG low-n stage	UNKNOWN STEP	2026-07-28T15:15:59.5293271Z   Python2_ROOT_DIR: /opt/hostedtoolcache/Python/3.11.15/x64
Submit DDPG low-n stage	UNKNOWN STEP	2026-07-28T15:15:59.5293586Z   Python3_ROOT_DIR: /opt/hostedtoolcache/Python/3.11.15/x64
Submit DDPG low-n stage	UNKNOWN STEP	2026-07-28T15:15:59.5293886Z   LD_LIBRARY_PATH: /opt/hostedtoolcache/Python/3.11.15/x64/lib
Submit DDPG low-n stage	UNKNOWN STEP	2026-07-28T15:15:59.5294143Z ##[endgroup]
Submit DDPG low-n stage	UNKNOWN STEP	2026-07-28T15:15:59.5544106Z {
Submit DDPG low-n stage	UNKNOWN STEP	2026-07-28T15:15:59.5544514Z   "id": "ronganminh/star-ris-ddpg-sixmethod-low-n-v1",
Submit DDPG low-n stage	UNKNOWN STEP	2026-07-28T15:15:59.5545033Z   "title": "STAR-RIS DDPG six-method benchmark [16, 32, 64]",
Submit DDPG low-n stage	UNKNOWN STEP	2026-07-28T15:15:59.5545641Z   "code_file": "runner.py",
Submit DDPG low-n stage	UNKNOWN STEP	2026-07-28T15:15:59.5545946Z   "language": "python",
Submit DDPG low-n stage	UNKNOWN STEP	2026-07-28T15:15:59.5546243Z   "kernel_type": "script",
Submit DDPG low-n stage	UNKNOWN STEP	2026-07-28T15:15:59.5546537Z   "is_private": true,
Submit DDPG low-n stage	UNKNOWN STEP	2026-07-28T15:15:59.5546823Z   "enable_gpu": true,
Submit DDPG low-n stage	UNKNOWN STEP	2026-07-28T15:15:59.5547097Z   "enable_internet": true,
Submit DDPG low-n stage	UNKNOWN STEP	2026-07-28T15:15:59.5547396Z   "enable_tpu": false,
Submit DDPG low-n stage	UNKNOWN STEP	2026-07-28T15:15:59.5547694Z   "dataset_sources": [],
Submit DDPG low-n stage	UNKNOWN STEP	2026-07-28T15:15:59.5548009Z   "kernel_sources": [],
Submit DDPG low-n stage	UNKNOWN STEP	2026-07-28T15:15:59.5548306Z   "competition_sources": []
Submit DDPG low-n stage	UNKNOWN STEP	2026-07-28T15:15:59.5548591Z }
Submit DDPG low-n stage	UNKNOWN STEP	2026-07-28T15:15:59.5596610Z ##[group]Run set -euo pipefail
Submit DDPG low-n stage	UNKNOWN STEP	2026-07-28T15:15:59.5596867Z ^[[36;1mset -euo pipefail^[[0m
Submit DDPG low-n stage	UNKNOWN STEP	2026-07-28T15:15:59.5597193Z ^[[36;1mkaggle kernels push -p kaggle_submit --accelerator NvidiaTeslaT4 --timeout 43200^[[0m
Submit DDPG low-n stage	UNKNOWN STEP	2026-07-28T15:15:59.5597618Z ^[[36;1mkaggle kernels status "${KAGGLE_USERNAME}/${KERNEL_SLUG}" || true^[[0m
Submit DDPG low-n stage	UNKNOWN STEP	2026-07-28T15:15:59.5634996Z shell: /usr/bin/bash -e {0}
Submit DDPG low-n stage	UNKNOWN STEP	2026-07-28T15:15:59.5635201Z env:
Submit DDPG low-n stage	UNKNOWN STEP	2026-07-28T15:15:59.5635484Z   KAGGLE_USERNAME: ronganminh
Submit DDPG low-n stage	UNKNOWN STEP	2026-07-28T15:15:59.5635944Z   KAGGLE_KEY: ***
Submit DDPG low-n stage	UNKNOWN STEP	2026-07-28T15:15:59.5636121Z   METHOD: ddpg
Submit DDPG low-n stage	UNKNOWN STEP	2026-07-28T15:15:59.5636282Z   N_VALUES: 16 32 64
Submit DDPG low-n stage	UNKNOWN STEP	2026-07-28T15:15:59.5636490Z   KERNEL_SLUG: star-ris-ddpg-sixmethod-low-n-v1
Submit DDPG low-n stage	UNKNOWN STEP	2026-07-28T15:15:59.5636778Z   REPO_COMMIT: 99318fefa53bef91fa5f105ec71ddae73fc96c39
Submit DDPG low-n stage	UNKNOWN STEP	2026-07-28T15:15:59.5637082Z   pythonLocation: /opt/hostedtoolcache/Python/3.11.15/x64
Submit DDPG low-n stage	UNKNOWN STEP	2026-07-28T15:15:59.5637409Z   PKG_CONFIG_PATH: /opt/hostedtoolcache/Python/3.11.15/x64/lib/pkgconfig
Submit DDPG low-n stage	UNKNOWN STEP	2026-07-28T15:15:59.5637762Z   Python_ROOT_DIR: /opt/hostedtoolcache/Python/3.11.15/x64
Submit DDPG low-n stage	UNKNOWN STEP	2026-07-28T15:15:59.5638066Z   Python2_ROOT_DIR: /opt/hostedtoolcache/Python/3.11.15/x64
Submit DDPG low-n stage	UNKNOWN STEP	2026-07-28T15:15:59.5638357Z   Python3_ROOT_DIR: /opt/hostedtoolcache/Python/3.11.15/x64
Submit DDPG low-n stage	UNKNOWN STEP	2026-07-28T15:15:59.5638646Z   LD_LIBRARY_PATH: /opt/hostedtoolcache/Python/3.11.15/x64/lib
Submit DDPG low-n stage	UNKNOWN STEP	2026-07-28T15:15:59.5638900Z ##[endgroup]
Submit DDPG low-n stage	UNKNOWN STEP	2026-07-28T15:16:01.3026893Z Your kernel title does not resolve to the specified id. This may result in surprising behavior. We suggest making your title something that resolves to the specified id. See https://en.wikipedia.org/wiki/Clean_URL#Slug for more information on how slugs are determined.
Submit DDPG low-n stage	UNKNOWN STEP	2026-07-28T15:16:01.3028766Z Kernel version 1 successfully pushed.  Please check progress at https://www.kaggle.com/code/ronganminh/star-ris-ddpg-six-method-benchmark-16-32-64
Submit DDPG low-n stage	UNKNOWN STEP	2026-07-28T15:16:01.6937065Z Cannot access kernel 'ronganminh/star-ris-ddpg-sixmethod-low-n-v1' (Permission 'kernels.get' was denied). The most likely cause is a wrong kernel slug. The benchmark_task_slug returned by get_benchmark_leaderboard differs from the actual kernel slug — use the slug from the notebook URL (kaggle.com/code/owner/KERNEL-SLUG), not from the leaderboard. It can also occur if the notebook is private.
Submit DDPG low-n stage	UNKNOWN STEP	2026-07-28T15:16:01.7401486Z Node 20 is being deprecated. This workflow is running with Node 24 by default. If you need to temporarily use Node 20, you can set the ACTIONS_ALLOW_USE_UNSECURE_NODE_VERSION=true environment variable. For more information see: https://github.blog/changelog/2025-09-19-deprecation-of-node-20-on-github-actions-runners/
Submit DDPG low-n stage	UNKNOWN STEP	2026-07-28T15:16:01.7402404Z Post job cleanup.
Submit DDPG low-n stage	UNKNOWN STEP	2026-07-28T15:16:01.8330326Z (node:2081) [DEP0040] DeprecationWarning: The `punycode` module is deprecated. Please use a userland alternative instead.
Submit DDPG low-n stage	UNKNOWN STEP	2026-07-28T15:16:01.8330909Z (Use `node --trace-deprecation ...` to show where the warning was created)
Submit DDPG low-n stage	UNKNOWN STEP	2026-07-28T15:16:01.8480497Z Node 20 is being deprecated. This workflow is running with Node 24 by default. If you need to temporarily use Node 20, you can set the ACTIONS_ALLOW_USE_UNSECURE_NODE_VERSION=true environment variable. For more information see: https://github.blog/changelog/2025-09-19-deprecation-of-node-20-on-github-actions-runners/
Submit DDPG low-n stage	UNKNOWN STEP	2026-07-28T15:16:01.8497387Z Post job cleanup.
Submit DDPG low-n stage	UNKNOWN STEP	2026-07-28T15:16:01.9168984Z [command]/usr/bin/git version
Submit DDPG low-n stage	UNKNOWN STEP	2026-07-28T15:16:01.9204002Z git version 2.54.0
Submit DDPG low-n stage	UNKNOWN STEP	2026-07-28T15:16:01.9236347Z Temporarily overriding HOME='/home/runner/work/_temp/63daa801-1cac-456d-b836-020ad9b36a7a' before making global git config changes
Submit DDPG low-n stage	UNKNOWN STEP	2026-07-28T15:16:01.9237305Z Adding repository directory to the temporary git global config as a safe directory
Submit DDPG low-n stage	UNKNOWN STEP	2026-07-28T15:16:01.9241042Z [command]/usr/bin/git config --global --add safe.directory /home/runner/work/STAR_RIS_RSMA_TD3/STAR_RIS_RSMA_TD3
Submit DDPG low-n stage	UNKNOWN STEP	2026-07-28T15:16:01.9274897Z [command]/usr/bin/git config --local --name-only --get-regexp core\.sshCommand
Submit DDPG low-n stage	UNKNOWN STEP	2026-07-28T15:16:01.9330032Z [command]/usr/bin/git submodule foreach --recursive sh -c "git config --local --name-only --get-regexp 'core\.sshCommand' && git config --local --unset-all 'core.sshCommand' || :"
Submit DDPG low-n stage	UNKNOWN STEP	2026-07-28T15:16:01.9527642Z fatal: No url found for submodule path 'kaggle_runs/01_td3_low_n/output/STAR_RIS_RSMA_TD3' in .gitmodules
Submit DDPG low-n stage	UNKNOWN STEP	2026-07-28T15:16:01.9568954Z ##[warning]The process '/usr/bin/git' failed with exit code 128
Submit DDPG low-n stage	UNKNOWN STEP	2026-07-28T15:16:01.9658953Z Cleaning up orphan processes
Submit DDPG low-n stage	UNKNOWN STEP	2026-07-28T15:16:01.9927819Z ##[warning]Node.js 20 is deprecated. The following actions target Node.js 20 but are being forced to run on Node.js 24: actions/checkout@v4, actions/setup-python@v5. For more information see: https://github.blog/changelog/2025-09-19-deprecation-of-node-20-on-github-actions-runners/
