Submit PPO low-n stage	UNKNOWN STEP	﻿2026-07-28T15:14:29.1883898Z Current runner version: '2.336.0'
Submit PPO low-n stage	UNKNOWN STEP	2026-07-28T15:14:29.1911461Z ##[group]Runner Image Provisioner
Submit PPO low-n stage	UNKNOWN STEP	2026-07-28T15:14:29.1912524Z Hosted Compute Agent
Submit PPO low-n stage	UNKNOWN STEP	2026-07-28T15:14:29.1913153Z Version: 20260707.563
Submit PPO low-n stage	UNKNOWN STEP	2026-07-28T15:14:29.1913886Z Commit: 02667638d2b423fbc733a8e32a88b44996a3ba6e
Submit PPO low-n stage	UNKNOWN STEP	2026-07-28T15:14:29.1914749Z Build Date: 2026-07-07T19:33:50Z
Submit PPO low-n stage	UNKNOWN STEP	2026-07-28T15:14:29.1915434Z Worker ID: {0bea0a81-967a-42d2-9fa0-31e0673ba87e}
Submit PPO low-n stage	UNKNOWN STEP	2026-07-28T15:14:29.1916246Z Azure Region: eastus2
Submit PPO low-n stage	UNKNOWN STEP	2026-07-28T15:14:29.1917189Z ##[endgroup]
Submit PPO low-n stage	UNKNOWN STEP	2026-07-28T15:14:29.1918768Z ##[group]Operating System
Submit PPO low-n stage	UNKNOWN STEP	2026-07-28T15:14:29.1919442Z Ubuntu
Submit PPO low-n stage	UNKNOWN STEP	2026-07-28T15:14:29.1920034Z 24.04.4
Submit PPO low-n stage	UNKNOWN STEP	2026-07-28T15:14:29.1920629Z LTS
Submit PPO low-n stage	UNKNOWN STEP	2026-07-28T15:14:29.1921184Z ##[endgroup]
Submit PPO low-n stage	UNKNOWN STEP	2026-07-28T15:14:29.1921747Z ##[group]Runner Image
Submit PPO low-n stage	UNKNOWN STEP	2026-07-28T15:14:29.1922456Z Image: ubuntu-24.04
Submit PPO low-n stage	UNKNOWN STEP	2026-07-28T15:14:29.1923092Z Version: 20260720.247.2
Submit PPO low-n stage	UNKNOWN STEP	2026-07-28T15:14:29.1924888Z Included Software: https://github.com/actions/runner-images/blob/ubuntu24/20260720.247/images/ubuntu/Ubuntu2404-Readme.md
Submit PPO low-n stage	UNKNOWN STEP	2026-07-28T15:14:29.1926625Z Image Release: https://github.com/actions/runner-images/releases/tag/ubuntu24%2F20260720.247
Submit PPO low-n stage	UNKNOWN STEP	2026-07-28T15:14:29.1927749Z ##[endgroup]
Submit PPO low-n stage	UNKNOWN STEP	2026-07-28T15:14:29.1928943Z ##[group]GITHUB_TOKEN Permissions
Submit PPO low-n stage	UNKNOWN STEP	2026-07-28T15:14:29.1931272Z Contents: read
Submit PPO low-n stage	UNKNOWN STEP	2026-07-28T15:14:29.1931911Z Metadata: read
Submit PPO low-n stage	UNKNOWN STEP	2026-07-28T15:14:29.1932567Z ##[endgroup]
Submit PPO low-n stage	UNKNOWN STEP	2026-07-28T15:14:29.1934850Z Secret source: Actions
Submit PPO low-n stage	UNKNOWN STEP	2026-07-28T15:14:29.1936315Z Prepare workflow directory
Submit PPO low-n stage	UNKNOWN STEP	2026-07-28T15:14:29.2453032Z Prepare all required actions
Submit PPO low-n stage	UNKNOWN STEP	2026-07-28T15:14:29.2501686Z Getting action download info
Submit PPO low-n stage	UNKNOWN STEP	2026-07-28T15:14:29.4742410Z Download action repository 'actions/checkout@v4' (SHA:11d5960a326750d5838078e36cf38b85af677262)
Submit PPO low-n stage	UNKNOWN STEP	2026-07-28T15:14:29.7536231Z Download action repository 'actions/setup-python@v5' (SHA:a26af69be951a213d495a4c3e4e4022e16d87065)
Submit PPO low-n stage	UNKNOWN STEP	2026-07-28T15:14:29.9716653Z Complete job name: Submit PPO low-n stage
Submit PPO low-n stage	UNKNOWN STEP	2026-07-28T15:14:30.0535375Z Node 20 is being deprecated. This workflow is running with Node 24 by default. If you need to temporarily use Node 20, you can set the ACTIONS_ALLOW_USE_UNSECURE_NODE_VERSION=true environment variable. For more information see: https://github.blog/changelog/2025-09-19-deprecation-of-node-20-on-github-actions-runners/
Submit PPO low-n stage	UNKNOWN STEP	2026-07-28T15:14:30.0544455Z ##[group]Run actions/checkout@v4
Submit PPO low-n stage	UNKNOWN STEP	2026-07-28T15:14:30.0545170Z with:
Submit PPO low-n stage	UNKNOWN STEP	2026-07-28T15:14:30.0545647Z   repository: Juliolayme/STAR_RIS_RSMA_TD3
Submit PPO low-n stage	UNKNOWN STEP	2026-07-28T15:14:30.0550097Z   token: ***
Submit PPO low-n stage	UNKNOWN STEP	2026-07-28T15:14:30.0550553Z   ssh-strict: true
Submit PPO low-n stage	UNKNOWN STEP	2026-07-28T15:14:30.0551012Z   ssh-user: git
Submit PPO low-n stage	UNKNOWN STEP	2026-07-28T15:14:30.0551472Z   persist-credentials: true
Submit PPO low-n stage	UNKNOWN STEP	2026-07-28T15:14:30.0551963Z   clean: true
Submit PPO low-n stage	UNKNOWN STEP	2026-07-28T15:14:30.0552413Z   sparse-checkout-cone-mode: true
Submit PPO low-n stage	UNKNOWN STEP	2026-07-28T15:14:30.0552940Z   fetch-depth: 1
Submit PPO low-n stage	UNKNOWN STEP	2026-07-28T15:14:30.0553376Z   fetch-tags: false
Submit PPO low-n stage	UNKNOWN STEP	2026-07-28T15:14:30.0553818Z   show-progress: true
Submit PPO low-n stage	UNKNOWN STEP	2026-07-28T15:14:30.0554264Z   lfs: false
Submit PPO low-n stage	UNKNOWN STEP	2026-07-28T15:14:30.0554731Z   submodules: false
Submit PPO low-n stage	UNKNOWN STEP	2026-07-28T15:14:30.0555187Z   set-safe-directory: true
Submit PPO low-n stage	UNKNOWN STEP	2026-07-28T15:14:30.0555689Z   allow-unsafe-pr-checkout: false
Submit PPO low-n stage	UNKNOWN STEP	2026-07-28T15:14:30.0556396Z env:
Submit PPO low-n stage	UNKNOWN STEP	2026-07-28T15:14:30.0556955Z   KAGGLE_USERNAME: duythanhb1909984
Submit PPO low-n stage	UNKNOWN STEP	2026-07-28T15:14:30.0557561Z   KAGGLE_KEY: ***
Submit PPO low-n stage	UNKNOWN STEP	2026-07-28T15:14:30.0557995Z   METHOD: ppo
Submit PPO low-n stage	UNKNOWN STEP	2026-07-28T15:14:30.0558417Z   N_VALUES: 16 32 64
Submit PPO low-n stage	UNKNOWN STEP	2026-07-28T15:14:30.0558916Z   KERNEL_SLUG: star-ris-ppo-sixmethod-low-n-v1
Submit PPO low-n stage	UNKNOWN STEP	2026-07-28T15:14:30.0559585Z   REPO_COMMIT: 99318fefa53bef91fa5f105ec71ddae73fc96c39
Submit PPO low-n stage	UNKNOWN STEP	2026-07-28T15:14:30.0560182Z ##[endgroup]
Submit PPO low-n stage	UNKNOWN STEP	2026-07-28T15:14:30.1696146Z Syncing repository: Juliolayme/STAR_RIS_RSMA_TD3
Submit PPO low-n stage	UNKNOWN STEP	2026-07-28T15:14:30.1699001Z ##[group]Getting Git version info
Submit PPO low-n stage	UNKNOWN STEP	2026-07-28T15:14:30.1700229Z Working directory is '/home/runner/work/STAR_RIS_RSMA_TD3/STAR_RIS_RSMA_TD3'
Submit PPO low-n stage	UNKNOWN STEP	2026-07-28T15:14:30.1702005Z [command]/usr/bin/git version
Submit PPO low-n stage	UNKNOWN STEP	2026-07-28T15:14:30.1703846Z git version 2.54.0
Submit PPO low-n stage	UNKNOWN STEP	2026-07-28T15:14:30.1730704Z ##[endgroup]
Submit PPO low-n stage	UNKNOWN STEP	2026-07-28T15:14:30.1745977Z Temporarily overriding HOME='/home/runner/work/_temp/ba85ab5c-7599-4dd9-ba99-2e044d334454' before making global git config changes
Submit PPO low-n stage	UNKNOWN STEP	2026-07-28T15:14:30.1748956Z Adding repository directory to the temporary git global config as a safe directory
Submit PPO low-n stage	UNKNOWN STEP	2026-07-28T15:14:30.1754089Z [command]/usr/bin/git config --global --add safe.directory /home/runner/work/STAR_RIS_RSMA_TD3/STAR_RIS_RSMA_TD3
Submit PPO low-n stage	UNKNOWN STEP	2026-07-28T15:14:30.1807491Z Deleting the contents of '/home/runner/work/STAR_RIS_RSMA_TD3/STAR_RIS_RSMA_TD3'
Submit PPO low-n stage	UNKNOWN STEP	2026-07-28T15:14:30.1811329Z ##[group]Initializing the repository
Submit PPO low-n stage	UNKNOWN STEP	2026-07-28T15:14:30.1817261Z [command]/usr/bin/git init /home/runner/work/STAR_RIS_RSMA_TD3/STAR_RIS_RSMA_TD3
Submit PPO low-n stage	UNKNOWN STEP	2026-07-28T15:14:30.1927183Z hint: Using 'master' as the name for the initial branch. This default branch name
Submit PPO low-n stage	UNKNOWN STEP	2026-07-28T15:14:30.1929222Z hint: will change to "main" in Git 3.0. To configure the initial branch name
Submit PPO low-n stage	UNKNOWN STEP	2026-07-28T15:14:30.1930909Z hint: to use in all of your new repositories, which will suppress this warning,
Submit PPO low-n stage	UNKNOWN STEP	2026-07-28T15:14:30.1932372Z hint: call:
Submit PPO low-n stage	UNKNOWN STEP	2026-07-28T15:14:30.1933134Z hint:
Submit PPO low-n stage	UNKNOWN STEP	2026-07-28T15:14:30.1933978Z hint: 	git config --global init.defaultBranch <name>
Submit PPO low-n stage	UNKNOWN STEP	2026-07-28T15:14:30.1935150Z hint:
Submit PPO low-n stage	UNKNOWN STEP	2026-07-28T15:14:30.1936220Z hint: Names commonly chosen instead of 'master' are 'main', 'trunk' and
Submit PPO low-n stage	UNKNOWN STEP	2026-07-28T15:14:30.1938138Z hint: 'development'. The just-created branch can be renamed via this command:
Submit PPO low-n stage	UNKNOWN STEP	2026-07-28T15:14:30.1939576Z hint:
Submit PPO low-n stage	UNKNOWN STEP	2026-07-28T15:14:30.1940394Z hint: 	git branch -m <name>
Submit PPO low-n stage	UNKNOWN STEP	2026-07-28T15:14:30.1941380Z hint:
Submit PPO low-n stage	UNKNOWN STEP	2026-07-28T15:14:30.1942480Z hint: Disable this message with "git config set advice.defaultBranchName false"
Submit PPO low-n stage	UNKNOWN STEP	2026-07-28T15:14:30.1952595Z Initialized empty Git repository in /home/runner/work/STAR_RIS_RSMA_TD3/STAR_RIS_RSMA_TD3/.git/
Submit PPO low-n stage	UNKNOWN STEP	2026-07-28T15:14:30.1978463Z [command]/usr/bin/git remote add origin https://github.com/Juliolayme/STAR_RIS_RSMA_TD3
Submit PPO low-n stage	UNKNOWN STEP	2026-07-28T15:14:30.2043693Z ##[endgroup]
Submit PPO low-n stage	UNKNOWN STEP	2026-07-28T15:14:30.2045095Z ##[group]Disabling automatic garbage collection
Submit PPO low-n stage	UNKNOWN STEP	2026-07-28T15:14:30.2047176Z [command]/usr/bin/git config --local gc.auto 0
Submit PPO low-n stage	UNKNOWN STEP	2026-07-28T15:14:30.2096308Z ##[endgroup]
Submit PPO low-n stage	UNKNOWN STEP	2026-07-28T15:14:30.2098266Z ##[group]Setting up auth
Submit PPO low-n stage	UNKNOWN STEP	2026-07-28T15:14:30.2099784Z [command]/usr/bin/git config --local --name-only --get-regexp core\.sshCommand
Submit PPO low-n stage	UNKNOWN STEP	2026-07-28T15:14:30.2151711Z [command]/usr/bin/git submodule foreach --recursive sh -c "git config --local --name-only --get-regexp 'core\.sshCommand' && git config --local --unset-all 'core.sshCommand' || :"
Submit PPO low-n stage	UNKNOWN STEP	2026-07-28T15:14:30.2536373Z [command]/usr/bin/git config --local --name-only --get-regexp http\.https\:\/\/github\.com\/\.extraheader
Submit PPO low-n stage	UNKNOWN STEP	2026-07-28T15:14:30.2572019Z [command]/usr/bin/git submodule foreach --recursive sh -c "git config --local --name-only --get-regexp 'http\.https\:\/\/github\.com\/\.extraheader' && git config --local --unset-all 'http.https://github.com/.extraheader' || :"
Submit PPO low-n stage	UNKNOWN STEP	2026-07-28T15:14:30.2880452Z [command]/usr/bin/git config --local --name-only --get-regexp ^includeIf\.gitdir:
Submit PPO low-n stage	UNKNOWN STEP	2026-07-28T15:14:30.2923161Z [command]/usr/bin/git submodule foreach --recursive git config --local --show-origin --name-only --get-regexp remote.origin.url
Submit PPO low-n stage	UNKNOWN STEP	2026-07-28T15:14:30.3186001Z [command]/usr/bin/git config --local http.https://github.com/.extraheader AUTHORIZATION: basic ***
Submit PPO low-n stage	UNKNOWN STEP	2026-07-28T15:14:30.3233356Z ##[endgroup]
Submit PPO low-n stage	UNKNOWN STEP	2026-07-28T15:14:30.3234231Z ##[group]Fetching the repository
Submit PPO low-n stage	UNKNOWN STEP	2026-07-28T15:14:30.3244078Z [command]/usr/bin/git -c protocol.version=2 fetch --no-tags --prune --no-recurse-submodules --depth=1 origin +99318fefa53bef91fa5f105ec71ddae73fc96c39:refs/remotes/origin/experiments/drl-six-method-v1
Submit PPO low-n stage	UNKNOWN STEP	2026-07-28T15:14:32.9722870Z From https://github.com/Juliolayme/STAR_RIS_RSMA_TD3
Submit PPO low-n stage	UNKNOWN STEP	2026-07-28T15:14:32.9725317Z  * [new ref]         99318fefa53bef91fa5f105ec71ddae73fc96c39 -> origin/experiments/drl-six-method-v1
Submit PPO low-n stage	UNKNOWN STEP	2026-07-28T15:14:32.9767532Z ##[endgroup]
Submit PPO low-n stage	UNKNOWN STEP	2026-07-28T15:14:32.9769172Z ##[group]Determining the checkout info
Submit PPO low-n stage	UNKNOWN STEP	2026-07-28T15:14:32.9770916Z ##[endgroup]
Submit PPO low-n stage	UNKNOWN STEP	2026-07-28T15:14:32.9778707Z [command]/usr/bin/git sparse-checkout disable
Submit PPO low-n stage	UNKNOWN STEP	2026-07-28T15:14:32.9834881Z [command]/usr/bin/git config --local --unset-all extensions.worktreeConfig
Submit PPO low-n stage	UNKNOWN STEP	2026-07-28T15:14:32.9872559Z ##[group]Checking out the ref
Submit PPO low-n stage	UNKNOWN STEP	2026-07-28T15:14:32.9889455Z [command]/usr/bin/git checkout --progress --force -B experiments/drl-six-method-v1 refs/remotes/origin/experiments/drl-six-method-v1
Submit PPO low-n stage	UNKNOWN STEP	2026-07-28T15:14:33.5734844Z Switched to a new branch 'experiments/drl-six-method-v1'
Submit PPO low-n stage	UNKNOWN STEP	2026-07-28T15:14:33.5757813Z branch 'experiments/drl-six-method-v1' set up to track 'origin/experiments/drl-six-method-v1'.
Submit PPO low-n stage	UNKNOWN STEP	2026-07-28T15:14:33.5792229Z ##[endgroup]
Submit PPO low-n stage	UNKNOWN STEP	2026-07-28T15:14:33.5843661Z [command]/usr/bin/git log -1 --format=%H
Submit PPO low-n stage	UNKNOWN STEP	2026-07-28T15:14:33.5874240Z 99318fefa53bef91fa5f105ec71ddae73fc96c39
Submit PPO low-n stage	UNKNOWN STEP	2026-07-28T15:14:33.6132179Z Node 20 is being deprecated. This workflow is running with Node 24 by default. If you need to temporarily use Node 20, you can set the ACTIONS_ALLOW_USE_UNSECURE_NODE_VERSION=true environment variable. For more information see: https://github.blog/changelog/2025-09-19-deprecation-of-node-20-on-github-actions-runners/
Submit PPO low-n stage	UNKNOWN STEP	2026-07-28T15:14:33.6134324Z ##[group]Run actions/setup-python@v5
Submit PPO low-n stage	UNKNOWN STEP	2026-07-28T15:14:33.6134655Z with:
Submit PPO low-n stage	UNKNOWN STEP	2026-07-28T15:14:33.6134917Z   python-version: 3.11
Submit PPO low-n stage	UNKNOWN STEP	2026-07-28T15:14:33.6135227Z   check-latest: false
Submit PPO low-n stage	UNKNOWN STEP	2026-07-28T15:14:33.6138433Z   token: ***
Submit PPO low-n stage	UNKNOWN STEP	2026-07-28T15:14:33.6138720Z   update-environment: true
Submit PPO low-n stage	UNKNOWN STEP	2026-07-28T15:14:33.6139027Z   allow-prereleases: false
Submit PPO low-n stage	UNKNOWN STEP	2026-07-28T15:14:33.6139314Z   freethreaded: false
Submit PPO low-n stage	UNKNOWN STEP	2026-07-28T15:14:33.6139578Z env:
Submit PPO low-n stage	UNKNOWN STEP	2026-07-28T15:14:33.6139843Z   KAGGLE_USERNAME: duythanhb1909984
Submit PPO low-n stage	UNKNOWN STEP	2026-07-28T15:14:33.6140221Z   KAGGLE_KEY: ***
Submit PPO low-n stage	UNKNOWN STEP	2026-07-28T15:14:33.6140480Z   METHOD: ppo
Submit PPO low-n stage	UNKNOWN STEP	2026-07-28T15:14:33.6140735Z   N_VALUES: 16 32 64
Submit PPO low-n stage	UNKNOWN STEP	2026-07-28T15:14:33.6141099Z   KERNEL_SLUG: star-ris-ppo-sixmethod-low-n-v1
Submit PPO low-n stage	UNKNOWN STEP	2026-07-28T15:14:33.6141528Z   REPO_COMMIT: 99318fefa53bef91fa5f105ec71ddae73fc96c39
Submit PPO low-n stage	UNKNOWN STEP	2026-07-28T15:14:33.6141931Z ##[endgroup]
Submit PPO low-n stage	UNKNOWN STEP	2026-07-28T15:14:33.7505014Z ##[group]Installed versions
Submit PPO low-n stage	UNKNOWN STEP	2026-07-28T15:14:33.7589034Z (node:2254) [DEP0040] DeprecationWarning: The `punycode` module is deprecated. Please use a userland alternative instead.
Submit PPO low-n stage	UNKNOWN STEP	2026-07-28T15:14:33.7590246Z (Use `node --trace-deprecation ...` to show where the warning was created)
Submit PPO low-n stage	UNKNOWN STEP	2026-07-28T15:14:33.7591032Z Successfully set up CPython (3.11.15)
Submit PPO low-n stage	UNKNOWN STEP	2026-07-28T15:14:33.7591871Z ##[endgroup]
Submit PPO low-n stage	UNKNOWN STEP	2026-07-28T15:14:33.7875910Z ##[group]Run python -m pip install "kaggle>=1.8.4,<3"
Submit PPO low-n stage	UNKNOWN STEP	2026-07-28T15:14:33.7877146Z ^[[36;1mpython -m pip install "kaggle>=1.8.4,<3"^[[0m
Submit PPO low-n stage	UNKNOWN STEP	2026-07-28T15:14:33.7965739Z shell: /usr/bin/bash -e {0}
Submit PPO low-n stage	UNKNOWN STEP	2026-07-28T15:14:33.7966315Z env:
Submit PPO low-n stage	UNKNOWN STEP	2026-07-28T15:14:33.7966939Z   KAGGLE_USERNAME: duythanhb1909984
Submit PPO low-n stage	UNKNOWN STEP	2026-07-28T15:14:33.7967736Z   KAGGLE_KEY: ***
Submit PPO low-n stage	UNKNOWN STEP	2026-07-28T15:14:33.7968129Z   METHOD: ppo
Submit PPO low-n stage	UNKNOWN STEP	2026-07-28T15:14:33.7968487Z   N_VALUES: 16 32 64
Submit PPO low-n stage	UNKNOWN STEP	2026-07-28T15:14:33.7968986Z   KERNEL_SLUG: star-ris-ppo-sixmethod-low-n-v1
Submit PPO low-n stage	UNKNOWN STEP	2026-07-28T15:14:33.7969660Z   REPO_COMMIT: 99318fefa53bef91fa5f105ec71ddae73fc96c39
Submit PPO low-n stage	UNKNOWN STEP	2026-07-28T15:14:33.7970374Z   pythonLocation: /opt/hostedtoolcache/Python/3.11.15/x64
Submit PPO low-n stage	UNKNOWN STEP	2026-07-28T15:14:33.7971159Z   PKG_CONFIG_PATH: /opt/hostedtoolcache/Python/3.11.15/x64/lib/pkgconfig
Submit PPO low-n stage	UNKNOWN STEP	2026-07-28T15:14:33.7971966Z   Python_ROOT_DIR: /opt/hostedtoolcache/Python/3.11.15/x64
Submit PPO low-n stage	UNKNOWN STEP	2026-07-28T15:14:33.7972743Z   Python2_ROOT_DIR: /opt/hostedtoolcache/Python/3.11.15/x64
Submit PPO low-n stage	UNKNOWN STEP	2026-07-28T15:14:33.7973494Z   Python3_ROOT_DIR: /opt/hostedtoolcache/Python/3.11.15/x64
Submit PPO low-n stage	UNKNOWN STEP	2026-07-28T15:14:33.7974163Z   LD_LIBRARY_PATH: /opt/hostedtoolcache/Python/3.11.15/x64/lib
Submit PPO low-n stage	UNKNOWN STEP	2026-07-28T15:14:33.7974731Z ##[endgroup]
Submit PPO low-n stage	UNKNOWN STEP	2026-07-28T15:14:34.9556998Z Collecting kaggle<3,>=1.8.4
Submit PPO low-n stage	UNKNOWN STEP	2026-07-28T15:14:35.0210793Z   Downloading kaggle-2.2.4-py3-none-any.whl.metadata (17 kB)
Submit PPO low-n stage	UNKNOWN STEP	2026-07-28T15:14:35.0524451Z Collecting bleach (from kaggle<3,>=1.8.4)
Submit PPO low-n stage	UNKNOWN STEP	2026-07-28T15:14:35.0606686Z   Downloading bleach-6.4.0-py3-none-any.whl.metadata (32 kB)
Submit PPO low-n stage	UNKNOWN STEP	2026-07-28T15:14:35.5563334Z Collecting jupytext (from kaggle<3,>=1.8.4)
Submit PPO low-n stage	UNKNOWN STEP	2026-07-28T15:14:35.5660303Z   Downloading jupytext-1.19.5-py3-none-any.whl.metadata (15 kB)
Submit PPO low-n stage	UNKNOWN STEP	2026-07-28T15:14:35.5905726Z Collecting kagglesdk<1.0,>=0.1.35 (from kaggle<3,>=1.8.4)
Submit PPO low-n stage	UNKNOWN STEP	2026-07-28T15:14:35.5998965Z   Downloading kagglesdk-0.1.35-py3-none-any.whl.metadata (13 kB)
Submit PPO low-n stage	UNKNOWN STEP	2026-07-28T15:14:35.6214120Z Collecting packaging (from kaggle<3,>=1.8.4)
Submit PPO low-n stage	UNKNOWN STEP	2026-07-28T15:14:35.6287726Z   Downloading packaging-26.2-py3-none-any.whl.metadata (3.5 kB)
Submit PPO low-n stage	UNKNOWN STEP	2026-07-28T15:14:35.7829405Z Collecting protobuf (from kaggle<3,>=1.8.4)
Submit PPO low-n stage	UNKNOWN STEP	2026-07-28T15:14:35.7906200Z   Downloading protobuf-7.35.1-cp310-abi3-manylinux2014_x86_64.whl.metadata (595 bytes)
Submit PPO low-n stage	UNKNOWN STEP	2026-07-28T15:14:35.8078843Z Collecting python-dateutil (from kaggle<3,>=1.8.4)
Submit PPO low-n stage	UNKNOWN STEP	2026-07-28T15:14:35.8161697Z   Downloading python_dateutil-2.9.0.post0-py2.py3-none-any.whl.metadata (8.4 kB)
Submit PPO low-n stage	UNKNOWN STEP	2026-07-28T15:14:35.8358503Z Collecting python-dotenv (from kaggle<3,>=1.8.4)
Submit PPO low-n stage	UNKNOWN STEP	2026-07-28T15:14:35.8440259Z   Downloading python_dotenv-1.2.2-py3-none-any.whl.metadata (27 kB)
Submit PPO low-n stage	UNKNOWN STEP	2026-07-28T15:14:35.8643047Z Collecting python-slugify (from kaggle<3,>=1.8.4)
Submit PPO low-n stage	UNKNOWN STEP	2026-07-28T15:14:35.8715722Z   Downloading python_slugify-8.0.4-py2.py3-none-any.whl.metadata (8.5 kB)
Submit PPO low-n stage	UNKNOWN STEP	2026-07-28T15:14:35.8984541Z Collecting requests (from kaggle<3,>=1.8.4)
Submit PPO low-n stage	UNKNOWN STEP	2026-07-28T15:14:35.9062198Z   Downloading requests-2.34.2-py3-none-any.whl.metadata (4.8 kB)
Submit PPO low-n stage	UNKNOWN STEP	2026-07-28T15:14:35.9384766Z Collecting tqdm (from kaggle<3,>=1.8.4)
Submit PPO low-n stage	UNKNOWN STEP	2026-07-28T15:14:35.9461299Z   Downloading tqdm-4.70.0-py3-none-any.whl.metadata (57 kB)
Submit PPO low-n stage	UNKNOWN STEP	2026-07-28T15:14:35.9785693Z Collecting urllib3>=1.15.1 (from kaggle<3,>=1.8.4)
Submit PPO low-n stage	UNKNOWN STEP	2026-07-28T15:14:35.9867209Z   Downloading urllib3-2.7.0-py3-none-any.whl.metadata (6.9 kB)
Submit PPO low-n stage	UNKNOWN STEP	2026-07-28T15:14:36.0035143Z Collecting webencodings (from bleach->kaggle<3,>=1.8.4)
Submit PPO low-n stage	UNKNOWN STEP	2026-07-28T15:14:36.0115771Z   Downloading webencodings-0.5.1-py2.py3-none-any.whl.metadata (2.1 kB)
Submit PPO low-n stage	UNKNOWN STEP	2026-07-28T15:14:36.0307039Z Collecting markdown-it-py>=1.0 (from jupytext->kaggle<3,>=1.8.4)
Submit PPO low-n stage	UNKNOWN STEP	2026-07-28T15:14:36.0394885Z   Downloading markdown_it_py-4.2.0-py3-none-any.whl.metadata (7.4 kB)
Submit PPO low-n stage	UNKNOWN STEP	2026-07-28T15:14:36.0580783Z Collecting mdit-py-plugins (from jupytext->kaggle<3,>=1.8.4)
Submit PPO low-n stage	UNKNOWN STEP	2026-07-28T15:14:36.0667179Z   Downloading mdit_py_plugins-0.6.1-py3-none-any.whl.metadata (2.9 kB)
Submit PPO low-n stage	UNKNOWN STEP	2026-07-28T15:14:36.0861432Z Collecting nbformat (from jupytext->kaggle<3,>=1.8.4)
Submit PPO low-n stage	UNKNOWN STEP	2026-07-28T15:14:36.0936201Z   Downloading nbformat-5.10.4-py3-none-any.whl.metadata (3.6 kB)
Submit PPO low-n stage	UNKNOWN STEP	2026-07-28T15:14:36.1345107Z Collecting pyyaml (from jupytext->kaggle<3,>=1.8.4)
Submit PPO low-n stage	UNKNOWN STEP	2026-07-28T15:14:36.1427324Z   Downloading pyyaml-6.0.3-cp311-cp311-manylinux2014_x86_64.manylinux_2_17_x86_64.manylinux_2_28_x86_64.whl.metadata (2.4 kB)
Submit PPO low-n stage	UNKNOWN STEP	2026-07-28T15:14:36.1624496Z Collecting mdurl~=0.1 (from markdown-it-py>=1.0->jupytext->kaggle<3,>=1.8.4)
Submit PPO low-n stage	UNKNOWN STEP	2026-07-28T15:14:36.1703554Z   Downloading mdurl-0.1.2-py3-none-any.whl.metadata (1.6 kB)
Submit PPO low-n stage	UNKNOWN STEP	2026-07-28T15:14:36.1901215Z Collecting fastjsonschema>=2.15 (from nbformat->jupytext->kaggle<3,>=1.8.4)
Submit PPO low-n stage	UNKNOWN STEP	2026-07-28T15:14:36.1991114Z   Downloading fastjsonschema-2.22.1-py3-none-any.whl.metadata (2.1 kB)
Submit PPO low-n stage	UNKNOWN STEP	2026-07-28T15:14:36.2235282Z Collecting jsonschema>=2.6 (from nbformat->jupytext->kaggle<3,>=1.8.4)
Submit PPO low-n stage	UNKNOWN STEP	2026-07-28T15:14:36.2314865Z   Downloading jsonschema-4.26.0-py3-none-any.whl.metadata (7.6 kB)
Submit PPO low-n stage	UNKNOWN STEP	2026-07-28T15:14:36.2530717Z Collecting jupyter-core!=5.0.*,>=4.12 (from nbformat->jupytext->kaggle<3,>=1.8.4)
Submit PPO low-n stage	UNKNOWN STEP	2026-07-28T15:14:36.2616320Z   Downloading jupyter_core-5.9.1-py3-none-any.whl.metadata (1.5 kB)
Submit PPO low-n stage	UNKNOWN STEP	2026-07-28T15:14:36.2813444Z Collecting traitlets>=5.1 (from nbformat->jupytext->kaggle<3,>=1.8.4)
Submit PPO low-n stage	UNKNOWN STEP	2026-07-28T15:14:36.3036249Z   Downloading traitlets-5.15.1-py3-none-any.whl.metadata (10 kB)
Submit PPO low-n stage	UNKNOWN STEP	2026-07-28T15:14:36.3255396Z Collecting attrs>=22.2.0 (from jsonschema>=2.6->nbformat->jupytext->kaggle<3,>=1.8.4)
Submit PPO low-n stage	UNKNOWN STEP	2026-07-28T15:14:36.3331904Z   Downloading attrs-26.1.0-py3-none-any.whl.metadata (8.8 kB)
Submit PPO low-n stage	UNKNOWN STEP	2026-07-28T15:14:36.3505257Z Collecting jsonschema-specifications>=2023.03.6 (from jsonschema>=2.6->nbformat->jupytext->kaggle<3,>=1.8.4)
Submit PPO low-n stage	UNKNOWN STEP	2026-07-28T15:14:36.3581485Z   Downloading jsonschema_specifications-2025.9.1-py3-none-any.whl.metadata (2.9 kB)
Submit PPO low-n stage	UNKNOWN STEP	2026-07-28T15:14:36.3804405Z Collecting referencing>=0.28.4 (from jsonschema>=2.6->nbformat->jupytext->kaggle<3,>=1.8.4)
Submit PPO low-n stage	UNKNOWN STEP	2026-07-28T15:14:36.3879515Z   Downloading referencing-0.37.0-py3-none-any.whl.metadata (2.8 kB)
Submit PPO low-n stage	UNKNOWN STEP	2026-07-28T15:14:36.6383176Z Collecting rpds-py>=0.25.0 (from jsonschema>=2.6->nbformat->jupytext->kaggle<3,>=1.8.4)
Submit PPO low-n stage	UNKNOWN STEP	2026-07-28T15:14:36.6462880Z   Downloading rpds_py-2026.6.3-cp311-cp311-manylinux_2_17_x86_64.manylinux2014_x86_64.whl.metadata (4.1 kB)
Submit PPO low-n stage	UNKNOWN STEP	2026-07-28T15:14:36.6691172Z Collecting platformdirs>=2.5 (from jupyter-core!=5.0.*,>=4.12->nbformat->jupytext->kaggle<3,>=1.8.4)
Submit PPO low-n stage	UNKNOWN STEP	2026-07-28T15:14:36.6774229Z   Downloading platformdirs-4.11.0-py3-none-any.whl.metadata (5.5 kB)
Submit PPO low-n stage	UNKNOWN STEP	2026-07-28T15:14:36.7005384Z Collecting typing-extensions>=4.4.0 (from referencing>=0.28.4->jsonschema>=2.6->nbformat->jupytext->kaggle<3,>=1.8.4)
Submit PPO low-n stage	UNKNOWN STEP	2026-07-28T15:14:36.7083427Z   Downloading typing_extensions-4.16.0-py3-none-any.whl.metadata (3.3 kB)
Submit PPO low-n stage	UNKNOWN STEP	2026-07-28T15:14:36.7278763Z Collecting six>=1.5 (from python-dateutil->kaggle<3,>=1.8.4)
Submit PPO low-n stage	UNKNOWN STEP	2026-07-28T15:14:36.7356274Z   Downloading six-1.17.0-py2.py3-none-any.whl.metadata (1.7 kB)
Submit PPO low-n stage	UNKNOWN STEP	2026-07-28T15:14:36.7518944Z Collecting text-unidecode>=1.3 (from python-slugify->kaggle<3,>=1.8.4)
Submit PPO low-n stage	UNKNOWN STEP	2026-07-28T15:14:36.7598487Z   Downloading text_unidecode-1.3-py2.py3-none-any.whl.metadata (2.4 kB)
Submit PPO low-n stage	UNKNOWN STEP	2026-07-28T15:14:36.8560582Z Collecting charset_normalizer<4,>=2 (from requests->kaggle<3,>=1.8.4)
Submit PPO low-n stage	UNKNOWN STEP	2026-07-28T15:14:36.8642837Z   Downloading charset_normalizer-3.4.9-cp311-cp311-manylinux2014_x86_64.manylinux_2_17_x86_64.manylinux_2_28_x86_64.whl.metadata (41 kB)
Submit PPO low-n stage	UNKNOWN STEP	2026-07-28T15:14:36.8858000Z Collecting idna<4,>=2.5 (from requests->kaggle<3,>=1.8.4)
Submit PPO low-n stage	UNKNOWN STEP	2026-07-28T15:14:36.8958891Z   Downloading idna-3.18-py3-none-any.whl.metadata (6.1 kB)
Submit PPO low-n stage	UNKNOWN STEP	2026-07-28T15:14:36.9180285Z Collecting certifi>=2023.5.7 (from requests->kaggle<3,>=1.8.4)
Submit PPO low-n stage	UNKNOWN STEP	2026-07-28T15:14:36.9263535Z   Downloading certifi-2026.7.22-py3-none-any.whl.metadata (2.5 kB)
Submit PPO low-n stage	UNKNOWN STEP	2026-07-28T15:14:36.9423308Z Downloading kaggle-2.2.4-py3-none-any.whl (126 kB)
Submit PPO low-n stage	UNKNOWN STEP	2026-07-28T15:14:36.9622060Z Downloading kagglesdk-0.1.35-py3-none-any.whl (248 kB)
Submit PPO low-n stage	UNKNOWN STEP	2026-07-28T15:14:36.9890915Z Downloading urllib3-2.7.0-py3-none-any.whl (131 kB)
Submit PPO low-n stage	UNKNOWN STEP	2026-07-28T15:14:37.0059942Z Downloading bleach-6.4.0-py3-none-any.whl (165 kB)
Submit PPO low-n stage	UNKNOWN STEP	2026-07-28T15:14:37.0236804Z Downloading jupytext-1.19.5-py3-none-any.whl (229 kB)
Submit PPO low-n stage	UNKNOWN STEP	2026-07-28T15:14:37.0453436Z Downloading markdown_it_py-4.2.0-py3-none-any.whl (91 kB)
Submit PPO low-n stage	UNKNOWN STEP	2026-07-28T15:14:37.0564358Z Downloading mdurl-0.1.2-py3-none-any.whl (10.0 kB)
Submit PPO low-n stage	UNKNOWN STEP	2026-07-28T15:14:37.0667725Z Downloading mdit_py_plugins-0.6.1-py3-none-any.whl (66 kB)
Submit PPO low-n stage	UNKNOWN STEP	2026-07-28T15:14:37.0779906Z Downloading nbformat-5.10.4-py3-none-any.whl (78 kB)
Submit PPO low-n stage	UNKNOWN STEP	2026-07-28T15:14:37.0903742Z Downloading fastjsonschema-2.22.1-py3-none-any.whl (26 kB)
Submit PPO low-n stage	UNKNOWN STEP	2026-07-28T15:14:37.0996817Z Downloading jsonschema-4.26.0-py3-none-any.whl (90 kB)
Submit PPO low-n stage	UNKNOWN STEP	2026-07-28T15:14:37.1114756Z Downloading attrs-26.1.0-py3-none-any.whl (67 kB)
Submit PPO low-n stage	UNKNOWN STEP	2026-07-28T15:14:37.1237700Z Downloading jsonschema_specifications-2025.9.1-py3-none-any.whl (18 kB)
Submit PPO low-n stage	UNKNOWN STEP	2026-07-28T15:14:37.1336774Z Downloading jupyter_core-5.9.1-py3-none-any.whl (29 kB)
Submit PPO low-n stage	UNKNOWN STEP	2026-07-28T15:14:37.1436384Z Downloading platformdirs-4.11.0-py3-none-any.whl (23 kB)
Submit PPO low-n stage	UNKNOWN STEP	2026-07-28T15:14:37.1529812Z Downloading referencing-0.37.0-py3-none-any.whl (26 kB)
Submit PPO low-n stage	UNKNOWN STEP	2026-07-28T15:14:37.1621925Z Downloading rpds_py-2026.6.3-cp311-cp311-manylinux_2_17_x86_64.manylinux2014_x86_64.whl (371 kB)
Submit PPO low-n stage	UNKNOWN STEP	2026-07-28T15:14:37.1892820Z Downloading traitlets-5.15.1-py3-none-any.whl (85 kB)
Submit PPO low-n stage	UNKNOWN STEP	2026-07-28T15:14:37.2004303Z Downloading typing_extensions-4.16.0-py3-none-any.whl (45 kB)
Submit PPO low-n stage	UNKNOWN STEP	2026-07-28T15:14:37.2101880Z Downloading packaging-26.2-py3-none-any.whl (100 kB)
Submit PPO low-n stage	UNKNOWN STEP	2026-07-28T15:14:37.2244456Z Downloading protobuf-7.35.1-cp310-abi3-manylinux2014_x86_64.whl (327 kB)
Submit PPO low-n stage	UNKNOWN STEP	2026-07-28T15:14:37.2472440Z Downloading python_dateutil-2.9.0.post0-py2.py3-none-any.whl (229 kB)
Submit PPO low-n stage	UNKNOWN STEP	2026-07-28T15:14:37.2634260Z Downloading six-1.17.0-py2.py3-none-any.whl (11 kB)
Submit PPO low-n stage	UNKNOWN STEP	2026-07-28T15:14:37.2725456Z Downloading python_dotenv-1.2.2-py3-none-any.whl (22 kB)
Submit PPO low-n stage	UNKNOWN STEP	2026-07-28T15:14:37.2823583Z Downloading python_slugify-8.0.4-py2.py3-none-any.whl (10 kB)
Submit PPO low-n stage	UNKNOWN STEP	2026-07-28T15:14:37.2920949Z Downloading text_unidecode-1.3-py2.py3-none-any.whl (78 kB)
Submit PPO low-n stage	UNKNOWN STEP	2026-07-28T15:14:37.3027782Z Downloading pyyaml-6.0.3-cp311-cp311-manylinux2014_x86_64.manylinux_2_17_x86_64.manylinux_2_28_x86_64.whl (806 kB)
Submit PPO low-n stage	UNKNOWN STEP	2026-07-28T15:14:37.3312583Z    ━━━━━━━━━━━━━━━━━━━━━━━━━━━━━━━━━━━━━━━━ 806.6/806.6 kB 29.7 MB/s  0:00:00
Submit PPO low-n stage	UNKNOWN STEP	2026-07-28T15:14:37.3411456Z Downloading requests-2.34.2-py3-none-any.whl (73 kB)
Submit PPO low-n stage	UNKNOWN STEP	2026-07-28T15:14:37.3519752Z Downloading charset_normalizer-3.4.9-cp311-cp311-manylinux2014_x86_64.manylinux_2_17_x86_64.manylinux_2_28_x86_64.whl (221 kB)
Submit PPO low-n stage	UNKNOWN STEP	2026-07-28T15:14:37.3667140Z Downloading idna-3.18-py3-none-any.whl (65 kB)
Submit PPO low-n stage	UNKNOWN STEP	2026-07-28T15:14:37.3769094Z Downloading certifi-2026.7.22-py3-none-any.whl (136 kB)
Submit PPO low-n stage	UNKNOWN STEP	2026-07-28T15:14:37.3885560Z Downloading tqdm-4.70.0-py3-none-any.whl (80 kB)
Submit PPO low-n stage	UNKNOWN STEP	2026-07-28T15:14:37.3989023Z Downloading webencodings-0.5.1-py2.py3-none-any.whl (11 kB)
Submit PPO low-n stage	UNKNOWN STEP	2026-07-28T15:14:37.4809762Z Installing collected packages: webencodings, text-unidecode, urllib3, typing-extensions, traitlets, tqdm, six, rpds-py, pyyaml, python-slugify, python-dotenv, protobuf, platformdirs, packaging, mdurl, idna, fastjsonschema, charset_normalizer, certifi, bleach, attrs, requests, referencing, python-dateutil, markdown-it-py, jupyter-core, mdit-py-plugins, kagglesdk, jsonschema-specifications, jsonschema, nbformat, jupytext, kaggle
Submit PPO low-n stage	UNKNOWN STEP	2026-07-28T15:14:39.0432057Z 
Submit PPO low-n stage	UNKNOWN STEP	2026-07-28T15:14:39.0452565Z Successfully installed attrs-26.1.0 bleach-6.4.0 certifi-2026.7.22 charset_normalizer-3.4.9 fastjsonschema-2.22.1 idna-3.18 jsonschema-4.26.0 jsonschema-specifications-2025.9.1 jupyter-core-5.9.1 jupytext-1.19.5 kaggle-2.2.4 kagglesdk-0.1.35 markdown-it-py-4.2.0 mdit-py-plugins-0.6.1 mdurl-0.1.2 nbformat-5.10.4 packaging-26.2 platformdirs-4.11.0 protobuf-7.35.1 python-dateutil-2.9.0.post0 python-dotenv-1.2.2 python-slugify-8.0.4 pyyaml-6.0.3 referencing-0.37.0 requests-2.34.2 rpds-py-2026.6.3 six-1.17.0 text-unidecode-1.3 tqdm-4.70.0 traitlets-5.15.1 typing-extensions-4.16.0 urllib3-2.7.0 webencodings-0.5.1
Submit PPO low-n stage	UNKNOWN STEP	2026-07-28T15:14:39.1613205Z ##[group]Run set -euo pipefail
Submit PPO low-n stage	UNKNOWN STEP	2026-07-28T15:14:39.1613618Z ^[[36;1mset -euo pipefail^[[0m
Submit PPO low-n stage	UNKNOWN STEP	2026-07-28T15:14:39.1613873Z ^[[36;1mrm -rf kaggle_submit^[[0m
Submit PPO low-n stage	UNKNOWN STEP	2026-07-28T15:14:39.1614127Z ^[[36;1mmkdir -p kaggle_submit^[[0m
Submit PPO low-n stage	UNKNOWN STEP	2026-07-28T15:14:39.1614382Z ^[[36;1mpython - <<'PY'^[[0m
Submit PPO low-n stage	UNKNOWN STEP	2026-07-28T15:14:39.1614629Z ^[[36;1mimport json^[[0m
Submit PPO low-n stage	UNKNOWN STEP	2026-07-28T15:14:39.1614843Z ^[[36;1mimport os^[[0m
Submit PPO low-n stage	UNKNOWN STEP	2026-07-28T15:14:39.1615069Z ^[[36;1mfrom pathlib import Path^[[0m
Submit PPO low-n stage	UNKNOWN STEP	2026-07-28T15:14:39.1615325Z ^[[36;1m^[[0m
Submit PPO low-n stage	UNKNOWN STEP	2026-07-28T15:14:39.1615535Z ^[[36;1mmethod = os.environ["METHOD"]^[[0m
Submit PPO low-n stage	UNKNOWN STEP	2026-07-28T15:14:39.1615928Z ^[[36;1mn_values = [int(value) for value in os.environ["N_VALUES"].split()]^[[0m
Submit PPO low-n stage	UNKNOWN STEP	2026-07-28T15:14:39.1616336Z ^[[36;1mcommit = os.environ["REPO_COMMIT"]^[[0m
Submit PPO low-n stage	UNKNOWN STEP	2026-07-28T15:14:39.1616919Z ^[[36;1mslug = os.environ["KERNEL_SLUG"]^[[0m
Submit PPO low-n stage	UNKNOWN STEP	2026-07-28T15:14:39.1617371Z ^[[36;1moutput_name = f"six_method_{method}_{'low_n' if max(n_values) <= 64 else 'high_n'}"^[[0m
Submit PPO low-n stage	UNKNOWN STEP	2026-07-28T15:14:39.1617938Z ^[[36;1mrunner = f'''from __future__ import annotations^[[0m
Submit PPO low-n stage	UNKNOWN STEP	2026-07-28T15:14:39.1618260Z ^[[36;1mimport shutil^[[0m
Submit PPO low-n stage	UNKNOWN STEP	2026-07-28T15:14:39.1618509Z ^[[36;1mimport subprocess^[[0m
Submit PPO low-n stage	UNKNOWN STEP	2026-07-28T15:14:39.1618747Z ^[[36;1mimport sys^[[0m
Submit PPO low-n stage	UNKNOWN STEP	2026-07-28T15:14:39.1618980Z ^[[36;1mfrom pathlib import Path^[[0m
Submit PPO low-n stage	UNKNOWN STEP	2026-07-28T15:14:39.1619235Z ^[[36;1m^[[0m
Submit PPO low-n stage	UNKNOWN STEP	2026-07-28T15:14:39.1619501Z ^[[36;1mREPO = Path("/kaggle/working/STAR_RIS_RSMA_TD3")^[[0m
Submit PPO low-n stage	UNKNOWN STEP	2026-07-28T15:14:39.1619822Z ^[[36;1mif REPO.exists():^[[0m
Submit PPO low-n stage	UNKNOWN STEP	2026-07-28T15:14:39.1620067Z ^[[36;1m    shutil.rmtree(REPO)^[[0m
Submit PPO low-n stage	UNKNOWN STEP	2026-07-28T15:14:39.1620641Z ^[[36;1msubprocess.run(["git", "clone", "--filter=blob:none", "https://github.com/Juliolayme/STAR_RIS_RSMA_TD3.git", str(REPO)], check=True)^[[0m
Submit PPO low-n stage	UNKNOWN STEP	2026-07-28T15:14:39.1621337Z ^[[36;1msubprocess.run(["git", "checkout", "--detach", "{commit}"], cwd=REPO, check=True)^[[0m
Submit PPO low-n stage	UNKNOWN STEP	2026-07-28T15:14:39.1622010Z ^[[36;1msubprocess.run([sys.executable, "-m", "pip", "install", "-q", "--no-build-isolation", "-e", str(REPO), "tabulate"], check=True)^[[0m
Submit PPO low-n stage	UNKNOWN STEP	2026-07-28T15:14:39.1622538Z ^[[36;1msubprocess.run([^[[0m
Submit PPO low-n stage	UNKNOWN STEP	2026-07-28T15:14:39.1622793Z ^[[36;1m    sys.executable,^[[0m
Submit PPO low-n stage	UNKNOWN STEP	2026-07-28T15:14:39.1623052Z ^[[36;1m    "scripts/run_drl_stage.py",^[[0m
Submit PPO low-n stage	UNKNOWN STEP	2026-07-28T15:14:39.1623343Z ^[[36;1m    "--method", "{method}",^[[0m
Submit PPO low-n stage	UNKNOWN STEP	2026-07-28T15:14:39.1623687Z ^[[36;1m    "--n-values", {', '.join(repr(str(v)) for v in n_values)},^[[0m
Submit PPO low-n stage	UNKNOWN STEP	2026-07-28T15:14:39.1624287Z ^[[36;1m    "--seeds", "0", "1", "2", "3", "4", "5", "6", "7",^[[0m
Submit PPO low-n stage	UNKNOWN STEP	2026-07-28T15:14:39.1624630Z ^[[36;1m    "--output", "/kaggle/working/{output_name}",^[[0m
Submit PPO low-n stage	UNKNOWN STEP	2026-07-28T15:14:39.1624942Z ^[[36;1m    "--max-parallel", "2",^[[0m
Submit PPO low-n stage	UNKNOWN STEP	2026-07-28T15:14:39.1625205Z ^[[36;1m], cwd=REPO, check=True)^[[0m
Submit PPO low-n stage	UNKNOWN STEP	2026-07-28T15:14:39.1625447Z ^[[36;1m'''^[[0m
Submit PPO low-n stage	UNKNOWN STEP	2026-07-28T15:14:39.1625772Z ^[[36;1mPath("kaggle_submit/runner.py").write_text(runner, encoding="utf-8")^[[0m
Submit PPO low-n stage	UNKNOWN STEP	2026-07-28T15:14:39.1626151Z ^[[36;1mmetadata = {^[[0m
Submit PPO low-n stage	UNKNOWN STEP	2026-07-28T15:14:39.1626425Z ^[[36;1m    "id": f"{os.environ['KAGGLE_USERNAME']}/{slug}",^[[0m
Submit PPO low-n stage	UNKNOWN STEP	2026-07-28T15:14:39.1627096Z ^[[36;1m    "title": f"STAR-RIS {method.upper()} six-method benchmark {n_values}",^[[0m
Submit PPO low-n stage	UNKNOWN STEP	2026-07-28T15:14:39.1627492Z ^[[36;1m    "code_file": "runner.py",^[[0m
Submit PPO low-n stage	UNKNOWN STEP	2026-07-28T15:14:39.1627766Z ^[[36;1m    "language": "python",^[[0m
Submit PPO low-n stage	UNKNOWN STEP	2026-07-28T15:14:39.1628031Z ^[[36;1m    "kernel_type": "script",^[[0m
Submit PPO low-n stage	UNKNOWN STEP	2026-07-28T15:14:39.1628309Z ^[[36;1m    "is_private": True,^[[0m
Submit PPO low-n stage	UNKNOWN STEP	2026-07-28T15:14:39.1628579Z ^[[36;1m    "enable_gpu": True,^[[0m
Submit PPO low-n stage	UNKNOWN STEP	2026-07-28T15:14:39.1628826Z ^[[36;1m    "enable_internet": True,^[[0m
Submit PPO low-n stage	UNKNOWN STEP	2026-07-28T15:14:39.1629094Z ^[[36;1m    "enable_tpu": False,^[[0m
Submit PPO low-n stage	UNKNOWN STEP	2026-07-28T15:14:39.1629350Z ^[[36;1m    "dataset_sources": [],^[[0m
Submit PPO low-n stage	UNKNOWN STEP	2026-07-28T15:14:39.1629617Z ^[[36;1m    "kernel_sources": [],^[[0m
Submit PPO low-n stage	UNKNOWN STEP	2026-07-28T15:14:39.1629886Z ^[[36;1m    "competition_sources": [],^[[0m
Submit PPO low-n stage	UNKNOWN STEP	2026-07-28T15:14:39.1630146Z ^[[36;1m}^[[0m
Submit PPO low-n stage	UNKNOWN STEP	2026-07-28T15:14:39.1630421Z ^[[36;1mPath("kaggle_submit/kernel-metadata.json").write_text(^[[0m
Submit PPO low-n stage	UNKNOWN STEP	2026-07-28T15:14:39.1630830Z ^[[36;1m    json.dumps(metadata, indent=2), encoding="utf-8"^[[0m
Submit PPO low-n stage	UNKNOWN STEP	2026-07-28T15:14:39.1631140Z ^[[36;1m)^[[0m
Submit PPO low-n stage	UNKNOWN STEP	2026-07-28T15:14:39.1631572Z ^[[36;1mprint(json.dumps(metadata, indent=2))^[[0m
Submit PPO low-n stage	UNKNOWN STEP	2026-07-28T15:14:39.1631864Z ^[[36;1mPY^[[0m
Submit PPO low-n stage	UNKNOWN STEP	2026-07-28T15:14:39.1683974Z shell: /usr/bin/bash -e {0}
Submit PPO low-n stage	UNKNOWN STEP	2026-07-28T15:14:39.1684248Z env:
Submit PPO low-n stage	UNKNOWN STEP	2026-07-28T15:14:39.1684475Z   KAGGLE_USERNAME: duythanhb1909984
Submit PPO low-n stage	UNKNOWN STEP	2026-07-28T15:14:39.1684978Z   KAGGLE_KEY: ***
Submit PPO low-n stage	UNKNOWN STEP	2026-07-28T15:14:39.1685193Z   METHOD: ppo
Submit PPO low-n stage	UNKNOWN STEP	2026-07-28T15:14:39.1685410Z   N_VALUES: 16 32 64
Submit PPO low-n stage	UNKNOWN STEP	2026-07-28T15:14:39.1685673Z   KERNEL_SLUG: star-ris-ppo-sixmethod-low-n-v1
Submit PPO low-n stage	UNKNOWN STEP	2026-07-28T15:14:39.1686035Z   REPO_COMMIT: 99318fefa53bef91fa5f105ec71ddae73fc96c39
Submit PPO low-n stage	UNKNOWN STEP	2026-07-28T15:14:39.1686447Z   pythonLocation: /opt/hostedtoolcache/Python/3.11.15/x64
Submit PPO low-n stage	UNKNOWN STEP	2026-07-28T15:14:39.1687174Z   PKG_CONFIG_PATH: /opt/hostedtoolcache/Python/3.11.15/x64/lib/pkgconfig
Submit PPO low-n stage	UNKNOWN STEP	2026-07-28T15:14:39.1687618Z   Python_ROOT_DIR: /opt/hostedtoolcache/Python/3.11.15/x64
Submit PPO low-n stage	UNKNOWN STEP	2026-07-28T15:14:39.1687999Z   Python2_ROOT_DIR: /opt/hostedtoolcache/Python/3.11.15/x64
Submit PPO low-n stage	UNKNOWN STEP	2026-07-28T15:14:39.1688364Z   Python3_ROOT_DIR: /opt/hostedtoolcache/Python/3.11.15/x64
Submit PPO low-n stage	UNKNOWN STEP	2026-07-28T15:14:39.1688746Z   LD_LIBRARY_PATH: /opt/hostedtoolcache/Python/3.11.15/x64/lib
Submit PPO low-n stage	UNKNOWN STEP	2026-07-28T15:14:39.1689067Z ##[endgroup]
Submit PPO low-n stage	UNKNOWN STEP	2026-07-28T15:14:39.2020434Z {
Submit PPO low-n stage	UNKNOWN STEP	2026-07-28T15:14:39.2020958Z   "id": "duythanhb1909984/star-ris-ppo-sixmethod-low-n-v1",
Submit PPO low-n stage	UNKNOWN STEP	2026-07-28T15:14:39.2021605Z   "title": "STAR-RIS PPO six-method benchmark [16, 32, 64]",
Submit PPO low-n stage	UNKNOWN STEP	2026-07-28T15:14:39.2021996Z   "code_file": "runner.py",
Submit PPO low-n stage	UNKNOWN STEP	2026-07-28T15:14:39.2022239Z   "language": "python",
Submit PPO low-n stage	UNKNOWN STEP	2026-07-28T15:14:39.2022471Z   "kernel_type": "script",
Submit PPO low-n stage	UNKNOWN STEP	2026-07-28T15:14:39.2022709Z   "is_private": true,
Submit PPO low-n stage	UNKNOWN STEP	2026-07-28T15:14:39.2022930Z   "enable_gpu": true,
Submit PPO low-n stage	UNKNOWN STEP	2026-07-28T15:14:39.2023149Z   "enable_internet": true,
Submit PPO low-n stage	UNKNOWN STEP	2026-07-28T15:14:39.2023388Z   "enable_tpu": false,
Submit PPO low-n stage	UNKNOWN STEP	2026-07-28T15:14:39.2023616Z   "dataset_sources": [],
Submit PPO low-n stage	UNKNOWN STEP	2026-07-28T15:14:39.2023845Z   "kernel_sources": [],
Submit PPO low-n stage	UNKNOWN STEP	2026-07-28T15:14:39.2024079Z   "competition_sources": []
Submit PPO low-n stage	UNKNOWN STEP	2026-07-28T15:14:39.2024310Z }
Submit PPO low-n stage	UNKNOWN STEP	2026-07-28T15:14:39.2093856Z ##[group]Run set -euo pipefail
Submit PPO low-n stage	UNKNOWN STEP	2026-07-28T15:14:39.2094176Z ^[[36;1mset -euo pipefail^[[0m
Submit PPO low-n stage	UNKNOWN STEP	2026-07-28T15:14:39.2094587Z ^[[36;1mkaggle kernels push -p kaggle_submit --accelerator NvidiaTeslaT4 --timeout 43200^[[0m
Submit PPO low-n stage	UNKNOWN STEP	2026-07-28T15:14:39.2095158Z ^[[36;1mkaggle kernels status "${KAGGLE_USERNAME}/${KERNEL_SLUG}" || true^[[0m
Submit PPO low-n stage	UNKNOWN STEP	2026-07-28T15:14:39.2146842Z shell: /usr/bin/bash -e {0}
Submit PPO low-n stage	UNKNOWN STEP	2026-07-28T15:14:39.2147116Z env:
Submit PPO low-n stage	UNKNOWN STEP	2026-07-28T15:14:39.2147553Z   KAGGLE_USERNAME: duythanhb1909984
Submit PPO low-n stage	UNKNOWN STEP	2026-07-28T15:14:39.2148020Z   KAGGLE_KEY: ***
Submit PPO low-n stage	UNKNOWN STEP	2026-07-28T15:14:39.2148233Z   METHOD: ppo
Submit PPO low-n stage	UNKNOWN STEP	2026-07-28T15:14:39.2148439Z   N_VALUES: 16 32 64
Submit PPO low-n stage	UNKNOWN STEP	2026-07-28T15:14:39.2148698Z   KERNEL_SLUG: star-ris-ppo-sixmethod-low-n-v1
Submit PPO low-n stage	UNKNOWN STEP	2026-07-28T15:14:39.2149056Z   REPO_COMMIT: 99318fefa53bef91fa5f105ec71ddae73fc96c39
Submit PPO low-n stage	UNKNOWN STEP	2026-07-28T15:14:39.2149443Z   pythonLocation: /opt/hostedtoolcache/Python/3.11.15/x64
Submit PPO low-n stage	UNKNOWN STEP	2026-07-28T15:14:39.2149873Z   PKG_CONFIG_PATH: /opt/hostedtoolcache/Python/3.11.15/x64/lib/pkgconfig
Submit PPO low-n stage	UNKNOWN STEP	2026-07-28T15:14:39.2150353Z   Python_ROOT_DIR: /opt/hostedtoolcache/Python/3.11.15/x64
Submit PPO low-n stage	UNKNOWN STEP	2026-07-28T15:14:39.2150731Z   Python2_ROOT_DIR: /opt/hostedtoolcache/Python/3.11.15/x64
Submit PPO low-n stage	UNKNOWN STEP	2026-07-28T15:14:39.2151109Z   Python3_ROOT_DIR: /opt/hostedtoolcache/Python/3.11.15/x64
Submit PPO low-n stage	UNKNOWN STEP	2026-07-28T15:14:39.2151474Z   LD_LIBRARY_PATH: /opt/hostedtoolcache/Python/3.11.15/x64/lib
Submit PPO low-n stage	UNKNOWN STEP	2026-07-28T15:14:39.2151795Z ##[endgroup]
Submit PPO low-n stage	UNKNOWN STEP	2026-07-28T15:14:42.4662265Z Your kernel title does not resolve to the specified id. This may result in surprising behavior. We suggest making your title something that resolves to the specified id. See https://en.wikipedia.org/wiki/Clean_URL#Slug for more information on how slugs are determined.
Submit PPO low-n stage	UNKNOWN STEP	2026-07-28T15:14:42.4663803Z Kernel version 1 successfully pushed.  Please check progress at https://www.kaggle.com/code/duythanhb1909984/star-ris-ppo-six-method-benchmark-16-32-64
Submit PPO low-n stage	UNKNOWN STEP	2026-07-28T15:14:42.9090363Z Cannot access kernel 'duythanhb1909984/star-ris-ppo-sixmethod-low-n-v1' (Permission 'kernels.get' was denied). The most likely cause is a wrong kernel slug. The benchmark_task_slug returned by get_benchmark_leaderboard differs from the actual kernel slug — use the slug from the notebook URL (kaggle.com/code/owner/KERNEL-SLUG), not from the leaderboard. It can also occur if the notebook is private.
Submit PPO low-n stage	UNKNOWN STEP	2026-07-28T15:14:42.9730057Z Node 20 is being deprecated. This workflow is running with Node 24 by default. If you need to temporarily use Node 20, you can set the ACTIONS_ALLOW_USE_UNSECURE_NODE_VERSION=true environment variable. For more information see: https://github.blog/changelog/2025-09-19-deprecation-of-node-20-on-github-actions-runners/
Submit PPO low-n stage	UNKNOWN STEP	2026-07-28T15:14:42.9731289Z Post job cleanup.
Submit PPO low-n stage	UNKNOWN STEP	2026-07-28T15:14:43.0927972Z (node:2298) [DEP0040] DeprecationWarning: The `punycode` module is deprecated. Please use a userland alternative instead.
Submit PPO low-n stage	UNKNOWN STEP	2026-07-28T15:14:43.0928775Z (Use `node --trace-deprecation ...` to show where the warning was created)
Submit PPO low-n stage	UNKNOWN STEP	2026-07-28T15:14:43.1167248Z Node 20 is being deprecated. This workflow is running with Node 24 by default. If you need to temporarily use Node 20, you can set the ACTIONS_ALLOW_USE_UNSECURE_NODE_VERSION=true environment variable. For more information see: https://github.blog/changelog/2025-09-19-deprecation-of-node-20-on-github-actions-runners/
Submit PPO low-n stage	UNKNOWN STEP	2026-07-28T15:14:43.1196361Z Post job cleanup.
Submit PPO low-n stage	UNKNOWN STEP	2026-07-28T15:14:43.2116034Z [command]/usr/bin/git version
Submit PPO low-n stage	UNKNOWN STEP	2026-07-28T15:14:43.2159230Z git version 2.54.0
Submit PPO low-n stage	UNKNOWN STEP	2026-07-28T15:14:43.2195920Z Temporarily overriding HOME='/home/runner/work/_temp/23f9014f-6bef-4f9a-ad22-6408f41da943' before making global git config changes
Submit PPO low-n stage	UNKNOWN STEP	2026-07-28T15:14:43.2197657Z Adding repository directory to the temporary git global config as a safe directory
Submit PPO low-n stage	UNKNOWN STEP	2026-07-28T15:14:43.2201568Z [command]/usr/bin/git config --global --add safe.directory /home/runner/work/STAR_RIS_RSMA_TD3/STAR_RIS_RSMA_TD3
Submit PPO low-n stage	UNKNOWN STEP	2026-07-28T15:14:43.2243830Z [command]/usr/bin/git config --local --name-only --get-regexp core\.sshCommand
Submit PPO low-n stage	UNKNOWN STEP	2026-07-28T15:14:43.2280448Z [command]/usr/bin/git submodule foreach --recursive sh -c "git config --local --name-only --get-regexp 'core\.sshCommand' && git config --local --unset-all 'core.sshCommand' || :"
Submit PPO low-n stage	UNKNOWN STEP	2026-07-28T15:14:43.2542429Z fatal: No url found for submodule path 'kaggle_runs/01_td3_low_n/output/STAR_RIS_RSMA_TD3' in .gitmodules
Submit PPO low-n stage	UNKNOWN STEP	2026-07-28T15:14:43.2593680Z ##[warning]The process '/usr/bin/git' failed with exit code 128
Submit PPO low-n stage	UNKNOWN STEP	2026-07-28T15:14:43.2715334Z Cleaning up orphan processes
Submit PPO low-n stage	UNKNOWN STEP	2026-07-28T15:14:43.3073209Z ##[warning]Node.js 20 is deprecated. The following actions target Node.js 20 but are being forced to run on Node.js 24: actions/checkout@v4, actions/setup-python@v5. For more information see: https://github.blog/changelog/2025-09-19-deprecation-of-node-20-on-github-actions-runners/
Submit PPO high-n stage	UNKNOWN STEP	﻿2026-07-28T15:14:04.1092427Z Current runner version: '2.336.0'
Submit PPO high-n stage	UNKNOWN STEP	2026-07-28T15:14:04.1119820Z ##[group]Runner Image Provisioner
Submit PPO high-n stage	UNKNOWN STEP	2026-07-28T15:14:04.1120634Z Hosted Compute Agent
Submit PPO high-n stage	UNKNOWN STEP	2026-07-28T15:14:04.1121382Z Version: 20260707.563
Submit PPO high-n stage	UNKNOWN STEP	2026-07-28T15:14:04.1122091Z Commit: 02667638d2b423fbc733a8e32a88b44996a3ba6e
Submit PPO high-n stage	UNKNOWN STEP	2026-07-28T15:14:04.1122952Z Build Date: 2026-07-07T19:33:50Z
Submit PPO high-n stage	UNKNOWN STEP	2026-07-28T15:14:04.1123694Z Worker ID: {0c539426-b42a-4b5e-891e-32e2ff3b2fd4}
Submit PPO high-n stage	UNKNOWN STEP	2026-07-28T15:14:04.1124411Z Azure Region: eastus2
Submit PPO high-n stage	UNKNOWN STEP	2026-07-28T15:14:04.1125078Z ##[endgroup]
Submit PPO high-n stage	UNKNOWN STEP	2026-07-28T15:14:04.1126771Z ##[group]Operating System
Submit PPO high-n stage	UNKNOWN STEP	2026-07-28T15:14:04.1127500Z Ubuntu
Submit PPO high-n stage	UNKNOWN STEP	2026-07-28T15:14:04.1128105Z 24.04.4
Submit PPO high-n stage	UNKNOWN STEP	2026-07-28T15:14:04.1128649Z LTS
Submit PPO high-n stage	UNKNOWN STEP	2026-07-28T15:14:04.1129237Z ##[endgroup]
Submit PPO high-n stage	UNKNOWN STEP	2026-07-28T15:14:04.1129815Z ##[group]Runner Image
Submit PPO high-n stage	UNKNOWN STEP	2026-07-28T15:14:04.1131145Z Image: ubuntu-24.04
Submit PPO high-n stage	UNKNOWN STEP	2026-07-28T15:14:04.1132130Z Version: 20260720.247.2
Submit PPO high-n stage	UNKNOWN STEP	2026-07-28T15:14:04.1134432Z Included Software: https://github.com/actions/runner-images/blob/ubuntu24/20260720.247/images/ubuntu/Ubuntu2404-Readme.md
Submit PPO high-n stage	UNKNOWN STEP	2026-07-28T15:14:04.1136630Z Image Release: https://github.com/actions/runner-images/releases/tag/ubuntu24%2F20260720.247
Submit PPO high-n stage	UNKNOWN STEP	2026-07-28T15:14:04.1137626Z ##[endgroup]
Submit PPO high-n stage	UNKNOWN STEP	2026-07-28T15:14:04.1138928Z ##[group]GITHUB_TOKEN Permissions
Submit PPO high-n stage	UNKNOWN STEP	2026-07-28T15:14:04.1141214Z Contents: read
Submit PPO high-n stage	UNKNOWN STEP	2026-07-28T15:14:04.1141951Z Metadata: read
Submit PPO high-n stage	UNKNOWN STEP	2026-07-28T15:14:04.1142589Z ##[endgroup]
Submit PPO high-n stage	UNKNOWN STEP	2026-07-28T15:14:04.1144870Z Secret source: Actions
Submit PPO high-n stage	UNKNOWN STEP	2026-07-28T15:14:04.1146572Z Prepare workflow directory
Submit PPO high-n stage	UNKNOWN STEP	2026-07-28T15:14:04.1659652Z Prepare all required actions
Submit PPO high-n stage	UNKNOWN STEP	2026-07-28T15:14:04.1708528Z Getting action download info
Submit PPO high-n stage	UNKNOWN STEP	2026-07-28T15:14:04.3855235Z Download action repository 'actions/checkout@v4' (SHA:11d5960a326750d5838078e36cf38b85af677262)
Submit PPO high-n stage	UNKNOWN STEP	2026-07-28T15:14:05.0124947Z Download action repository 'actions/setup-python@v5' (SHA:a26af69be951a213d495a4c3e4e4022e16d87065)
Submit PPO high-n stage	UNKNOWN STEP	2026-07-28T15:14:05.2238571Z Complete job name: Submit PPO high-n stage
Submit PPO high-n stage	UNKNOWN STEP	2026-07-28T15:14:05.3049151Z Node 20 is being deprecated. This workflow is running with Node 24 by default. If you need to temporarily use Node 20, you can set the ACTIONS_ALLOW_USE_UNSECURE_NODE_VERSION=true environment variable. For more information see: https://github.blog/changelog/2025-09-19-deprecation-of-node-20-on-github-actions-runners/
Submit PPO high-n stage	UNKNOWN STEP	2026-07-28T15:14:05.3058047Z ##[group]Run actions/checkout@v4
Submit PPO high-n stage	UNKNOWN STEP	2026-07-28T15:14:05.3058799Z with:
Submit PPO high-n stage	UNKNOWN STEP	2026-07-28T15:14:05.3059312Z   repository: Juliolayme/STAR_RIS_RSMA_TD3
Submit PPO high-n stage	UNKNOWN STEP	2026-07-28T15:14:05.3063736Z   token: ***
Submit PPO high-n stage	UNKNOWN STEP	2026-07-28T15:14:05.3064231Z   ssh-strict: true
Submit PPO high-n stage	UNKNOWN STEP	2026-07-28T15:14:05.3064719Z   ssh-user: git
Submit PPO high-n stage	UNKNOWN STEP	2026-07-28T15:14:05.3065221Z   persist-credentials: true
Submit PPO high-n stage	UNKNOWN STEP	2026-07-28T15:14:05.3065767Z   clean: true
Submit PPO high-n stage	UNKNOWN STEP	2026-07-28T15:14:05.3066957Z   sparse-checkout-cone-mode: true
Submit PPO high-n stage	UNKNOWN STEP	2026-07-28T15:14:05.3067542Z   fetch-depth: 1
Submit PPO high-n stage	UNKNOWN STEP	2026-07-28T15:14:05.3068012Z   fetch-tags: false
Submit PPO high-n stage	UNKNOWN STEP	2026-07-28T15:14:05.3068531Z   show-progress: true
Submit PPO high-n stage	UNKNOWN STEP	2026-07-28T15:14:05.3069035Z   lfs: false
Submit PPO high-n stage	UNKNOWN STEP	2026-07-28T15:14:05.3069551Z   submodules: false
Submit PPO high-n stage	UNKNOWN STEP	2026-07-28T15:14:05.3070046Z   set-safe-directory: true
Submit PPO high-n stage	UNKNOWN STEP	2026-07-28T15:14:05.3070604Z   allow-unsafe-pr-checkout: false
Submit PPO high-n stage	UNKNOWN STEP	2026-07-28T15:14:05.3071523Z env:
Submit PPO high-n stage	UNKNOWN STEP	2026-07-28T15:14:05.3072002Z   KAGGLE_USERNAME: duythanhb1909984
Submit PPO high-n stage	UNKNOWN STEP	2026-07-28T15:14:05.3072722Z   KAGGLE_KEY: ***
Submit PPO high-n stage	UNKNOWN STEP	2026-07-28T15:14:05.3073202Z   METHOD: ppo
Submit PPO high-n stage	UNKNOWN STEP	2026-07-28T15:14:05.3073664Z   N_VALUES: 96 128
Submit PPO high-n stage	UNKNOWN STEP	2026-07-28T15:14:05.3074214Z   KERNEL_SLUG: star-ris-ppo-sixmethod-high-n-v1
Submit PPO high-n stage	UNKNOWN STEP	2026-07-28T15:14:05.3074972Z   REPO_COMMIT: 99318fefa53bef91fa5f105ec71ddae73fc96c39
Submit PPO high-n stage	UNKNOWN STEP	2026-07-28T15:14:05.3075632Z ##[endgroup]
Submit PPO high-n stage	UNKNOWN STEP	2026-07-28T15:14:05.4123983Z Syncing repository: Juliolayme/STAR_RIS_RSMA_TD3
Submit PPO high-n stage	UNKNOWN STEP	2026-07-28T15:14:05.4127431Z ##[group]Getting Git version info
Submit PPO high-n stage	UNKNOWN STEP	2026-07-28T15:14:05.4128920Z Working directory is '/home/runner/work/STAR_RIS_RSMA_TD3/STAR_RIS_RSMA_TD3'
Submit PPO high-n stage	UNKNOWN STEP	2026-07-28T15:14:05.4131055Z [command]/usr/bin/git version
Submit PPO high-n stage	UNKNOWN STEP	2026-07-28T15:14:05.5203566Z git version 2.54.0
Submit PPO high-n stage	UNKNOWN STEP	2026-07-28T15:14:05.5257006Z ##[endgroup]
Submit PPO high-n stage	UNKNOWN STEP	2026-07-28T15:14:05.5274576Z Temporarily overriding HOME='/home/runner/work/_temp/004a0c83-9779-42c9-be8c-e42db11096d8' before making global git config changes
Submit PPO high-n stage	UNKNOWN STEP	2026-07-28T15:14:05.5277798Z Adding repository directory to the temporary git global config as a safe directory
Submit PPO high-n stage	UNKNOWN STEP	2026-07-28T15:14:05.5281890Z [command]/usr/bin/git config --global --add safe.directory /home/runner/work/STAR_RIS_RSMA_TD3/STAR_RIS_RSMA_TD3
Submit PPO high-n stage	UNKNOWN STEP	2026-07-28T15:14:05.5503830Z Deleting the contents of '/home/runner/work/STAR_RIS_RSMA_TD3/STAR_RIS_RSMA_TD3'
Submit PPO high-n stage	UNKNOWN STEP	2026-07-28T15:14:05.5508515Z ##[group]Initializing the repository
Submit PPO high-n stage	UNKNOWN STEP	2026-07-28T15:14:05.5513836Z [command]/usr/bin/git init /home/runner/work/STAR_RIS_RSMA_TD3/STAR_RIS_RSMA_TD3
Submit PPO high-n stage	UNKNOWN STEP	2026-07-28T15:14:05.5939464Z hint: Using 'master' as the name for the initial branch. This default branch name
Submit PPO high-n stage	UNKNOWN STEP	2026-07-28T15:14:05.5940812Z hint: will change to "main" in Git 3.0. To configure the initial branch name
Submit PPO high-n stage	UNKNOWN STEP	2026-07-28T15:14:05.5941873Z hint: to use in all of your new repositories, which will suppress this warning,
Submit PPO high-n stage	UNKNOWN STEP	2026-07-28T15:14:05.5943026Z hint: call:
Submit PPO high-n stage	UNKNOWN STEP	2026-07-28T15:14:05.5943742Z hint:
Submit PPO high-n stage	UNKNOWN STEP	2026-07-28T15:14:05.5944332Z hint: 	git config --global init.defaultBranch <name>
Submit PPO high-n stage	UNKNOWN STEP	2026-07-28T15:14:05.5945514Z hint:
Submit PPO high-n stage	UNKNOWN STEP	2026-07-28T15:14:05.5947116Z hint: Names commonly chosen instead of 'master' are 'main', 'trunk' and
Submit PPO high-n stage	UNKNOWN STEP	2026-07-28T15:14:05.5948858Z hint: 'development'. The just-created branch can be renamed via this command:
Submit PPO high-n stage	UNKNOWN STEP	2026-07-28T15:14:05.5950224Z hint:
Submit PPO high-n stage	UNKNOWN STEP	2026-07-28T15:14:05.5951037Z hint: 	git branch -m <name>
Submit PPO high-n stage	UNKNOWN STEP	2026-07-28T15:14:05.5951885Z hint:
Submit PPO high-n stage	UNKNOWN STEP	2026-07-28T15:14:05.5953006Z hint: Disable this message with "git config set advice.defaultBranchName false"
Submit PPO high-n stage	UNKNOWN STEP	2026-07-28T15:14:05.5955013Z Initialized empty Git repository in /home/runner/work/STAR_RIS_RSMA_TD3/STAR_RIS_RSMA_TD3/.git/
Submit PPO high-n stage	UNKNOWN STEP	2026-07-28T15:14:05.5959404Z [command]/usr/bin/git remote add origin https://github.com/Juliolayme/STAR_RIS_RSMA_TD3
Submit PPO high-n stage	UNKNOWN STEP	2026-07-28T15:14:05.6158696Z ##[endgroup]
Submit PPO high-n stage	UNKNOWN STEP	2026-07-28T15:14:05.6160131Z ##[group]Disabling automatic garbage collection
Submit PPO high-n stage	UNKNOWN STEP	2026-07-28T15:14:05.6163292Z [command]/usr/bin/git config --local gc.auto 0
Submit PPO high-n stage	UNKNOWN STEP	2026-07-28T15:14:05.6199566Z ##[endgroup]
Submit PPO high-n stage	UNKNOWN STEP	2026-07-28T15:14:05.6200897Z ##[group]Setting up auth
Submit PPO high-n stage	UNKNOWN STEP	2026-07-28T15:14:05.6207259Z [command]/usr/bin/git config --local --name-only --get-regexp core\.sshCommand
Submit PPO high-n stage	UNKNOWN STEP	2026-07-28T15:14:05.6248091Z [command]/usr/bin/git submodule foreach --recursive sh -c "git config --local --name-only --get-regexp 'core\.sshCommand' && git config --local --unset-all 'core.sshCommand' || :"
Submit PPO high-n stage	UNKNOWN STEP	2026-07-28T15:14:05.8090011Z [command]/usr/bin/git config --local --name-only --get-regexp http\.https\:\/\/github\.com\/\.extraheader
Submit PPO high-n stage	UNKNOWN STEP	2026-07-28T15:14:05.8129919Z [command]/usr/bin/git submodule foreach --recursive sh -c "git config --local --name-only --get-regexp 'http\.https\:\/\/github\.com\/\.extraheader' && git config --local --unset-all 'http.https://github.com/.extraheader' || :"
Submit PPO high-n stage	UNKNOWN STEP	2026-07-28T15:14:05.8377696Z [command]/usr/bin/git config --local --name-only --get-regexp ^includeIf\.gitdir:
Submit PPO high-n stage	UNKNOWN STEP	2026-07-28T15:14:05.8417541Z [command]/usr/bin/git submodule foreach --recursive git config --local --show-origin --name-only --get-regexp remote.origin.url
Submit PPO high-n stage	UNKNOWN STEP	2026-07-28T15:14:05.8668209Z [command]/usr/bin/git config --local http.https://github.com/.extraheader AUTHORIZATION: basic ***
Submit PPO high-n stage	UNKNOWN STEP	2026-07-28T15:14:05.8710709Z ##[endgroup]
Submit PPO high-n stage	UNKNOWN STEP	2026-07-28T15:14:05.8711695Z ##[group]Fetching the repository
Submit PPO high-n stage	UNKNOWN STEP	2026-07-28T15:14:05.8720833Z [command]/usr/bin/git -c protocol.version=2 fetch --no-tags --prune --no-recurse-submodules --depth=1 origin +99318fefa53bef91fa5f105ec71ddae73fc96c39:refs/remotes/origin/experiments/drl-six-method-v1
Submit PPO high-n stage	UNKNOWN STEP	2026-07-28T15:14:08.6564218Z From https://github.com/Juliolayme/STAR_RIS_RSMA_TD3
Submit PPO high-n stage	UNKNOWN STEP	2026-07-28T15:14:08.6567319Z  * [new ref]         99318fefa53bef91fa5f105ec71ddae73fc96c39 -> origin/experiments/drl-six-method-v1
Submit PPO high-n stage	UNKNOWN STEP	2026-07-28T15:14:08.6717213Z ##[endgroup]
Submit PPO high-n stage	UNKNOWN STEP	2026-07-28T15:14:08.6718113Z ##[group]Determining the checkout info
Submit PPO high-n stage	UNKNOWN STEP	2026-07-28T15:14:08.6719465Z ##[endgroup]
Submit PPO high-n stage	UNKNOWN STEP	2026-07-28T15:14:08.6725638Z [command]/usr/bin/git sparse-checkout disable
Submit PPO high-n stage	UNKNOWN STEP	2026-07-28T15:14:08.6816884Z [command]/usr/bin/git config --local --unset-all extensions.worktreeConfig
Submit PPO high-n stage	UNKNOWN STEP	2026-07-28T15:14:08.6854471Z ##[group]Checking out the ref
Submit PPO high-n stage	UNKNOWN STEP	2026-07-28T15:14:08.6859641Z [command]/usr/bin/git checkout --progress --force -B experiments/drl-six-method-v1 refs/remotes/origin/experiments/drl-six-method-v1
Submit PPO high-n stage	UNKNOWN STEP	2026-07-28T15:14:09.2819517Z Switched to a new branch 'experiments/drl-six-method-v1'
Submit PPO high-n stage	UNKNOWN STEP	2026-07-28T15:14:09.2828024Z branch 'experiments/drl-six-method-v1' set up to track 'origin/experiments/drl-six-method-v1'.
Submit PPO high-n stage	UNKNOWN STEP	2026-07-28T15:14:09.2880732Z ##[endgroup]
Submit PPO high-n stage	UNKNOWN STEP	2026-07-28T15:14:09.2935268Z [command]/usr/bin/git log -1 --format=%H
Submit PPO high-n stage	UNKNOWN STEP	2026-07-28T15:14:09.2965549Z 99318fefa53bef91fa5f105ec71ddae73fc96c39
Submit PPO high-n stage	UNKNOWN STEP	2026-07-28T15:14:09.3240275Z Node 20 is being deprecated. This workflow is running with Node 24 by default. If you need to temporarily use Node 20, you can set the ACTIONS_ALLOW_USE_UNSECURE_NODE_VERSION=true environment variable. For more information see: https://github.blog/changelog/2025-09-19-deprecation-of-node-20-on-github-actions-runners/
Submit PPO high-n stage	UNKNOWN STEP	2026-07-28T15:14:09.3241954Z ##[group]Run actions/setup-python@v5
Submit PPO high-n stage	UNKNOWN STEP	2026-07-28T15:14:09.3242228Z with:
Submit PPO high-n stage	UNKNOWN STEP	2026-07-28T15:14:09.3242437Z   python-version: 3.11
Submit PPO high-n stage	UNKNOWN STEP	2026-07-28T15:14:09.3242693Z   check-latest: false
Submit PPO high-n stage	UNKNOWN STEP	2026-07-28T15:14:09.3245274Z   token: ***
Submit PPO high-n stage	UNKNOWN STEP	2026-07-28T15:14:09.3245511Z   update-environment: true
Submit PPO high-n stage	UNKNOWN STEP	2026-07-28T15:14:09.3245769Z   allow-prereleases: false
Submit PPO high-n stage	UNKNOWN STEP	2026-07-28T15:14:09.3246006Z   freethreaded: false
Submit PPO high-n stage	UNKNOWN STEP	2026-07-28T15:14:09.3246632Z env:
Submit PPO high-n stage	UNKNOWN STEP	2026-07-28T15:14:09.3246850Z   KAGGLE_USERNAME: duythanhb1909984
Submit PPO high-n stage	UNKNOWN STEP	2026-07-28T15:14:09.3247197Z   KAGGLE_KEY: ***
Submit PPO high-n stage	UNKNOWN STEP	2026-07-28T15:14:09.3247409Z   METHOD: ppo
Submit PPO high-n stage	UNKNOWN STEP	2026-07-28T15:14:09.3247613Z   N_VALUES: 96 128
Submit PPO high-n stage	UNKNOWN STEP	2026-07-28T15:14:09.3247942Z   KERNEL_SLUG: star-ris-ppo-sixmethod-high-n-v1
Submit PPO high-n stage	UNKNOWN STEP	2026-07-28T15:14:09.3248354Z   REPO_COMMIT: 99318fefa53bef91fa5f105ec71ddae73fc96c39
Submit PPO high-n stage	UNKNOWN STEP	2026-07-28T15:14:09.3248705Z ##[endgroup]
Submit PPO high-n stage	UNKNOWN STEP	2026-07-28T15:14:09.4573112Z ##[group]Installed versions
Submit PPO high-n stage	UNKNOWN STEP	2026-07-28T15:14:09.4913363Z (node:2248) [DEP0040] DeprecationWarning: The `punycode` module is deprecated. Please use a userland alternative instead.
Submit PPO high-n stage	UNKNOWN STEP	2026-07-28T15:14:09.4914127Z (Use `node --trace-deprecation ...` to show where the warning was created)
Submit PPO high-n stage	UNKNOWN STEP	2026-07-28T15:14:09.4914929Z Successfully set up CPython (3.11.15)
Submit PPO high-n stage	UNKNOWN STEP	2026-07-28T15:14:09.4915676Z ##[endgroup]
Submit PPO high-n stage	UNKNOWN STEP	2026-07-28T15:14:09.5139907Z ##[group]Run python -m pip install "kaggle>=1.8.4,<3"
Submit PPO high-n stage	UNKNOWN STEP	2026-07-28T15:14:09.5140446Z ^[[36;1mpython -m pip install "kaggle>=1.8.4,<3"^[[0m
Submit PPO high-n stage	UNKNOWN STEP	2026-07-28T15:14:09.5254764Z shell: /usr/bin/bash -e {0}
Submit PPO high-n stage	UNKNOWN STEP	2026-07-28T15:14:09.5255259Z env:
Submit PPO high-n stage	UNKNOWN STEP	2026-07-28T15:14:09.5255609Z   KAGGLE_USERNAME: duythanhb1909984
Submit PPO high-n stage	UNKNOWN STEP	2026-07-28T15:14:09.5256581Z   KAGGLE_KEY: ***
Submit PPO high-n stage	UNKNOWN STEP	2026-07-28T15:14:09.5256916Z   METHOD: ppo
Submit PPO high-n stage	UNKNOWN STEP	2026-07-28T15:14:09.5257236Z   N_VALUES: 96 128
Submit PPO high-n stage	UNKNOWN STEP	2026-07-28T15:14:09.5257647Z   KERNEL_SLUG: star-ris-ppo-sixmethod-high-n-v1
Submit PPO high-n stage	UNKNOWN STEP	2026-07-28T15:14:09.5258232Z   REPO_COMMIT: 99318fefa53bef91fa5f105ec71ddae73fc96c39
Submit PPO high-n stage	UNKNOWN STEP	2026-07-28T15:14:09.5258848Z   pythonLocation: /opt/hostedtoolcache/Python/3.11.15/x64
Submit PPO high-n stage	UNKNOWN STEP	2026-07-28T15:14:09.5259558Z   PKG_CONFIG_PATH: /opt/hostedtoolcache/Python/3.11.15/x64/lib/pkgconfig
Submit PPO high-n stage	UNKNOWN STEP	2026-07-28T15:14:09.5260262Z   Python_ROOT_DIR: /opt/hostedtoolcache/Python/3.11.15/x64
Submit PPO high-n stage	UNKNOWN STEP	2026-07-28T15:14:09.5260923Z   Python2_ROOT_DIR: /opt/hostedtoolcache/Python/3.11.15/x64
Submit PPO high-n stage	UNKNOWN STEP	2026-07-28T15:14:09.5261615Z   Python3_ROOT_DIR: /opt/hostedtoolcache/Python/3.11.15/x64
Submit PPO high-n stage	UNKNOWN STEP	2026-07-28T15:14:09.5262245Z   LD_LIBRARY_PATH: /opt/hostedtoolcache/Python/3.11.15/x64/lib
Submit PPO high-n stage	UNKNOWN STEP	2026-07-28T15:14:09.5262772Z ##[endgroup]
Submit PPO high-n stage	UNKNOWN STEP	2026-07-28T15:14:12.1872332Z Collecting kaggle<3,>=1.8.4
Submit PPO high-n stage	UNKNOWN STEP	2026-07-28T15:14:12.2582793Z   Downloading kaggle-2.2.4-py3-none-any.whl.metadata (17 kB)
Submit PPO high-n stage	UNKNOWN STEP	2026-07-28T15:14:12.2844300Z Collecting bleach (from kaggle<3,>=1.8.4)
Submit PPO high-n stage	UNKNOWN STEP	2026-07-28T15:14:12.2925782Z   Downloading bleach-6.4.0-py3-none-any.whl.metadata (32 kB)
Submit PPO high-n stage	UNKNOWN STEP	2026-07-28T15:14:12.3274185Z Collecting jupytext (from kaggle<3,>=1.8.4)
Submit PPO high-n stage	UNKNOWN STEP	2026-07-28T15:14:12.3353477Z   Downloading jupytext-1.19.5-py3-none-any.whl.metadata (15 kB)
Submit PPO high-n stage	UNKNOWN STEP	2026-07-28T15:14:12.3572977Z Collecting kagglesdk<1.0,>=0.1.35 (from kaggle<3,>=1.8.4)
Submit PPO high-n stage	UNKNOWN STEP	2026-07-28T15:14:12.3663291Z   Downloading kagglesdk-0.1.35-py3-none-any.whl.metadata (13 kB)
Submit PPO high-n stage	UNKNOWN STEP	2026-07-28T15:14:12.3880644Z Collecting packaging (from kaggle<3,>=1.8.4)
Submit PPO high-n stage	UNKNOWN STEP	2026-07-28T15:14:12.3960284Z   Downloading packaging-26.2-py3-none-any.whl.metadata (3.5 kB)
Submit PPO high-n stage	UNKNOWN STEP	2026-07-28T15:14:12.5489582Z Collecting protobuf (from kaggle<3,>=1.8.4)
Submit PPO high-n stage	UNKNOWN STEP	2026-07-28T15:14:12.5569939Z   Downloading protobuf-7.35.1-cp310-abi3-manylinux2014_x86_64.whl.metadata (595 bytes)
Submit PPO high-n stage	UNKNOWN STEP	2026-07-28T15:14:12.5730171Z Collecting python-dateutil (from kaggle<3,>=1.8.4)
Submit PPO high-n stage	UNKNOWN STEP	2026-07-28T15:14:12.5809043Z   Downloading python_dateutil-2.9.0.post0-py2.py3-none-any.whl.metadata (8.4 kB)
Submit PPO high-n stage	UNKNOWN STEP	2026-07-28T15:14:12.6011600Z Collecting python-dotenv (from kaggle<3,>=1.8.4)
Submit PPO high-n stage	UNKNOWN STEP	2026-07-28T15:14:12.6086715Z   Downloading python_dotenv-1.2.2-py3-none-any.whl.metadata (27 kB)
Submit PPO high-n stage	UNKNOWN STEP	2026-07-28T15:14:12.6271585Z Collecting python-slugify (from kaggle<3,>=1.8.4)
Submit PPO high-n stage	UNKNOWN STEP	2026-07-28T15:14:12.6347900Z   Downloading python_slugify-8.0.4-py2.py3-none-any.whl.metadata (8.5 kB)
Submit PPO high-n stage	UNKNOWN STEP	2026-07-28T15:14:12.6597980Z Collecting requests (from kaggle<3,>=1.8.4)
Submit PPO high-n stage	UNKNOWN STEP	2026-07-28T15:14:12.6682365Z   Downloading requests-2.34.2-py3-none-any.whl.metadata (4.8 kB)
Submit PPO high-n stage	UNKNOWN STEP	2026-07-28T15:14:12.6990929Z Collecting tqdm (from kaggle<3,>=1.8.4)
Submit PPO high-n stage	UNKNOWN STEP	2026-07-28T15:14:12.7072839Z   Downloading tqdm-4.70.0-py3-none-any.whl.metadata (57 kB)
Submit PPO high-n stage	UNKNOWN STEP	2026-07-28T15:14:12.7374235Z Collecting urllib3>=1.15.1 (from kaggle<3,>=1.8.4)
Submit PPO high-n stage	UNKNOWN STEP	2026-07-28T15:14:12.7450922Z   Downloading urllib3-2.7.0-py3-none-any.whl.metadata (6.9 kB)
Submit PPO high-n stage	UNKNOWN STEP	2026-07-28T15:14:12.7608988Z Collecting webencodings (from bleach->kaggle<3,>=1.8.4)
Submit PPO high-n stage	UNKNOWN STEP	2026-07-28T15:14:12.7684623Z   Downloading webencodings-0.5.1-py2.py3-none-any.whl.metadata (2.1 kB)
Submit PPO high-n stage	UNKNOWN STEP	2026-07-28T15:14:12.7855680Z Collecting markdown-it-py>=1.0 (from jupytext->kaggle<3,>=1.8.4)
Submit PPO high-n stage	UNKNOWN STEP	2026-07-28T15:14:12.7933041Z   Downloading markdown_it_py-4.2.0-py3-none-any.whl.metadata (7.4 kB)
Submit PPO high-n stage	UNKNOWN STEP	2026-07-28T15:14:12.8111674Z Collecting mdit-py-plugins (from jupytext->kaggle<3,>=1.8.4)
Submit PPO high-n stage	UNKNOWN STEP	2026-07-28T15:14:12.8184794Z   Downloading mdit_py_plugins-0.6.1-py3-none-any.whl.metadata (2.9 kB)
Submit PPO high-n stage	UNKNOWN STEP	2026-07-28T15:14:12.8355714Z Collecting nbformat (from jupytext->kaggle<3,>=1.8.4)
Submit PPO high-n stage	UNKNOWN STEP	2026-07-28T15:14:12.8428685Z   Downloading nbformat-5.10.4-py3-none-any.whl.metadata (3.6 kB)
Submit PPO high-n stage	UNKNOWN STEP	2026-07-28T15:14:12.8784562Z Collecting pyyaml (from jupytext->kaggle<3,>=1.8.4)
Submit PPO high-n stage	UNKNOWN STEP	2026-07-28T15:14:12.8862423Z   Downloading pyyaml-6.0.3-cp311-cp311-manylinux2014_x86_64.manylinux_2_17_x86_64.manylinux_2_28_x86_64.whl.metadata (2.4 kB)
Submit PPO high-n stage	UNKNOWN STEP	2026-07-28T15:14:12.8999866Z Collecting mdurl~=0.1 (from markdown-it-py>=1.0->jupytext->kaggle<3,>=1.8.4)
Submit PPO high-n stage	UNKNOWN STEP	2026-07-28T15:14:12.9075950Z   Downloading mdurl-0.1.2-py3-none-any.whl.metadata (1.6 kB)
Submit PPO high-n stage	UNKNOWN STEP	2026-07-28T15:14:12.9267403Z Collecting fastjsonschema>=2.15 (from nbformat->jupytext->kaggle<3,>=1.8.4)
Submit PPO high-n stage	UNKNOWN STEP	2026-07-28T15:14:12.9344711Z   Downloading fastjsonschema-2.22.1-py3-none-any.whl.metadata (2.1 kB)
Submit PPO high-n stage	UNKNOWN STEP	2026-07-28T15:14:12.9565744Z Collecting jsonschema>=2.6 (from nbformat->jupytext->kaggle<3,>=1.8.4)
Submit PPO high-n stage	UNKNOWN STEP	2026-07-28T15:14:12.9643699Z   Downloading jsonschema-4.26.0-py3-none-any.whl.metadata (7.6 kB)
Submit PPO high-n stage	UNKNOWN STEP	2026-07-28T15:14:12.9840526Z Collecting jupyter-core!=5.0.*,>=4.12 (from nbformat->jupytext->kaggle<3,>=1.8.4)
Submit PPO high-n stage	UNKNOWN STEP	2026-07-28T15:14:12.9926491Z   Downloading jupyter_core-5.9.1-py3-none-any.whl.metadata (1.5 kB)
Submit PPO high-n stage	UNKNOWN STEP	2026-07-28T15:14:13.0109854Z Collecting traitlets>=5.1 (from nbformat->jupytext->kaggle<3,>=1.8.4)
Submit PPO high-n stage	UNKNOWN STEP	2026-07-28T15:14:13.0183239Z   Downloading traitlets-5.15.1-py3-none-any.whl.metadata (10 kB)
Submit PPO high-n stage	UNKNOWN STEP	2026-07-28T15:14:13.0354540Z Collecting attrs>=22.2.0 (from jsonschema>=2.6->nbformat->jupytext->kaggle<3,>=1.8.4)
Submit PPO high-n stage	UNKNOWN STEP	2026-07-28T15:14:13.0428401Z   Downloading attrs-26.1.0-py3-none-any.whl.metadata (8.8 kB)
Submit PPO high-n stage	UNKNOWN STEP	2026-07-28T15:14:13.0577527Z Collecting jsonschema-specifications>=2023.03.6 (from jsonschema>=2.6->nbformat->jupytext->kaggle<3,>=1.8.4)
Submit PPO high-n stage	UNKNOWN STEP	2026-07-28T15:14:13.0653480Z   Downloading jsonschema_specifications-2025.9.1-py3-none-any.whl.metadata (2.9 kB)
Submit PPO high-n stage	UNKNOWN STEP	2026-07-28T15:14:13.0866523Z Collecting referencing>=0.28.4 (from jsonschema>=2.6->nbformat->jupytext->kaggle<3,>=1.8.4)
Submit PPO high-n stage	UNKNOWN STEP	2026-07-28T15:14:13.0944711Z   Downloading referencing-0.37.0-py3-none-any.whl.metadata (2.8 kB)
Submit PPO high-n stage	UNKNOWN STEP	2026-07-28T15:14:13.3296697Z Collecting rpds-py>=0.25.0 (from jsonschema>=2.6->nbformat->jupytext->kaggle<3,>=1.8.4)
Submit PPO high-n stage	UNKNOWN STEP	2026-07-28T15:14:13.3374445Z   Downloading rpds_py-2026.6.3-cp311-cp311-manylinux_2_17_x86_64.manylinux2014_x86_64.whl.metadata (4.1 kB)
Submit PPO high-n stage	UNKNOWN STEP	2026-07-28T15:14:13.3584760Z Collecting platformdirs>=2.5 (from jupyter-core!=5.0.*,>=4.12->nbformat->jupytext->kaggle<3,>=1.8.4)
Submit PPO high-n stage	UNKNOWN STEP	2026-07-28T15:14:13.3658769Z   Downloading platformdirs-4.11.0-py3-none-any.whl.metadata (5.5 kB)
Submit PPO high-n stage	UNKNOWN STEP	2026-07-28T15:14:13.3877287Z Collecting typing-extensions>=4.4.0 (from referencing>=0.28.4->jsonschema>=2.6->nbformat->jupytext->kaggle<3,>=1.8.4)
Submit PPO high-n stage	UNKNOWN STEP	2026-07-28T15:14:13.3951150Z   Downloading typing_extensions-4.16.0-py3-none-any.whl.metadata (3.3 kB)
Submit PPO high-n stage	UNKNOWN STEP	2026-07-28T15:14:13.4114837Z Collecting six>=1.5 (from python-dateutil->kaggle<3,>=1.8.4)
Submit PPO high-n stage	UNKNOWN STEP	2026-07-28T15:14:13.4216450Z   Downloading six-1.17.0-py2.py3-none-any.whl.metadata (1.7 kB)
Submit PPO high-n stage	UNKNOWN STEP	2026-07-28T15:14:13.4355832Z Collecting text-unidecode>=1.3 (from python-slugify->kaggle<3,>=1.8.4)
Submit PPO high-n stage	UNKNOWN STEP	2026-07-28T15:14:13.4431330Z   Downloading text_unidecode-1.3-py2.py3-none-any.whl.metadata (2.4 kB)
Submit PPO high-n stage	UNKNOWN STEP	2026-07-28T15:14:13.5285641Z Collecting charset_normalizer<4,>=2 (from requests->kaggle<3,>=1.8.4)
Submit PPO high-n stage	UNKNOWN STEP	2026-07-28T15:14:13.5372243Z   Downloading charset_normalizer-3.4.9-cp311-cp311-manylinux2014_x86_64.manylinux_2_17_x86_64.manylinux_2_28_x86_64.whl.metadata (41 kB)
Submit PPO high-n stage	UNKNOWN STEP	2026-07-28T15:14:13.5567015Z Collecting idna<4,>=2.5 (from requests->kaggle<3,>=1.8.4)
Submit PPO high-n stage	UNKNOWN STEP	2026-07-28T15:14:13.5646822Z   Downloading idna-3.18-py3-none-any.whl.metadata (6.1 kB)
Submit PPO high-n stage	UNKNOWN STEP	2026-07-28T15:14:13.5867785Z Collecting certifi>=2023.5.7 (from requests->kaggle<3,>=1.8.4)
Submit PPO high-n stage	UNKNOWN STEP	2026-07-28T15:14:13.5955184Z   Downloading certifi-2026.7.22-py3-none-any.whl.metadata (2.5 kB)
Submit PPO high-n stage	UNKNOWN STEP	2026-07-28T15:14:13.6111428Z Downloading kaggle-2.2.4-py3-none-any.whl (126 kB)
Submit PPO high-n stage	UNKNOWN STEP	2026-07-28T15:14:13.6325802Z Downloading kagglesdk-0.1.35-py3-none-any.whl (248 kB)
Submit PPO high-n stage	UNKNOWN STEP	2026-07-28T15:14:13.6584872Z Downloading urllib3-2.7.0-py3-none-any.whl (131 kB)
Submit PPO high-n stage	UNKNOWN STEP	2026-07-28T15:14:13.6748532Z Downloading bleach-6.4.0-py3-none-any.whl (165 kB)
Submit PPO high-n stage	UNKNOWN STEP	2026-07-28T15:14:13.6940265Z Downloading jupytext-1.19.5-py3-none-any.whl (229 kB)
Submit PPO high-n stage	UNKNOWN STEP	2026-07-28T15:14:13.7149662Z Downloading markdown_it_py-4.2.0-py3-none-any.whl (91 kB)
Submit PPO high-n stage	UNKNOWN STEP	2026-07-28T15:14:13.7266836Z Downloading mdurl-0.1.2-py3-none-any.whl (10.0 kB)
Submit PPO high-n stage	UNKNOWN STEP	2026-07-28T15:14:13.7358833Z Downloading mdit_py_plugins-0.6.1-py3-none-any.whl (66 kB)
Submit PPO high-n stage	UNKNOWN STEP	2026-07-28T15:14:13.7470423Z Downloading nbformat-5.10.4-py3-none-any.whl (78 kB)
Submit PPO high-n stage	UNKNOWN STEP	2026-07-28T15:14:13.7586268Z Downloading fastjsonschema-2.22.1-py3-none-any.whl (26 kB)
Submit PPO high-n stage	UNKNOWN STEP	2026-07-28T15:14:13.7678162Z Downloading jsonschema-4.26.0-py3-none-any.whl (90 kB)
Submit PPO high-n stage	UNKNOWN STEP	2026-07-28T15:14:13.7792218Z Downloading attrs-26.1.0-py3-none-any.whl (67 kB)
Submit PPO high-n stage	UNKNOWN STEP	2026-07-28T15:14:13.7900520Z Downloading jsonschema_specifications-2025.9.1-py3-none-any.whl (18 kB)
Submit PPO high-n stage	UNKNOWN STEP	2026-07-28T15:14:13.7991869Z Downloading jupyter_core-5.9.1-py3-none-any.whl (29 kB)
Submit PPO high-n stage	UNKNOWN STEP	2026-07-28T15:14:13.8082762Z Downloading platformdirs-4.11.0-py3-none-any.whl (23 kB)
Submit PPO high-n stage	UNKNOWN STEP	2026-07-28T15:14:13.8173302Z Downloading referencing-0.37.0-py3-none-any.whl (26 kB)
Submit PPO high-n stage	UNKNOWN STEP	2026-07-28T15:14:13.8269026Z Downloading rpds_py-2026.6.3-cp311-cp311-manylinux_2_17_x86_64.manylinux2014_x86_64.whl (371 kB)
Submit PPO high-n stage	UNKNOWN STEP	2026-07-28T15:14:13.8533156Z Downloading traitlets-5.15.1-py3-none-any.whl (85 kB)
Submit PPO high-n stage	UNKNOWN STEP	2026-07-28T15:14:13.8638288Z Downloading typing_extensions-4.16.0-py3-none-any.whl (45 kB)
Submit PPO high-n stage	UNKNOWN STEP	2026-07-28T15:14:13.8738203Z Downloading packaging-26.2-py3-none-any.whl (100 kB)
Submit PPO high-n stage	UNKNOWN STEP	2026-07-28T15:14:13.8889056Z Downloading protobuf-7.35.1-cp310-abi3-manylinux2014_x86_64.whl (327 kB)
Submit PPO high-n stage	UNKNOWN STEP	2026-07-28T15:14:13.9105171Z Downloading python_dateutil-2.9.0.post0-py2.py3-none-any.whl (229 kB)
Submit PPO high-n stage	UNKNOWN STEP	2026-07-28T15:14:13.9265731Z Downloading six-1.17.0-py2.py3-none-any.whl (11 kB)
Submit PPO high-n stage	UNKNOWN STEP	2026-07-28T15:14:13.9357252Z Downloading python_dotenv-1.2.2-py3-none-any.whl (22 kB)
Submit PPO high-n stage	UNKNOWN STEP	2026-07-28T15:14:13.9449123Z Downloading python_slugify-8.0.4-py2.py3-none-any.whl (10 kB)
Submit PPO high-n stage	UNKNOWN STEP	2026-07-28T15:14:13.9539630Z Downloading text_unidecode-1.3-py2.py3-none-any.whl (78 kB)
Submit PPO high-n stage	UNKNOWN STEP	2026-07-28T15:14:13.9656612Z Downloading pyyaml-6.0.3-cp311-cp311-manylinux2014_x86_64.manylinux_2_17_x86_64.manylinux_2_28_x86_64.whl (806 kB)
Submit PPO high-n stage	UNKNOWN STEP	2026-07-28T15:14:13.9941826Z    ━━━━━━━━━━━━━━━━━━━━━━━━━━━━━━━━━━━━━━━━ 806.6/806.6 kB 29.8 MB/s  0:00:00
Submit PPO high-n stage	UNKNOWN STEP	2026-07-28T15:14:14.0017830Z Downloading requests-2.34.2-py3-none-any.whl (73 kB)
Submit PPO high-n stage	UNKNOWN STEP	2026-07-28T15:14:14.0126388Z Downloading charset_normalizer-3.4.9-cp311-cp311-manylinux2014_x86_64.manylinux_2_17_x86_64.manylinux_2_28_x86_64.whl (221 kB)
Submit PPO high-n stage	UNKNOWN STEP	2026-07-28T15:14:14.0275181Z Downloading idna-3.18-py3-none-any.whl (65 kB)
Submit PPO high-n stage	UNKNOWN STEP	2026-07-28T15:14:14.0372404Z Downloading certifi-2026.7.22-py3-none-any.whl (136 kB)
Submit PPO high-n stage	UNKNOWN STEP	2026-07-28T15:14:14.0483075Z Downloading tqdm-4.70.0-py3-none-any.whl (80 kB)
Submit PPO high-n stage	UNKNOWN STEP	2026-07-28T15:14:14.0582070Z Downloading webencodings-0.5.1-py2.py3-none-any.whl (11 kB)
Submit PPO high-n stage	UNKNOWN STEP	2026-07-28T15:14:14.1991853Z Installing collected packages: webencodings, text-unidecode, urllib3, typing-extensions, traitlets, tqdm, six, rpds-py, pyyaml, python-slugify, python-dotenv, protobuf, platformdirs, packaging, mdurl, idna, fastjsonschema, charset_normalizer, certifi, bleach, attrs, requests, referencing, python-dateutil, markdown-it-py, jupyter-core, mdit-py-plugins, kagglesdk, jsonschema-specifications, jsonschema, nbformat, jupytext, kaggle
Submit PPO high-n stage	UNKNOWN STEP	2026-07-28T15:14:15.7353689Z 
Submit PPO high-n stage	UNKNOWN STEP	2026-07-28T15:14:15.7373750Z Successfully installed attrs-26.1.0 bleach-6.4.0 certifi-2026.7.22 charset_normalizer-3.4.9 fastjsonschema-2.22.1 idna-3.18 jsonschema-4.26.0 jsonschema-specifications-2025.9.1 jupyter-core-5.9.1 jupytext-1.19.5 kaggle-2.2.4 kagglesdk-0.1.35 markdown-it-py-4.2.0 mdit-py-plugins-0.6.1 mdurl-0.1.2 nbformat-5.10.4 packaging-26.2 platformdirs-4.11.0 protobuf-7.35.1 python-dateutil-2.9.0.post0 python-dotenv-1.2.2 python-slugify-8.0.4 pyyaml-6.0.3 referencing-0.37.0 requests-2.34.2 rpds-py-2026.6.3 six-1.17.0 text-unidecode-1.3 tqdm-4.70.0 traitlets-5.15.1 typing-extensions-4.16.0 urllib3-2.7.0 webencodings-0.5.1
Submit PPO high-n stage	UNKNOWN STEP	2026-07-28T15:14:15.8391096Z ##[group]Run set -euo pipefail
Submit PPO high-n stage	UNKNOWN STEP	2026-07-28T15:14:15.8391490Z ^[[36;1mset -euo pipefail^[[0m
Submit PPO high-n stage	UNKNOWN STEP	2026-07-28T15:14:15.8391741Z ^[[36;1mrm -rf kaggle_submit^[[0m
Submit PPO high-n stage	UNKNOWN STEP	2026-07-28T15:14:15.8391997Z ^[[36;1mmkdir -p kaggle_submit^[[0m
Submit PPO high-n stage	UNKNOWN STEP	2026-07-28T15:14:15.8392270Z ^[[36;1mpython - <<'PY'^[[0m
Submit PPO high-n stage	UNKNOWN STEP	2026-07-28T15:14:15.8392523Z ^[[36;1mimport json^[[0m
Submit PPO high-n stage	UNKNOWN STEP	2026-07-28T15:14:15.8392745Z ^[[36;1mimport os^[[0m
Submit PPO high-n stage	UNKNOWN STEP	2026-07-28T15:14:15.8392969Z ^[[36;1mfrom pathlib import Path^[[0m
Submit PPO high-n stage	UNKNOWN STEP	2026-07-28T15:14:15.8393222Z ^[[36;1m^[[0m
Submit PPO high-n stage	UNKNOWN STEP	2026-07-28T15:14:15.8393432Z ^[[36;1mmethod = os.environ["METHOD"]^[[0m
Submit PPO high-n stage	UNKNOWN STEP	2026-07-28T15:14:15.8393815Z ^[[36;1mn_values = [int(value) for value in os.environ["N_VALUES"].split()]^[[0m
Submit PPO high-n stage	UNKNOWN STEP	2026-07-28T15:14:15.8394222Z ^[[36;1mcommit = os.environ["REPO_COMMIT"]^[[0m
Submit PPO high-n stage	UNKNOWN STEP	2026-07-28T15:14:15.8394515Z ^[[36;1mslug = os.environ["KERNEL_SLUG"]^[[0m
Submit PPO high-n stage	UNKNOWN STEP	2026-07-28T15:14:15.8394939Z ^[[36;1moutput_name = f"six_method_{method}_{'low_n' if max(n_values) <= 64 else 'high_n'}"^[[0m
Submit PPO high-n stage	UNKNOWN STEP	2026-07-28T15:14:15.8395461Z ^[[36;1mrunner = f'''from __future__ import annotations^[[0m
Submit PPO high-n stage	UNKNOWN STEP	2026-07-28T15:14:15.8395772Z ^[[36;1mimport shutil^[[0m
Submit PPO high-n stage	UNKNOWN STEP	2026-07-28T15:14:15.8396004Z ^[[36;1mimport subprocess^[[0m
Submit PPO high-n stage	UNKNOWN STEP	2026-07-28T15:14:15.8396631Z ^[[36;1mimport sys^[[0m
Submit PPO high-n stage	UNKNOWN STEP	2026-07-28T15:14:15.8396864Z ^[[36;1mfrom pathlib import Path^[[0m
Submit PPO high-n stage	UNKNOWN STEP	2026-07-28T15:14:15.8397114Z ^[[36;1m^[[0m
Submit PPO high-n stage	UNKNOWN STEP	2026-07-28T15:14:15.8397383Z ^[[36;1mREPO = Path("/kaggle/working/STAR_RIS_RSMA_TD3")^[[0m
Submit PPO high-n stage	UNKNOWN STEP	2026-07-28T15:14:15.8397709Z ^[[36;1mif REPO.exists():^[[0m
Submit PPO high-n stage	UNKNOWN STEP	2026-07-28T15:14:15.8397949Z ^[[36;1m    shutil.rmtree(REPO)^[[0m
Submit PPO high-n stage	UNKNOWN STEP	2026-07-28T15:14:15.8398528Z ^[[36;1msubprocess.run(["git", "clone", "--filter=blob:none", "https://github.com/Juliolayme/STAR_RIS_RSMA_TD3.git", str(REPO)], check=True)^[[0m
Submit PPO high-n stage	UNKNOWN STEP	2026-07-28T15:14:15.8399228Z ^[[36;1msubprocess.run(["git", "checkout", "--detach", "{commit}"], cwd=REPO, check=True)^[[0m
Submit PPO high-n stage	UNKNOWN STEP	2026-07-28T15:14:15.8399907Z ^[[36;1msubprocess.run([sys.executable, "-m", "pip", "install", "-q", "--no-build-isolation", "-e", str(REPO), "tabulate"], check=True)^[[0m
Submit PPO high-n stage	UNKNOWN STEP	2026-07-28T15:14:15.8400480Z ^[[36;1msubprocess.run([^[[0m
Submit PPO high-n stage	UNKNOWN STEP	2026-07-28T15:14:15.8400743Z ^[[36;1m    sys.executable,^[[0m
Submit PPO high-n stage	UNKNOWN STEP	2026-07-28T15:14:15.8401010Z ^[[36;1m    "scripts/run_drl_stage.py",^[[0m
Submit PPO high-n stage	UNKNOWN STEP	2026-07-28T15:14:15.8401306Z ^[[36;1m    "--method", "{method}",^[[0m
Submit PPO high-n stage	UNKNOWN STEP	2026-07-28T15:14:15.8401645Z ^[[36;1m    "--n-values", {', '.join(repr(str(v)) for v in n_values)},^[[0m
Submit PPO high-n stage	UNKNOWN STEP	2026-07-28T15:14:15.8402237Z ^[[36;1m    "--seeds", "0", "1", "2", "3", "4", "5", "6", "7",^[[0m
Submit PPO high-n stage	UNKNOWN STEP	2026-07-28T15:14:15.8402580Z ^[[36;1m    "--output", "/kaggle/working/{output_name}",^[[0m
Submit PPO high-n stage	UNKNOWN STEP	2026-07-28T15:14:15.8403017Z ^[[36;1m    "--max-parallel", "2",^[[0m
Submit PPO high-n stage	UNKNOWN STEP	2026-07-28T15:14:15.8403321Z ^[[36;1m], cwd=REPO, check=True)^[[0m
Submit PPO high-n stage	UNKNOWN STEP	2026-07-28T15:14:15.8403567Z ^[[36;1m'''^[[0m
Submit PPO high-n stage	UNKNOWN STEP	2026-07-28T15:14:15.8403891Z ^[[36;1mPath("kaggle_submit/runner.py").write_text(runner, encoding="utf-8")^[[0m
Submit PPO high-n stage	UNKNOWN STEP	2026-07-28T15:14:15.8404275Z ^[[36;1mmetadata = {^[[0m
Submit PPO high-n stage	UNKNOWN STEP	2026-07-28T15:14:15.8404559Z ^[[36;1m    "id": f"{os.environ['KAGGLE_USERNAME']}/{slug}",^[[0m
Submit PPO high-n stage	UNKNOWN STEP	2026-07-28T15:14:15.8404994Z ^[[36;1m    "title": f"STAR-RIS {method.upper()} six-method benchmark {n_values}",^[[0m
Submit PPO high-n stage	UNKNOWN STEP	2026-07-28T15:14:15.8405392Z ^[[36;1m    "code_file": "runner.py",^[[0m
Submit PPO high-n stage	UNKNOWN STEP	2026-07-28T15:14:15.8405671Z ^[[36;1m    "language": "python",^[[0m
Submit PPO high-n stage	UNKNOWN STEP	2026-07-28T15:14:15.8405934Z ^[[36;1m    "kernel_type": "script",^[[0m
Submit PPO high-n stage	UNKNOWN STEP	2026-07-28T15:14:15.8406362Z ^[[36;1m    "is_private": True,^[[0m
Submit PPO high-n stage	UNKNOWN STEP	2026-07-28T15:14:15.8406627Z ^[[36;1m    "enable_gpu": True,^[[0m
Submit PPO high-n stage	UNKNOWN STEP	2026-07-28T15:14:15.8406875Z ^[[36;1m    "enable_internet": True,^[[0m
Submit PPO high-n stage	UNKNOWN STEP	2026-07-28T15:14:15.8407138Z ^[[36;1m    "enable_tpu": False,^[[0m
Submit PPO high-n stage	UNKNOWN STEP	2026-07-28T15:14:15.8407397Z ^[[36;1m    "dataset_sources": [],^[[0m
Submit PPO high-n stage	UNKNOWN STEP	2026-07-28T15:14:15.8407668Z ^[[36;1m    "kernel_sources": [],^[[0m
Submit PPO high-n stage	UNKNOWN STEP	2026-07-28T15:14:15.8407934Z ^[[36;1m    "competition_sources": [],^[[0m
Submit PPO high-n stage	UNKNOWN STEP	2026-07-28T15:14:15.8408193Z ^[[36;1m}^[[0m
Submit PPO high-n stage	UNKNOWN STEP	2026-07-28T15:14:15.8408469Z ^[[36;1mPath("kaggle_submit/kernel-metadata.json").write_text(^[[0m
Submit PPO high-n stage	UNKNOWN STEP	2026-07-28T15:14:15.8408859Z ^[[36;1m    json.dumps(metadata, indent=2), encoding="utf-8"^[[0m
Submit PPO high-n stage	UNKNOWN STEP	2026-07-28T15:14:15.8409165Z ^[[36;1m)^[[0m
Submit PPO high-n stage	UNKNOWN STEP	2026-07-28T15:14:15.8409588Z ^[[36;1mprint(json.dumps(metadata, indent=2))^[[0m
Submit PPO high-n stage	UNKNOWN STEP	2026-07-28T15:14:15.8409874Z ^[[36;1mPY^[[0m
Submit PPO high-n stage	UNKNOWN STEP	2026-07-28T15:14:15.8458908Z shell: /usr/bin/bash -e {0}
Submit PPO high-n stage	UNKNOWN STEP	2026-07-28T15:14:15.8459180Z env:
Submit PPO high-n stage	UNKNOWN STEP	2026-07-28T15:14:15.8459405Z   KAGGLE_USERNAME: duythanhb1909984
Submit PPO high-n stage	UNKNOWN STEP	2026-07-28T15:14:15.8459844Z   KAGGLE_KEY: ***
Submit PPO high-n stage	UNKNOWN STEP	2026-07-28T15:14:15.8460058Z   METHOD: ppo
Submit PPO high-n stage	UNKNOWN STEP	2026-07-28T15:14:15.8460282Z   N_VALUES: 96 128
Submit PPO high-n stage	UNKNOWN STEP	2026-07-28T15:14:15.8460554Z   KERNEL_SLUG: star-ris-ppo-sixmethod-high-n-v1
Submit PPO high-n stage	UNKNOWN STEP	2026-07-28T15:14:15.8460929Z   REPO_COMMIT: 99318fefa53bef91fa5f105ec71ddae73fc96c39
Submit PPO high-n stage	UNKNOWN STEP	2026-07-28T15:14:15.8461316Z   pythonLocation: /opt/hostedtoolcache/Python/3.11.15/x64
Submit PPO high-n stage	UNKNOWN STEP	2026-07-28T15:14:15.8461733Z   PKG_CONFIG_PATH: /opt/hostedtoolcache/Python/3.11.15/x64/lib/pkgconfig
Submit PPO high-n stage	UNKNOWN STEP	2026-07-28T15:14:15.8462156Z   Python_ROOT_DIR: /opt/hostedtoolcache/Python/3.11.15/x64
Submit PPO high-n stage	UNKNOWN STEP	2026-07-28T15:14:15.8462537Z   Python2_ROOT_DIR: /opt/hostedtoolcache/Python/3.11.15/x64
Submit PPO high-n stage	UNKNOWN STEP	2026-07-28T15:14:15.8462913Z   Python3_ROOT_DIR: /opt/hostedtoolcache/Python/3.11.15/x64
Submit PPO high-n stage	UNKNOWN STEP	2026-07-28T15:14:15.8463294Z   LD_LIBRARY_PATH: /opt/hostedtoolcache/Python/3.11.15/x64/lib
Submit PPO high-n stage	UNKNOWN STEP	2026-07-28T15:14:15.8463625Z ##[endgroup]
Submit PPO high-n stage	UNKNOWN STEP	2026-07-28T15:14:15.8789391Z {
Submit PPO high-n stage	UNKNOWN STEP	2026-07-28T15:14:15.8789944Z   "id": "duythanhb1909984/star-ris-ppo-sixmethod-high-n-v1",
Submit PPO high-n stage	UNKNOWN STEP	2026-07-28T15:14:15.8790389Z   "title": "STAR-RIS PPO six-method benchmark [96, 128]",
Submit PPO high-n stage	UNKNOWN STEP	2026-07-28T15:14:15.8790784Z   "code_file": "runner.py",
Submit PPO high-n stage	UNKNOWN STEP	2026-07-28T15:14:15.8791035Z   "language": "python",
Submit PPO high-n stage	UNKNOWN STEP	2026-07-28T15:14:15.8791271Z   "kernel_type": "script",
Submit PPO high-n stage	UNKNOWN STEP	2026-07-28T15:14:15.8791502Z   "is_private": true,
Submit PPO high-n stage	UNKNOWN STEP	2026-07-28T15:14:15.8791745Z   "enable_gpu": true,
Submit PPO high-n stage	UNKNOWN STEP	2026-07-28T15:14:15.8791964Z   "enable_internet": true,
Submit PPO high-n stage	UNKNOWN STEP	2026-07-28T15:14:15.8792195Z   "enable_tpu": false,
Submit PPO high-n stage	UNKNOWN STEP	2026-07-28T15:14:15.8792416Z   "dataset_sources": [],
Submit PPO high-n stage	UNKNOWN STEP	2026-07-28T15:14:15.8792643Z   "kernel_sources": [],
Submit PPO high-n stage	UNKNOWN STEP	2026-07-28T15:14:15.8792872Z   "competition_sources": []
Submit PPO high-n stage	UNKNOWN STEP	2026-07-28T15:14:15.8793099Z }
Submit PPO high-n stage	UNKNOWN STEP	2026-07-28T15:14:15.8859210Z ##[group]Run set -euo pipefail
Submit PPO high-n stage	UNKNOWN STEP	2026-07-28T15:14:15.8859571Z ^[[36;1mset -euo pipefail^[[0m
Submit PPO high-n stage	UNKNOWN STEP	2026-07-28T15:14:15.8859992Z ^[[36;1mkaggle kernels push -p kaggle_submit --accelerator NvidiaTeslaT4 --timeout 43200^[[0m
Submit PPO high-n stage	UNKNOWN STEP	2026-07-28T15:14:15.8860539Z ^[[36;1mkaggle kernels status "${KAGGLE_USERNAME}/${KERNEL_SLUG}" || true^[[0m
Submit PPO high-n stage	UNKNOWN STEP	2026-07-28T15:14:15.8909870Z shell: /usr/bin/bash -e {0}
Submit PPO high-n stage	UNKNOWN STEP	2026-07-28T15:14:15.8910143Z env:
Submit PPO high-n stage	UNKNOWN STEP	2026-07-28T15:14:15.8910363Z   KAGGLE_USERNAME: duythanhb1909984
Submit PPO high-n stage	UNKNOWN STEP	2026-07-28T15:14:15.8911032Z   KAGGLE_KEY: ***
Submit PPO high-n stage	UNKNOWN STEP	2026-07-28T15:14:15.8911240Z   METHOD: ppo
Submit PPO high-n stage	UNKNOWN STEP	2026-07-28T15:14:15.8911446Z   N_VALUES: 96 128
Submit PPO high-n stage	UNKNOWN STEP	2026-07-28T15:14:15.8911701Z   KERNEL_SLUG: star-ris-ppo-sixmethod-high-n-v1
Submit PPO high-n stage	UNKNOWN STEP	2026-07-28T15:14:15.8912084Z   REPO_COMMIT: 99318fefa53bef91fa5f105ec71ddae73fc96c39
Submit PPO high-n stage	UNKNOWN STEP	2026-07-28T15:14:15.8912513Z   pythonLocation: /opt/hostedtoolcache/Python/3.11.15/x64
Submit PPO high-n stage	UNKNOWN STEP	2026-07-28T15:14:15.8912938Z   PKG_CONFIG_PATH: /opt/hostedtoolcache/Python/3.11.15/x64/lib/pkgconfig
Submit PPO high-n stage	UNKNOWN STEP	2026-07-28T15:14:15.8913410Z   Python_ROOT_DIR: /opt/hostedtoolcache/Python/3.11.15/x64
Submit PPO high-n stage	UNKNOWN STEP	2026-07-28T15:14:15.8913794Z   Python2_ROOT_DIR: /opt/hostedtoolcache/Python/3.11.15/x64
Submit PPO high-n stage	UNKNOWN STEP	2026-07-28T15:14:15.8914177Z   Python3_ROOT_DIR: /opt/hostedtoolcache/Python/3.11.15/x64
Submit PPO high-n stage	UNKNOWN STEP	2026-07-28T15:14:15.8914550Z   LD_LIBRARY_PATH: /opt/hostedtoolcache/Python/3.11.15/x64/lib
Submit PPO high-n stage	UNKNOWN STEP	2026-07-28T15:14:15.8914872Z ##[endgroup]
Submit PPO high-n stage	UNKNOWN STEP	2026-07-28T15:14:17.9672168Z Your kernel title does not resolve to the specified id. This may result in surprising behavior. We suggest making your title something that resolves to the specified id. See https://en.wikipedia.org/wiki/Clean_URL#Slug for more information on how slugs are determined.
Submit PPO high-n stage	UNKNOWN STEP	2026-07-28T15:14:17.9674445Z Kernel version 1 successfully pushed.  Please check progress at https://www.kaggle.com/code/duythanhb1909984/star-ris-ppo-six-method-benchmark-96-128
Submit PPO high-n stage	UNKNOWN STEP	2026-07-28T15:14:18.4181728Z Cannot access kernel 'duythanhb1909984/star-ris-ppo-sixmethod-high-n-v1' (Permission 'kernels.get' was denied). The most likely cause is a wrong kernel slug. The benchmark_task_slug returned by get_benchmark_leaderboard differs from the actual kernel slug — use the slug from the notebook URL (kaggle.com/code/owner/KERNEL-SLUG), not from the leaderboard. It can also occur if the notebook is private.
Submit PPO high-n stage	UNKNOWN STEP	2026-07-28T15:14:18.4753501Z Node 20 is being deprecated. This workflow is running with Node 24 by default. If you need to temporarily use Node 20, you can set the ACTIONS_ALLOW_USE_UNSECURE_NODE_VERSION=true environment variable. For more information see: https://github.blog/changelog/2025-09-19-deprecation-of-node-20-on-github-actions-runners/
Submit PPO high-n stage	UNKNOWN STEP	2026-07-28T15:14:18.4754683Z Post job cleanup.
Submit PPO high-n stage	UNKNOWN STEP	2026-07-28T15:14:18.5949590Z (node:2290) [DEP0040] DeprecationWarning: The `punycode` module is deprecated. Please use a userland alternative instead.
Submit PPO high-n stage	UNKNOWN STEP	2026-07-28T15:14:18.5950705Z (Use `node --trace-deprecation ...` to show where the warning was created)
Submit PPO high-n stage	UNKNOWN STEP	2026-07-28T15:14:18.6184837Z Node 20 is being deprecated. This workflow is running with Node 24 by default. If you need to temporarily use Node 20, you can set the ACTIONS_ALLOW_USE_UNSECURE_NODE_VERSION=true environment variable. For more information see: https://github.blog/changelog/2025-09-19-deprecation-of-node-20-on-github-actions-runners/
Submit PPO high-n stage	UNKNOWN STEP	2026-07-28T15:14:18.6186993Z Post job cleanup.
Submit PPO high-n stage	UNKNOWN STEP	2026-07-28T15:14:18.7098959Z [command]/usr/bin/git version
Submit PPO high-n stage	UNKNOWN STEP	2026-07-28T15:14:18.7142206Z git version 2.54.0
Submit PPO high-n stage	UNKNOWN STEP	2026-07-28T15:14:18.7181227Z Temporarily overriding HOME='/home/runner/work/_temp/59e4d4b5-189e-4997-8b8e-cedbde42c377' before making global git config changes
Submit PPO high-n stage	UNKNOWN STEP	2026-07-28T15:14:18.7182852Z Adding repository directory to the temporary git global config as a safe directory
Submit PPO high-n stage	UNKNOWN STEP	2026-07-28T15:14:18.7187621Z [command]/usr/bin/git config --global --add safe.directory /home/runner/work/STAR_RIS_RSMA_TD3/STAR_RIS_RSMA_TD3
Submit PPO high-n stage	UNKNOWN STEP	2026-07-28T15:14:18.7242578Z [command]/usr/bin/git config --local --name-only --get-regexp core\.sshCommand
Submit PPO high-n stage	UNKNOWN STEP	2026-07-28T15:14:18.7293841Z [command]/usr/bin/git submodule foreach --recursive sh -c "git config --local --name-only --get-regexp 'core\.sshCommand' && git config --local --unset-all 'core.sshCommand' || :"
Submit PPO high-n stage	UNKNOWN STEP	2026-07-28T15:14:18.7556218Z fatal: No url found for submodule path 'kaggle_runs/01_td3_low_n/output/STAR_RIS_RSMA_TD3' in .gitmodules
Submit PPO high-n stage	UNKNOWN STEP	2026-07-28T15:14:18.7613294Z ##[warning]The process '/usr/bin/git' failed with exit code 128
Submit PPO high-n stage	UNKNOWN STEP	2026-07-28T15:14:18.7789369Z Cleaning up orphan processes
Submit PPO high-n stage	UNKNOWN STEP	2026-07-28T15:14:18.8115294Z ##[warning]Node.js 20 is deprecated. The following actions target Node.js 20 but are being forced to run on Node.js 24: actions/checkout@v4, actions/setup-python@v5. For more information see: https://github.blog/changelog/2025-09-19-deprecation-of-node-20-on-github-actions-runners/
