Submit TD3 low-n stage	UNKNOWN STEP	﻿2026-07-28T15:15:12.2683272Z Current runner version: '2.336.0'
Submit TD3 low-n stage	UNKNOWN STEP	2026-07-28T15:15:12.2719071Z ##[group]Runner Image Provisioner
Submit TD3 low-n stage	UNKNOWN STEP	2026-07-28T15:15:12.2720733Z Hosted Compute Agent
Submit TD3 low-n stage	UNKNOWN STEP	2026-07-28T15:15:12.2722164Z Version: 20260707.563
Submit TD3 low-n stage	UNKNOWN STEP	2026-07-28T15:15:12.2723210Z Commit: 02667638d2b423fbc733a8e32a88b44996a3ba6e
Submit TD3 low-n stage	UNKNOWN STEP	2026-07-28T15:15:12.2724561Z Build Date: 2026-07-07T19:33:50Z
Submit TD3 low-n stage	UNKNOWN STEP	2026-07-28T15:15:12.2725705Z Worker ID: {ac0606ac-6439-45ae-b2d4-2bf49b02ff35}
Submit TD3 low-n stage	UNKNOWN STEP	2026-07-28T15:15:12.2726851Z Azure Region: eastus
Submit TD3 low-n stage	UNKNOWN STEP	2026-07-28T15:15:12.2727941Z ##[endgroup]
Submit TD3 low-n stage	UNKNOWN STEP	2026-07-28T15:15:12.2730226Z ##[group]Operating System
Submit TD3 low-n stage	UNKNOWN STEP	2026-07-28T15:15:12.2731402Z Ubuntu
Submit TD3 low-n stage	UNKNOWN STEP	2026-07-28T15:15:12.2732528Z 24.04.4
Submit TD3 low-n stage	UNKNOWN STEP	2026-07-28T15:15:12.2733320Z LTS
Submit TD3 low-n stage	UNKNOWN STEP	2026-07-28T15:15:12.2734308Z ##[endgroup]
Submit TD3 low-n stage	UNKNOWN STEP	2026-07-28T15:15:12.2735300Z ##[group]Runner Image
Submit TD3 low-n stage	UNKNOWN STEP	2026-07-28T15:15:12.2736904Z Image: ubuntu-24.04
Submit TD3 low-n stage	UNKNOWN STEP	2026-07-28T15:15:12.2737822Z Version: 20260720.247.2
Submit TD3 low-n stage	UNKNOWN STEP	2026-07-28T15:15:12.2740132Z Included Software: https://github.com/actions/runner-images/blob/ubuntu24/20260720.247/images/ubuntu/Ubuntu2404-Readme.md
Submit TD3 low-n stage	UNKNOWN STEP	2026-07-28T15:15:12.2743099Z Image Release: https://github.com/actions/runner-images/releases/tag/ubuntu24%2F20260720.247
Submit TD3 low-n stage	UNKNOWN STEP	2026-07-28T15:15:12.2744873Z ##[endgroup]
Submit TD3 low-n stage	UNKNOWN STEP	2026-07-28T15:15:12.2746727Z ##[group]GITHUB_TOKEN Permissions
Submit TD3 low-n stage	UNKNOWN STEP	2026-07-28T15:15:12.2749930Z Contents: read
Submit TD3 low-n stage	UNKNOWN STEP	2026-07-28T15:15:12.2750863Z Metadata: read
Submit TD3 low-n stage	UNKNOWN STEP	2026-07-28T15:15:12.2752105Z ##[endgroup]
Submit TD3 low-n stage	UNKNOWN STEP	2026-07-28T15:15:12.2755322Z Secret source: Actions
Submit TD3 low-n stage	UNKNOWN STEP	2026-07-28T15:15:12.2757557Z Prepare workflow directory
Submit TD3 low-n stage	UNKNOWN STEP	2026-07-28T15:15:12.3546963Z Prepare all required actions
Submit TD3 low-n stage	UNKNOWN STEP	2026-07-28T15:15:12.3621454Z Getting action download info
Submit TD3 low-n stage	UNKNOWN STEP	2026-07-28T15:15:12.5530258Z Download action repository 'actions/checkout@v4' (SHA:11d5960a326750d5838078e36cf38b85af677262)
Submit TD3 low-n stage	UNKNOWN STEP	2026-07-28T15:15:12.8374212Z Download action repository 'actions/setup-python@v5' (SHA:a26af69be951a213d495a4c3e4e4022e16d87065)
Submit TD3 low-n stage	UNKNOWN STEP	2026-07-28T15:15:13.0129992Z Complete job name: Submit TD3 low-n stage
Submit TD3 low-n stage	UNKNOWN STEP	2026-07-28T15:15:13.0962721Z Node 20 is being deprecated. This workflow is running with Node 24 by default. If you need to temporarily use Node 20, you can set the ACTIONS_ALLOW_USE_UNSECURE_NODE_VERSION=true environment variable. For more information see: https://github.blog/changelog/2025-09-19-deprecation-of-node-20-on-github-actions-runners/
Submit TD3 low-n stage	UNKNOWN STEP	2026-07-28T15:15:13.0972294Z ##[group]Run actions/checkout@v4
Submit TD3 low-n stage	UNKNOWN STEP	2026-07-28T15:15:13.0973126Z with:
Submit TD3 low-n stage	UNKNOWN STEP	2026-07-28T15:15:13.0973609Z   repository: Juliolayme/STAR_RIS_RSMA_TD3
Submit TD3 low-n stage	UNKNOWN STEP	2026-07-28T15:15:13.0977323Z   token: ***
Submit TD3 low-n stage	UNKNOWN STEP	2026-07-28T15:15:13.0977762Z   ssh-strict: true
Submit TD3 low-n stage	UNKNOWN STEP	2026-07-28T15:15:13.0978213Z   ssh-user: git
Submit TD3 low-n stage	UNKNOWN STEP	2026-07-28T15:15:13.0978666Z   persist-credentials: true
Submit TD3 low-n stage	UNKNOWN STEP	2026-07-28T15:15:13.0979152Z   clean: true
Submit TD3 low-n stage	UNKNOWN STEP	2026-07-28T15:15:13.0979595Z   sparse-checkout-cone-mode: true
Submit TD3 low-n stage	UNKNOWN STEP	2026-07-28T15:15:13.0980121Z   fetch-depth: 1
Submit TD3 low-n stage	UNKNOWN STEP	2026-07-28T15:15:13.0980553Z   fetch-tags: false
Submit TD3 low-n stage	UNKNOWN STEP	2026-07-28T15:15:13.0980995Z   show-progress: true
Submit TD3 low-n stage	UNKNOWN STEP	2026-07-28T15:15:13.0981468Z   lfs: false
Submit TD3 low-n stage	UNKNOWN STEP	2026-07-28T15:15:13.0982177Z   submodules: false
Submit TD3 low-n stage	UNKNOWN STEP	2026-07-28T15:15:13.0982648Z   set-safe-directory: true
Submit TD3 low-n stage	UNKNOWN STEP	2026-07-28T15:15:13.0983161Z   allow-unsafe-pr-checkout: false
Submit TD3 low-n stage	UNKNOWN STEP	2026-07-28T15:15:13.0983981Z env:
Submit TD3 low-n stage	UNKNOWN STEP	2026-07-28T15:15:13.0984422Z   KAGGLE_USERNAME: thanhnguyen1423
Submit TD3 low-n stage	UNKNOWN STEP	2026-07-28T15:15:13.0985060Z   KAGGLE_KEY: ***
Submit TD3 low-n stage	UNKNOWN STEP	2026-07-28T15:15:13.0985491Z   METHOD: td3
Submit TD3 low-n stage	UNKNOWN STEP	2026-07-28T15:15:13.0985906Z   N_VALUES: 16 32 64
Submit TD3 low-n stage	UNKNOWN STEP	2026-07-28T15:15:13.0986413Z   KERNEL_SLUG: star-ris-td3-sixmethod-low-n-v1
Submit TD3 low-n stage	UNKNOWN STEP	2026-07-28T15:15:13.0987106Z   REPO_COMMIT: 99318fefa53bef91fa5f105ec71ddae73fc96c39
Submit TD3 low-n stage	UNKNOWN STEP	2026-07-28T15:15:13.0987714Z ##[endgroup]
Submit TD3 low-n stage	UNKNOWN STEP	2026-07-28T15:15:13.2037009Z Syncing repository: Juliolayme/STAR_RIS_RSMA_TD3
Submit TD3 low-n stage	UNKNOWN STEP	2026-07-28T15:15:13.2039829Z ##[group]Getting Git version info
Submit TD3 low-n stage	UNKNOWN STEP	2026-07-28T15:15:13.2041209Z Working directory is '/home/runner/work/STAR_RIS_RSMA_TD3/STAR_RIS_RSMA_TD3'
Submit TD3 low-n stage	UNKNOWN STEP	2026-07-28T15:15:13.2042898Z [command]/usr/bin/git version
Submit TD3 low-n stage	UNKNOWN STEP	2026-07-28T15:15:13.2203780Z git version 2.54.0
Submit TD3 low-n stage	UNKNOWN STEP	2026-07-28T15:15:13.2242942Z ##[endgroup]
Submit TD3 low-n stage	UNKNOWN STEP	2026-07-28T15:15:13.2258036Z Temporarily overriding HOME='/home/runner/work/_temp/4d4c1a97-75b8-4b27-a489-6e18f011ccfe' before making global git config changes
Submit TD3 low-n stage	UNKNOWN STEP	2026-07-28T15:15:13.2261676Z Adding repository directory to the temporary git global config as a safe directory
Submit TD3 low-n stage	UNKNOWN STEP	2026-07-28T15:15:13.2264523Z [command]/usr/bin/git config --global --add safe.directory /home/runner/work/STAR_RIS_RSMA_TD3/STAR_RIS_RSMA_TD3
Submit TD3 low-n stage	UNKNOWN STEP	2026-07-28T15:15:13.2298096Z Deleting the contents of '/home/runner/work/STAR_RIS_RSMA_TD3/STAR_RIS_RSMA_TD3'
Submit TD3 low-n stage	UNKNOWN STEP	2026-07-28T15:15:13.2313366Z ##[group]Initializing the repository
Submit TD3 low-n stage	UNKNOWN STEP	2026-07-28T15:15:13.2328550Z [command]/usr/bin/git init /home/runner/work/STAR_RIS_RSMA_TD3/STAR_RIS_RSMA_TD3
Submit TD3 low-n stage	UNKNOWN STEP	2026-07-28T15:15:13.2460186Z hint: Using 'master' as the name for the initial branch. This default branch name
Submit TD3 low-n stage	UNKNOWN STEP	2026-07-28T15:15:13.2462150Z hint: will change to "main" in Git 3.0. To configure the initial branch name
Submit TD3 low-n stage	UNKNOWN STEP	2026-07-28T15:15:13.2463795Z hint: to use in all of your new repositories, which will suppress this warning,
Submit TD3 low-n stage	UNKNOWN STEP	2026-07-28T15:15:13.2468729Z hint: call:
Submit TD3 low-n stage	UNKNOWN STEP	2026-07-28T15:15:13.2469776Z hint:
Submit TD3 low-n stage	UNKNOWN STEP	2026-07-28T15:15:13.2471008Z hint: 	git config --global init.defaultBranch <name>
Submit TD3 low-n stage	UNKNOWN STEP	2026-07-28T15:15:13.2472793Z hint:
Submit TD3 low-n stage	UNKNOWN STEP	2026-07-28T15:15:13.2474114Z hint: Names commonly chosen instead of 'master' are 'main', 'trunk' and
Submit TD3 low-n stage	UNKNOWN STEP	2026-07-28T15:15:13.2475994Z hint: 'development'. The just-created branch can be renamed via this command:
Submit TD3 low-n stage	UNKNOWN STEP	2026-07-28T15:15:13.2477703Z hint:
Submit TD3 low-n stage	UNKNOWN STEP	2026-07-28T15:15:13.2478683Z hint: 	git branch -m <name>
Submit TD3 low-n stage	UNKNOWN STEP	2026-07-28T15:15:13.2479626Z hint:
Submit TD3 low-n stage	UNKNOWN STEP	2026-07-28T15:15:13.2480820Z hint: Disable this message with "git config set advice.defaultBranchName false"
Submit TD3 low-n stage	UNKNOWN STEP	2026-07-28T15:15:13.2483157Z Initialized empty Git repository in /home/runner/work/STAR_RIS_RSMA_TD3/STAR_RIS_RSMA_TD3/.git/
Submit TD3 low-n stage	UNKNOWN STEP	2026-07-28T15:15:13.2487272Z [command]/usr/bin/git remote add origin https://github.com/Juliolayme/STAR_RIS_RSMA_TD3
Submit TD3 low-n stage	UNKNOWN STEP	2026-07-28T15:15:13.2540938Z ##[endgroup]
Submit TD3 low-n stage	UNKNOWN STEP	2026-07-28T15:15:13.2542696Z ##[group]Disabling automatic garbage collection
Submit TD3 low-n stage	UNKNOWN STEP	2026-07-28T15:15:13.2545940Z [command]/usr/bin/git config --local gc.auto 0
Submit TD3 low-n stage	UNKNOWN STEP	2026-07-28T15:15:13.2587149Z ##[endgroup]
Submit TD3 low-n stage	UNKNOWN STEP	2026-07-28T15:15:13.2588790Z ##[group]Setting up auth
Submit TD3 low-n stage	UNKNOWN STEP	2026-07-28T15:15:13.2597379Z [command]/usr/bin/git config --local --name-only --get-regexp core\.sshCommand
Submit TD3 low-n stage	UNKNOWN STEP	2026-07-28T15:15:13.2642130Z [command]/usr/bin/git submodule foreach --recursive sh -c "git config --local --name-only --get-regexp 'core\.sshCommand' && git config --local --unset-all 'core.sshCommand' || :"
Submit TD3 low-n stage	UNKNOWN STEP	2026-07-28T15:15:13.3079599Z [command]/usr/bin/git config --local --name-only --get-regexp http\.https\:\/\/github\.com\/\.extraheader
Submit TD3 low-n stage	UNKNOWN STEP	2026-07-28T15:15:13.3122748Z [command]/usr/bin/git submodule foreach --recursive sh -c "git config --local --name-only --get-regexp 'http\.https\:\/\/github\.com\/\.extraheader' && git config --local --unset-all 'http.https://github.com/.extraheader' || :"
Submit TD3 low-n stage	UNKNOWN STEP	2026-07-28T15:15:13.3380079Z [command]/usr/bin/git config --local --name-only --get-regexp ^includeIf\.gitdir:
Submit TD3 low-n stage	UNKNOWN STEP	2026-07-28T15:15:13.3423303Z [command]/usr/bin/git submodule foreach --recursive git config --local --show-origin --name-only --get-regexp remote.origin.url
Submit TD3 low-n stage	UNKNOWN STEP	2026-07-28T15:15:13.3682378Z [command]/usr/bin/git config --local http.https://github.com/.extraheader AUTHORIZATION: basic ***
Submit TD3 low-n stage	UNKNOWN STEP	2026-07-28T15:15:13.3725786Z ##[endgroup]
Submit TD3 low-n stage	UNKNOWN STEP	2026-07-28T15:15:13.3726613Z ##[group]Fetching the repository
Submit TD3 low-n stage	UNKNOWN STEP	2026-07-28T15:15:13.3740167Z [command]/usr/bin/git -c protocol.version=2 fetch --no-tags --prune --no-recurse-submodules --depth=1 origin +99318fefa53bef91fa5f105ec71ddae73fc96c39:refs/remotes/origin/experiments/drl-six-method-v1
Submit TD3 low-n stage	UNKNOWN STEP	2026-07-28T15:15:16.4343591Z From https://github.com/Juliolayme/STAR_RIS_RSMA_TD3
Submit TD3 low-n stage	UNKNOWN STEP	2026-07-28T15:15:16.4347352Z  * [new ref]         99318fefa53bef91fa5f105ec71ddae73fc96c39 -> origin/experiments/drl-six-method-v1
Submit TD3 low-n stage	UNKNOWN STEP	2026-07-28T15:15:16.4404614Z ##[endgroup]
Submit TD3 low-n stage	UNKNOWN STEP	2026-07-28T15:15:16.4406515Z ##[group]Determining the checkout info
Submit TD3 low-n stage	UNKNOWN STEP	2026-07-28T15:15:16.4410288Z ##[endgroup]
Submit TD3 low-n stage	UNKNOWN STEP	2026-07-28T15:15:16.4414122Z [command]/usr/bin/git sparse-checkout disable
Submit TD3 low-n stage	UNKNOWN STEP	2026-07-28T15:15:16.5227860Z [command]/usr/bin/git config --local --unset-all extensions.worktreeConfig
Submit TD3 low-n stage	UNKNOWN STEP	2026-07-28T15:15:16.5271634Z ##[group]Checking out the ref
Submit TD3 low-n stage	UNKNOWN STEP	2026-07-28T15:15:16.5278568Z [command]/usr/bin/git checkout --progress --force -B experiments/drl-six-method-v1 refs/remotes/origin/experiments/drl-six-method-v1
Submit TD3 low-n stage	UNKNOWN STEP	2026-07-28T15:15:17.3219029Z Switched to a new branch 'experiments/drl-six-method-v1'
Submit TD3 low-n stage	UNKNOWN STEP	2026-07-28T15:15:17.3233985Z branch 'experiments/drl-six-method-v1' set up to track 'origin/experiments/drl-six-method-v1'.
Submit TD3 low-n stage	UNKNOWN STEP	2026-07-28T15:15:17.3265412Z ##[endgroup]
Submit TD3 low-n stage	UNKNOWN STEP	2026-07-28T15:15:17.3317086Z [command]/usr/bin/git log -1 --format=%H
Submit TD3 low-n stage	UNKNOWN STEP	2026-07-28T15:15:17.3344600Z 99318fefa53bef91fa5f105ec71ddae73fc96c39
Submit TD3 low-n stage	UNKNOWN STEP	2026-07-28T15:15:17.3625026Z Node 20 is being deprecated. This workflow is running with Node 24 by default. If you need to temporarily use Node 20, you can set the ACTIONS_ALLOW_USE_UNSECURE_NODE_VERSION=true environment variable. For more information see: https://github.blog/changelog/2025-09-19-deprecation-of-node-20-on-github-actions-runners/
Submit TD3 low-n stage	UNKNOWN STEP	2026-07-28T15:15:17.3627119Z ##[group]Run actions/setup-python@v5
Submit TD3 low-n stage	UNKNOWN STEP	2026-07-28T15:15:17.3627482Z with:
Submit TD3 low-n stage	UNKNOWN STEP	2026-07-28T15:15:17.3627766Z   python-version: 3.11
Submit TD3 low-n stage	UNKNOWN STEP	2026-07-28T15:15:17.3628111Z   check-latest: false
Submit TD3 low-n stage	UNKNOWN STEP	2026-07-28T15:15:17.3630917Z   token: ***
Submit TD3 low-n stage	UNKNOWN STEP	2026-07-28T15:15:17.3631224Z   update-environment: true
Submit TD3 low-n stage	UNKNOWN STEP	2026-07-28T15:15:17.3631579Z   allow-prereleases: false
Submit TD3 low-n stage	UNKNOWN STEP	2026-07-28T15:15:17.3632312Z   freethreaded: false
Submit TD3 low-n stage	UNKNOWN STEP	2026-07-28T15:15:17.3632628Z env:
Submit TD3 low-n stage	UNKNOWN STEP	2026-07-28T15:15:17.3632915Z   KAGGLE_USERNAME: thanhnguyen1423
Submit TD3 low-n stage	UNKNOWN STEP	2026-07-28T15:15:17.3633363Z   KAGGLE_KEY: ***
Submit TD3 low-n stage	UNKNOWN STEP	2026-07-28T15:15:17.3633656Z   METHOD: td3
Submit TD3 low-n stage	UNKNOWN STEP	2026-07-28T15:15:17.3633928Z   N_VALUES: 16 32 64
Submit TD3 low-n stage	UNKNOWN STEP	2026-07-28T15:15:17.3634318Z   KERNEL_SLUG: star-ris-td3-sixmethod-low-n-v1
Submit TD3 low-n stage	UNKNOWN STEP	2026-07-28T15:15:17.3634804Z   REPO_COMMIT: 99318fefa53bef91fa5f105ec71ddae73fc96c39
Submit TD3 low-n stage	UNKNOWN STEP	2026-07-28T15:15:17.3635233Z ##[endgroup]
Submit TD3 low-n stage	UNKNOWN STEP	2026-07-28T15:15:17.4998484Z ##[group]Installed versions
Submit TD3 low-n stage	UNKNOWN STEP	2026-07-28T15:15:17.5126619Z (node:2241) [DEP0040] DeprecationWarning: The `punycode` module is deprecated. Please use a userland alternative instead.
Submit TD3 low-n stage	UNKNOWN STEP	2026-07-28T15:15:17.5128422Z (Use `node --trace-deprecation ...` to show where the warning was created)
Submit TD3 low-n stage	UNKNOWN STEP	2026-07-28T15:15:17.5129480Z Successfully set up CPython (3.11.15)
Submit TD3 low-n stage	UNKNOWN STEP	2026-07-28T15:15:17.5130583Z ##[endgroup]
Submit TD3 low-n stage	UNKNOWN STEP	2026-07-28T15:15:17.5392169Z ##[group]Run python -m pip install "kaggle>=1.8.4,<3"
Submit TD3 low-n stage	UNKNOWN STEP	2026-07-28T15:15:17.5393169Z ^[[36;1mpython -m pip install "kaggle>=1.8.4,<3"^[[0m
Submit TD3 low-n stage	UNKNOWN STEP	2026-07-28T15:15:17.5522413Z shell: /usr/bin/bash -e {0}
Submit TD3 low-n stage	UNKNOWN STEP	2026-07-28T15:15:17.5522876Z env:
Submit TD3 low-n stage	UNKNOWN STEP	2026-07-28T15:15:17.5523202Z   KAGGLE_USERNAME: thanhnguyen1423
Submit TD3 low-n stage	UNKNOWN STEP	2026-07-28T15:15:17.5523832Z   KAGGLE_KEY: ***
Submit TD3 low-n stage	UNKNOWN STEP	2026-07-28T15:15:17.5524137Z   METHOD: td3
Submit TD3 low-n stage	UNKNOWN STEP	2026-07-28T15:15:17.5524428Z   N_VALUES: 16 32 64
Submit TD3 low-n stage	UNKNOWN STEP	2026-07-28T15:15:17.5524791Z   KERNEL_SLUG: star-ris-td3-sixmethod-low-n-v1
Submit TD3 low-n stage	UNKNOWN STEP	2026-07-28T15:15:17.5525266Z   REPO_COMMIT: 99318fefa53bef91fa5f105ec71ddae73fc96c39
Submit TD3 low-n stage	UNKNOWN STEP	2026-07-28T15:15:17.5525775Z   pythonLocation: /opt/hostedtoolcache/Python/3.11.15/x64
Submit TD3 low-n stage	UNKNOWN STEP	2026-07-28T15:15:17.5526391Z   PKG_CONFIG_PATH: /opt/hostedtoolcache/Python/3.11.15/x64/lib/pkgconfig
Submit TD3 low-n stage	UNKNOWN STEP	2026-07-28T15:15:17.5527033Z   Python_ROOT_DIR: /opt/hostedtoolcache/Python/3.11.15/x64
Submit TD3 low-n stage	UNKNOWN STEP	2026-07-28T15:15:17.5527644Z   Python2_ROOT_DIR: /opt/hostedtoolcache/Python/3.11.15/x64
Submit TD3 low-n stage	UNKNOWN STEP	2026-07-28T15:15:17.5528264Z   Python3_ROOT_DIR: /opt/hostedtoolcache/Python/3.11.15/x64
Submit TD3 low-n stage	UNKNOWN STEP	2026-07-28T15:15:17.5528836Z   LD_LIBRARY_PATH: /opt/hostedtoolcache/Python/3.11.15/x64/lib
Submit TD3 low-n stage	UNKNOWN STEP	2026-07-28T15:15:17.5529333Z ##[endgroup]
Submit TD3 low-n stage	UNKNOWN STEP	2026-07-28T15:15:20.1629523Z Collecting kaggle<3,>=1.8.4
Submit TD3 low-n stage	UNKNOWN STEP	2026-07-28T15:15:20.2180723Z   Downloading kaggle-2.2.4-py3-none-any.whl.metadata (17 kB)
Submit TD3 low-n stage	UNKNOWN STEP	2026-07-28T15:15:20.2416560Z Collecting bleach (from kaggle<3,>=1.8.4)
Submit TD3 low-n stage	UNKNOWN STEP	2026-07-28T15:15:20.2458309Z   Downloading bleach-6.4.0-py3-none-any.whl.metadata (32 kB)
Submit TD3 low-n stage	UNKNOWN STEP	2026-07-28T15:15:20.2736514Z Collecting jupytext (from kaggle<3,>=1.8.4)
Submit TD3 low-n stage	UNKNOWN STEP	2026-07-28T15:15:20.2779025Z   Downloading jupytext-1.19.5-py3-none-any.whl.metadata (15 kB)
Submit TD3 low-n stage	UNKNOWN STEP	2026-07-28T15:15:20.3028685Z Collecting kagglesdk<1.0,>=0.1.35 (from kaggle<3,>=1.8.4)
Submit TD3 low-n stage	UNKNOWN STEP	2026-07-28T15:15:20.3088622Z   Downloading kagglesdk-0.1.35-py3-none-any.whl.metadata (13 kB)
Submit TD3 low-n stage	UNKNOWN STEP	2026-07-28T15:15:20.3287678Z Collecting packaging (from kaggle<3,>=1.8.4)
Submit TD3 low-n stage	UNKNOWN STEP	2026-07-28T15:15:20.3330800Z   Downloading packaging-26.2-py3-none-any.whl.metadata (3.5 kB)
Submit TD3 low-n stage	UNKNOWN STEP	2026-07-28T15:15:20.4878999Z Collecting protobuf (from kaggle<3,>=1.8.4)
Submit TD3 low-n stage	UNKNOWN STEP	2026-07-28T15:15:20.4978686Z   Downloading protobuf-7.35.1-cp310-abi3-manylinux2014_x86_64.whl.metadata (595 bytes)
Submit TD3 low-n stage	UNKNOWN STEP	2026-07-28T15:15:20.5125606Z Collecting python-dateutil (from kaggle<3,>=1.8.4)
Submit TD3 low-n stage	UNKNOWN STEP	2026-07-28T15:15:20.5172512Z   Downloading python_dateutil-2.9.0.post0-py2.py3-none-any.whl.metadata (8.4 kB)
Submit TD3 low-n stage	UNKNOWN STEP	2026-07-28T15:15:20.5360180Z Collecting python-dotenv (from kaggle<3,>=1.8.4)
Submit TD3 low-n stage	UNKNOWN STEP	2026-07-28T15:15:20.5412629Z   Downloading python_dotenv-1.2.2-py3-none-any.whl.metadata (27 kB)
Submit TD3 low-n stage	UNKNOWN STEP	2026-07-28T15:15:20.5572587Z Collecting python-slugify (from kaggle<3,>=1.8.4)
Submit TD3 low-n stage	UNKNOWN STEP	2026-07-28T15:15:20.5627142Z   Downloading python_slugify-8.0.4-py2.py3-none-any.whl.metadata (8.5 kB)
Submit TD3 low-n stage	UNKNOWN STEP	2026-07-28T15:15:20.5860840Z Collecting requests (from kaggle<3,>=1.8.4)
Submit TD3 low-n stage	UNKNOWN STEP	2026-07-28T15:15:20.5905612Z   Downloading requests-2.34.2-py3-none-any.whl.metadata (4.8 kB)
Submit TD3 low-n stage	UNKNOWN STEP	2026-07-28T15:15:20.6219782Z Collecting tqdm (from kaggle<3,>=1.8.4)
Submit TD3 low-n stage	UNKNOWN STEP	2026-07-28T15:15:20.6310964Z   Downloading tqdm-4.70.0-py3-none-any.whl.metadata (57 kB)
Submit TD3 low-n stage	UNKNOWN STEP	2026-07-28T15:15:20.6561564Z Collecting urllib3>=1.15.1 (from kaggle<3,>=1.8.4)
Submit TD3 low-n stage	UNKNOWN STEP	2026-07-28T15:15:20.6610261Z   Downloading urllib3-2.7.0-py3-none-any.whl.metadata (6.9 kB)
Submit TD3 low-n stage	UNKNOWN STEP	2026-07-28T15:15:20.6736174Z Collecting webencodings (from bleach->kaggle<3,>=1.8.4)
Submit TD3 low-n stage	UNKNOWN STEP	2026-07-28T15:15:20.6804516Z   Downloading webencodings-0.5.1-py2.py3-none-any.whl.metadata (2.1 kB)
Submit TD3 low-n stage	UNKNOWN STEP	2026-07-28T15:15:20.6970649Z Collecting markdown-it-py>=1.0 (from jupytext->kaggle<3,>=1.8.4)
Submit TD3 low-n stage	UNKNOWN STEP	2026-07-28T15:15:20.7015521Z   Downloading markdown_it_py-4.2.0-py3-none-any.whl.metadata (7.4 kB)
Submit TD3 low-n stage	UNKNOWN STEP	2026-07-28T15:15:20.7172131Z Collecting mdit-py-plugins (from jupytext->kaggle<3,>=1.8.4)
Submit TD3 low-n stage	UNKNOWN STEP	2026-07-28T15:15:20.7222504Z   Downloading mdit_py_plugins-0.6.1-py3-none-any.whl.metadata (2.9 kB)
Submit TD3 low-n stage	UNKNOWN STEP	2026-07-28T15:15:20.7451564Z Collecting nbformat (from jupytext->kaggle<3,>=1.8.4)
Submit TD3 low-n stage	UNKNOWN STEP	2026-07-28T15:15:20.7506812Z   Downloading nbformat-5.10.4-py3-none-any.whl.metadata (3.6 kB)
Submit TD3 low-n stage	UNKNOWN STEP	2026-07-28T15:15:20.7893846Z Collecting pyyaml (from jupytext->kaggle<3,>=1.8.4)
Submit TD3 low-n stage	UNKNOWN STEP	2026-07-28T15:15:20.7953753Z   Downloading pyyaml-6.0.3-cp311-cp311-manylinux2014_x86_64.manylinux_2_17_x86_64.manylinux_2_28_x86_64.whl.metadata (2.4 kB)
Submit TD3 low-n stage	UNKNOWN STEP	2026-07-28T15:15:20.8110737Z Collecting mdurl~=0.1 (from markdown-it-py>=1.0->jupytext->kaggle<3,>=1.8.4)
Submit TD3 low-n stage	UNKNOWN STEP	2026-07-28T15:15:20.8202789Z   Downloading mdurl-0.1.2-py3-none-any.whl.metadata (1.6 kB)
Submit TD3 low-n stage	UNKNOWN STEP	2026-07-28T15:15:20.8361470Z Collecting fastjsonschema>=2.15 (from nbformat->jupytext->kaggle<3,>=1.8.4)
Submit TD3 low-n stage	UNKNOWN STEP	2026-07-28T15:15:20.8402837Z   Downloading fastjsonschema-2.22.1-py3-none-any.whl.metadata (2.1 kB)
Submit TD3 low-n stage	UNKNOWN STEP	2026-07-28T15:15:20.8614646Z Collecting jsonschema>=2.6 (from nbformat->jupytext->kaggle<3,>=1.8.4)
Submit TD3 low-n stage	UNKNOWN STEP	2026-07-28T15:15:20.8666008Z   Downloading jsonschema-4.26.0-py3-none-any.whl.metadata (7.6 kB)
Submit TD3 low-n stage	UNKNOWN STEP	2026-07-28T15:15:20.8851377Z Collecting jupyter-core!=5.0.*,>=4.12 (from nbformat->jupytext->kaggle<3,>=1.8.4)
Submit TD3 low-n stage	UNKNOWN STEP	2026-07-28T15:15:20.9205486Z   Downloading jupyter_core-5.9.1-py3-none-any.whl.metadata (1.5 kB)
Submit TD3 low-n stage	UNKNOWN STEP	2026-07-28T15:15:20.9369803Z Collecting traitlets>=5.1 (from nbformat->jupytext->kaggle<3,>=1.8.4)
Submit TD3 low-n stage	UNKNOWN STEP	2026-07-28T15:15:20.9418248Z   Downloading traitlets-5.15.1-py3-none-any.whl.metadata (10 kB)
Submit TD3 low-n stage	UNKNOWN STEP	2026-07-28T15:15:20.9569647Z Collecting attrs>=22.2.0 (from jsonschema>=2.6->nbformat->jupytext->kaggle<3,>=1.8.4)
Submit TD3 low-n stage	UNKNOWN STEP	2026-07-28T15:15:20.9626618Z   Downloading attrs-26.1.0-py3-none-any.whl.metadata (8.8 kB)
Submit TD3 low-n stage	UNKNOWN STEP	2026-07-28T15:15:20.9763946Z Collecting jsonschema-specifications>=2023.03.6 (from jsonschema>=2.6->nbformat->jupytext->kaggle<3,>=1.8.4)
Submit TD3 low-n stage	UNKNOWN STEP	2026-07-28T15:15:20.9841470Z   Downloading jsonschema_specifications-2025.9.1-py3-none-any.whl.metadata (2.9 kB)
Submit TD3 low-n stage	UNKNOWN STEP	2026-07-28T15:15:21.0030639Z Collecting referencing>=0.28.4 (from jsonschema>=2.6->nbformat->jupytext->kaggle<3,>=1.8.4)
Submit TD3 low-n stage	UNKNOWN STEP	2026-07-28T15:15:21.0387649Z   Downloading referencing-0.37.0-py3-none-any.whl.metadata (2.8 kB)
Submit TD3 low-n stage	UNKNOWN STEP	2026-07-28T15:15:21.2849127Z Collecting rpds-py>=0.25.0 (from jsonschema>=2.6->nbformat->jupytext->kaggle<3,>=1.8.4)
Submit TD3 low-n stage	UNKNOWN STEP	2026-07-28T15:15:21.2904156Z   Downloading rpds_py-2026.6.3-cp311-cp311-manylinux_2_17_x86_64.manylinux2014_x86_64.whl.metadata (4.1 kB)
Submit TD3 low-n stage	UNKNOWN STEP	2026-07-28T15:15:21.3112619Z Collecting platformdirs>=2.5 (from jupyter-core!=5.0.*,>=4.12->nbformat->jupytext->kaggle<3,>=1.8.4)
Submit TD3 low-n stage	UNKNOWN STEP	2026-07-28T15:15:21.3174891Z   Downloading platformdirs-4.11.0-py3-none-any.whl.metadata (5.5 kB)
Submit TD3 low-n stage	UNKNOWN STEP	2026-07-28T15:15:21.3373317Z Collecting typing-extensions>=4.4.0 (from referencing>=0.28.4->jsonschema>=2.6->nbformat->jupytext->kaggle<3,>=1.8.4)
Submit TD3 low-n stage	UNKNOWN STEP	2026-07-28T15:15:21.3414490Z   Downloading typing_extensions-4.16.0-py3-none-any.whl.metadata (3.3 kB)
Submit TD3 low-n stage	UNKNOWN STEP	2026-07-28T15:15:21.3564145Z Collecting six>=1.5 (from python-dateutil->kaggle<3,>=1.8.4)
Submit TD3 low-n stage	UNKNOWN STEP	2026-07-28T15:15:21.3619568Z   Downloading six-1.17.0-py2.py3-none-any.whl.metadata (1.7 kB)
Submit TD3 low-n stage	UNKNOWN STEP	2026-07-28T15:15:21.3791290Z Collecting text-unidecode>=1.3 (from python-slugify->kaggle<3,>=1.8.4)
Submit TD3 low-n stage	UNKNOWN STEP	2026-07-28T15:15:21.3830487Z   Downloading text_unidecode-1.3-py2.py3-none-any.whl.metadata (2.4 kB)
Submit TD3 low-n stage	UNKNOWN STEP	2026-07-28T15:15:21.4776979Z Collecting charset_normalizer<4,>=2 (from requests->kaggle<3,>=1.8.4)
Submit TD3 low-n stage	UNKNOWN STEP	2026-07-28T15:15:21.4828644Z   Downloading charset_normalizer-3.4.9-cp311-cp311-manylinux2014_x86_64.manylinux_2_17_x86_64.manylinux_2_28_x86_64.whl.metadata (41 kB)
Submit TD3 low-n stage	UNKNOWN STEP	2026-07-28T15:15:21.4992907Z Collecting idna<4,>=2.5 (from requests->kaggle<3,>=1.8.4)
Submit TD3 low-n stage	UNKNOWN STEP	2026-07-28T15:15:21.5064884Z   Downloading idna-3.18-py3-none-any.whl.metadata (6.1 kB)
Submit TD3 low-n stage	UNKNOWN STEP	2026-07-28T15:15:21.5256703Z Collecting certifi>=2023.5.7 (from requests->kaggle<3,>=1.8.4)
Submit TD3 low-n stage	UNKNOWN STEP	2026-07-28T15:15:21.5296333Z   Downloading certifi-2026.7.22-py3-none-any.whl.metadata (2.5 kB)
Submit TD3 low-n stage	UNKNOWN STEP	2026-07-28T15:15:21.5406250Z Downloading kaggle-2.2.4-py3-none-any.whl (126 kB)
Submit TD3 low-n stage	UNKNOWN STEP	2026-07-28T15:15:21.5495915Z Downloading kagglesdk-0.1.35-py3-none-any.whl (248 kB)
Submit TD3 low-n stage	UNKNOWN STEP	2026-07-28T15:15:21.5595448Z Downloading urllib3-2.7.0-py3-none-any.whl (131 kB)
Submit TD3 low-n stage	UNKNOWN STEP	2026-07-28T15:15:21.5669472Z Downloading bleach-6.4.0-py3-none-any.whl (165 kB)
Submit TD3 low-n stage	UNKNOWN STEP	2026-07-28T15:15:21.5756953Z Downloading jupytext-1.19.5-py3-none-any.whl (229 kB)
Submit TD3 low-n stage	UNKNOWN STEP	2026-07-28T15:15:21.5865838Z Downloading markdown_it_py-4.2.0-py3-none-any.whl (91 kB)
Submit TD3 low-n stage	UNKNOWN STEP	2026-07-28T15:15:21.5933083Z Downloading mdurl-0.1.2-py3-none-any.whl (10.0 kB)
Submit TD3 low-n stage	UNKNOWN STEP	2026-07-28T15:15:21.6012496Z Downloading mdit_py_plugins-0.6.1-py3-none-any.whl (66 kB)
Submit TD3 low-n stage	UNKNOWN STEP	2026-07-28T15:15:21.6076479Z Downloading nbformat-5.10.4-py3-none-any.whl (78 kB)
Submit TD3 low-n stage	UNKNOWN STEP	2026-07-28T15:15:21.6139004Z Downloading fastjsonschema-2.22.1-py3-none-any.whl (26 kB)
Submit TD3 low-n stage	UNKNOWN STEP	2026-07-28T15:15:21.6198219Z Downloading jsonschema-4.26.0-py3-none-any.whl (90 kB)
Submit TD3 low-n stage	UNKNOWN STEP	2026-07-28T15:15:21.6264121Z Downloading attrs-26.1.0-py3-none-any.whl (67 kB)
Submit TD3 low-n stage	UNKNOWN STEP	2026-07-28T15:15:21.6333141Z Downloading jsonschema_specifications-2025.9.1-py3-none-any.whl (18 kB)
Submit TD3 low-n stage	UNKNOWN STEP	2026-07-28T15:15:21.6393753Z Downloading jupyter_core-5.9.1-py3-none-any.whl (29 kB)
Submit TD3 low-n stage	UNKNOWN STEP	2026-07-28T15:15:21.6458825Z Downloading platformdirs-4.11.0-py3-none-any.whl (23 kB)
Submit TD3 low-n stage	UNKNOWN STEP	2026-07-28T15:15:21.6526654Z Downloading referencing-0.37.0-py3-none-any.whl (26 kB)
Submit TD3 low-n stage	UNKNOWN STEP	2026-07-28T15:15:21.6592958Z Downloading rpds_py-2026.6.3-cp311-cp311-manylinux_2_17_x86_64.manylinux2014_x86_64.whl (371 kB)
Submit TD3 low-n stage	UNKNOWN STEP	2026-07-28T15:15:21.6674547Z Downloading traitlets-5.15.1-py3-none-any.whl (85 kB)
Submit TD3 low-n stage	UNKNOWN STEP	2026-07-28T15:15:21.6742827Z Downloading typing_extensions-4.16.0-py3-none-any.whl (45 kB)
Submit TD3 low-n stage	UNKNOWN STEP	2026-07-28T15:15:21.6806556Z Downloading packaging-26.2-py3-none-any.whl (100 kB)
Submit TD3 low-n stage	UNKNOWN STEP	2026-07-28T15:15:21.6873407Z Downloading protobuf-7.35.1-cp310-abi3-manylinux2014_x86_64.whl (327 kB)
Submit TD3 low-n stage	UNKNOWN STEP	2026-07-28T15:15:21.6948352Z Downloading python_dateutil-2.9.0.post0-py2.py3-none-any.whl (229 kB)
Submit TD3 low-n stage	UNKNOWN STEP	2026-07-28T15:15:21.7020378Z Downloading six-1.17.0-py2.py3-none-any.whl (11 kB)
Submit TD3 low-n stage	UNKNOWN STEP	2026-07-28T15:15:21.7083317Z Downloading python_dotenv-1.2.2-py3-none-any.whl (22 kB)
Submit TD3 low-n stage	UNKNOWN STEP	2026-07-28T15:15:21.7143007Z Downloading python_slugify-8.0.4-py2.py3-none-any.whl (10 kB)
Submit TD3 low-n stage	UNKNOWN STEP	2026-07-28T15:15:21.7208285Z Downloading text_unidecode-1.3-py2.py3-none-any.whl (78 kB)
Submit TD3 low-n stage	UNKNOWN STEP	2026-07-28T15:15:21.7271344Z Downloading pyyaml-6.0.3-cp311-cp311-manylinux2014_x86_64.manylinux_2_17_x86_64.manylinux_2_28_x86_64.whl (806 kB)
Submit TD3 low-n stage	UNKNOWN STEP	2026-07-28T15:15:21.7348086Z    ━━━━━━━━━━━━━━━━━━━━━━━━━━━━━━━━━━━━━━━━ 806.6/806.6 kB 113.5 MB/s  0:00:00
Submit TD3 low-n stage	UNKNOWN STEP	2026-07-28T15:15:21.7397319Z Downloading requests-2.34.2-py3-none-any.whl (73 kB)
Submit TD3 low-n stage	UNKNOWN STEP	2026-07-28T15:15:21.7485564Z Downloading charset_normalizer-3.4.9-cp311-cp311-manylinux2014_x86_64.manylinux_2_17_x86_64.manylinux_2_28_x86_64.whl (221 kB)
Submit TD3 low-n stage	UNKNOWN STEP	2026-07-28T15:15:21.7560533Z Downloading idna-3.18-py3-none-any.whl (65 kB)
Submit TD3 low-n stage	UNKNOWN STEP	2026-07-28T15:15:21.7626703Z Downloading certifi-2026.7.22-py3-none-any.whl (136 kB)
Submit TD3 low-n stage	UNKNOWN STEP	2026-07-28T15:15:21.7699792Z Downloading tqdm-4.70.0-py3-none-any.whl (80 kB)
Submit TD3 low-n stage	UNKNOWN STEP	2026-07-28T15:15:21.7764489Z Downloading webencodings-0.5.1-py2.py3-none-any.whl (11 kB)
Submit TD3 low-n stage	UNKNOWN STEP	2026-07-28T15:15:21.9052311Z Installing collected packages: webencodings, text-unidecode, urllib3, typing-extensions, traitlets, tqdm, six, rpds-py, pyyaml, python-slugify, python-dotenv, protobuf, platformdirs, packaging, mdurl, idna, fastjsonschema, charset_normalizer, certifi, bleach, attrs, requests, referencing, python-dateutil, markdown-it-py, jupyter-core, mdit-py-plugins, kagglesdk, jsonschema-specifications, jsonschema, nbformat, jupytext, kaggle
Submit TD3 low-n stage	UNKNOWN STEP	2026-07-28T15:15:23.4601277Z 
Submit TD3 low-n stage	UNKNOWN STEP	2026-07-28T15:15:23.4624070Z Successfully installed attrs-26.1.0 bleach-6.4.0 certifi-2026.7.22 charset_normalizer-3.4.9 fastjsonschema-2.22.1 idna-3.18 jsonschema-4.26.0 jsonschema-specifications-2025.9.1 jupyter-core-5.9.1 jupytext-1.19.5 kaggle-2.2.4 kagglesdk-0.1.35 markdown-it-py-4.2.0 mdit-py-plugins-0.6.1 mdurl-0.1.2 nbformat-5.10.4 packaging-26.2 platformdirs-4.11.0 protobuf-7.35.1 python-dateutil-2.9.0.post0 python-dotenv-1.2.2 python-slugify-8.0.4 pyyaml-6.0.3 referencing-0.37.0 requests-2.34.2 rpds-py-2026.6.3 six-1.17.0 text-unidecode-1.3 tqdm-4.70.0 traitlets-5.15.1 typing-extensions-4.16.0 urllib3-2.7.0 webencodings-0.5.1
Submit TD3 low-n stage	UNKNOWN STEP	2026-07-28T15:15:23.5597374Z ##[group]Run set -euo pipefail
Submit TD3 low-n stage	UNKNOWN STEP	2026-07-28T15:15:23.5597802Z ^[[36;1mset -euo pipefail^[[0m
Submit TD3 low-n stage	UNKNOWN STEP	2026-07-28T15:15:23.5598061Z ^[[36;1mrm -rf kaggle_submit^[[0m
Submit TD3 low-n stage	UNKNOWN STEP	2026-07-28T15:15:23.5598316Z ^[[36;1mmkdir -p kaggle_submit^[[0m
Submit TD3 low-n stage	UNKNOWN STEP	2026-07-28T15:15:23.5598578Z ^[[36;1mpython - <<'PY'^[[0m
Submit TD3 low-n stage	UNKNOWN STEP	2026-07-28T15:15:23.5598824Z ^[[36;1mimport json^[[0m
Submit TD3 low-n stage	UNKNOWN STEP	2026-07-28T15:15:23.5599038Z ^[[36;1mimport os^[[0m
Submit TD3 low-n stage	UNKNOWN STEP	2026-07-28T15:15:23.5599264Z ^[[36;1mfrom pathlib import Path^[[0m
Submit TD3 low-n stage	UNKNOWN STEP	2026-07-28T15:15:23.5599506Z ^[[36;1m^[[0m
Submit TD3 low-n stage	UNKNOWN STEP	2026-07-28T15:15:23.5599706Z ^[[36;1mmethod = os.environ["METHOD"]^[[0m
Submit TD3 low-n stage	UNKNOWN STEP	2026-07-28T15:15:23.5600090Z ^[[36;1mn_values = [int(value) for value in os.environ["N_VALUES"].split()]^[[0m
Submit TD3 low-n stage	UNKNOWN STEP	2026-07-28T15:15:23.5600502Z ^[[36;1mcommit = os.environ["REPO_COMMIT"]^[[0m
Submit TD3 low-n stage	UNKNOWN STEP	2026-07-28T15:15:23.5600795Z ^[[36;1mslug = os.environ["KERNEL_SLUG"]^[[0m
Submit TD3 low-n stage	UNKNOWN STEP	2026-07-28T15:15:23.5601230Z ^[[36;1moutput_name = f"six_method_{method}_{'low_n' if max(n_values) <= 64 else 'high_n'}"^[[0m
Submit TD3 low-n stage	UNKNOWN STEP	2026-07-28T15:15:23.5602052Z ^[[36;1mrunner = f'''from __future__ import annotations^[[0m
Submit TD3 low-n stage	UNKNOWN STEP	2026-07-28T15:15:23.5602392Z ^[[36;1mimport shutil^[[0m
Submit TD3 low-n stage	UNKNOWN STEP	2026-07-28T15:15:23.5602621Z ^[[36;1mimport subprocess^[[0m
Submit TD3 low-n stage	UNKNOWN STEP	2026-07-28T15:15:23.5602847Z ^[[36;1mimport sys^[[0m
Submit TD3 low-n stage	UNKNOWN STEP	2026-07-28T15:15:23.5603070Z ^[[36;1mfrom pathlib import Path^[[0m
Submit TD3 low-n stage	UNKNOWN STEP	2026-07-28T15:15:23.5603313Z ^[[36;1m^[[0m
Submit TD3 low-n stage	UNKNOWN STEP	2026-07-28T15:15:23.5603566Z ^[[36;1mREPO = Path("/kaggle/working/STAR_RIS_RSMA_TD3")^[[0m
Submit TD3 low-n stage	UNKNOWN STEP	2026-07-28T15:15:23.5603890Z ^[[36;1mif REPO.exists():^[[0m
Submit TD3 low-n stage	UNKNOWN STEP	2026-07-28T15:15:23.5604136Z ^[[36;1m    shutil.rmtree(REPO)^[[0m
Submit TD3 low-n stage	UNKNOWN STEP	2026-07-28T15:15:23.5604734Z ^[[36;1msubprocess.run(["git", "clone", "--filter=blob:none", "https://github.com/Juliolayme/STAR_RIS_RSMA_TD3.git", str(REPO)], check=True)^[[0m
Submit TD3 low-n stage	UNKNOWN STEP	2026-07-28T15:15:23.5605474Z ^[[36;1msubprocess.run(["git", "checkout", "--detach", "{commit}"], cwd=REPO, check=True)^[[0m
Submit TD3 low-n stage	UNKNOWN STEP	2026-07-28T15:15:23.5606187Z ^[[36;1msubprocess.run([sys.executable, "-m", "pip", "install", "-q", "--no-build-isolation", "-e", str(REPO), "tabulate"], check=True)^[[0m
Submit TD3 low-n stage	UNKNOWN STEP	2026-07-28T15:15:23.5606741Z ^[[36;1msubprocess.run([^[[0m
Submit TD3 low-n stage	UNKNOWN STEP	2026-07-28T15:15:23.5606980Z ^[[36;1m    sys.executable,^[[0m
Submit TD3 low-n stage	UNKNOWN STEP	2026-07-28T15:15:23.5607234Z ^[[36;1m    "scripts/run_drl_stage.py",^[[0m
Submit TD3 low-n stage	UNKNOWN STEP	2026-07-28T15:15:23.5607517Z ^[[36;1m    "--method", "{method}",^[[0m
Submit TD3 low-n stage	UNKNOWN STEP	2026-07-28T15:15:23.5607846Z ^[[36;1m    "--n-values", {', '.join(repr(str(v)) for v in n_values)},^[[0m
Submit TD3 low-n stage	UNKNOWN STEP	2026-07-28T15:15:23.5608415Z ^[[36;1m    "--seeds", "0", "1", "2", "3", "4", "5", "6", "7",^[[0m
Submit TD3 low-n stage	UNKNOWN STEP	2026-07-28T15:15:23.5608759Z ^[[36;1m    "--output", "/kaggle/working/{output_name}",^[[0m
Submit TD3 low-n stage	UNKNOWN STEP	2026-07-28T15:15:23.5609076Z ^[[36;1m    "--max-parallel", "2",^[[0m
Submit TD3 low-n stage	UNKNOWN STEP	2026-07-28T15:15:23.5609341Z ^[[36;1m], cwd=REPO, check=True)^[[0m
Submit TD3 low-n stage	UNKNOWN STEP	2026-07-28T15:15:23.5609579Z ^[[36;1m'''^[[0m
Submit TD3 low-n stage	UNKNOWN STEP	2026-07-28T15:15:23.5609900Z ^[[36;1mPath("kaggle_submit/runner.py").write_text(runner, encoding="utf-8")^[[0m
Submit TD3 low-n stage	UNKNOWN STEP	2026-07-28T15:15:23.5610289Z ^[[36;1mmetadata = {^[[0m
Submit TD3 low-n stage	UNKNOWN STEP	2026-07-28T15:15:23.5610557Z ^[[36;1m    "id": f"{os.environ['KAGGLE_USERNAME']}/{slug}",^[[0m
Submit TD3 low-n stage	UNKNOWN STEP	2026-07-28T15:15:23.5610999Z ^[[36;1m    "title": f"STAR-RIS {method.upper()} six-method benchmark {n_values}",^[[0m
Submit TD3 low-n stage	UNKNOWN STEP	2026-07-28T15:15:23.5611401Z ^[[36;1m    "code_file": "runner.py",^[[0m
Submit TD3 low-n stage	UNKNOWN STEP	2026-07-28T15:15:23.5611678Z ^[[36;1m    "language": "python",^[[0m
Submit TD3 low-n stage	UNKNOWN STEP	2026-07-28T15:15:23.5612181Z ^[[36;1m    "kernel_type": "script",^[[0m
Submit TD3 low-n stage	UNKNOWN STEP	2026-07-28T15:15:23.5612449Z ^[[36;1m    "is_private": True,^[[0m
Submit TD3 low-n stage	UNKNOWN STEP	2026-07-28T15:15:23.5612709Z ^[[36;1m    "enable_gpu": True,^[[0m
Submit TD3 low-n stage	UNKNOWN STEP	2026-07-28T15:15:23.5612948Z ^[[36;1m    "enable_internet": True,^[[0m
Submit TD3 low-n stage	UNKNOWN STEP	2026-07-28T15:15:23.5613203Z ^[[36;1m    "enable_tpu": False,^[[0m
Submit TD3 low-n stage	UNKNOWN STEP	2026-07-28T15:15:23.5613455Z ^[[36;1m    "dataset_sources": [],^[[0m
Submit TD3 low-n stage	UNKNOWN STEP	2026-07-28T15:15:23.5613702Z ^[[36;1m    "kernel_sources": [],^[[0m
Submit TD3 low-n stage	UNKNOWN STEP	2026-07-28T15:15:23.5613958Z ^[[36;1m    "competition_sources": [],^[[0m
Submit TD3 low-n stage	UNKNOWN STEP	2026-07-28T15:15:23.5614210Z ^[[36;1m}^[[0m
Submit TD3 low-n stage	UNKNOWN STEP	2026-07-28T15:15:23.5614478Z ^[[36;1mPath("kaggle_submit/kernel-metadata.json").write_text(^[[0m
Submit TD3 low-n stage	UNKNOWN STEP	2026-07-28T15:15:23.5614871Z ^[[36;1m    json.dumps(metadata, indent=2), encoding="utf-8"^[[0m
Submit TD3 low-n stage	UNKNOWN STEP	2026-07-28T15:15:23.5615179Z ^[[36;1m)^[[0m
Submit TD3 low-n stage	UNKNOWN STEP	2026-07-28T15:15:23.5615575Z ^[[36;1mprint(json.dumps(metadata, indent=2))^[[0m
Submit TD3 low-n stage	UNKNOWN STEP	2026-07-28T15:15:23.5615865Z ^[[36;1mPY^[[0m
Submit TD3 low-n stage	UNKNOWN STEP	2026-07-28T15:15:23.5663478Z shell: /usr/bin/bash -e {0}
Submit TD3 low-n stage	UNKNOWN STEP	2026-07-28T15:15:23.5663734Z env:
Submit TD3 low-n stage	UNKNOWN STEP	2026-07-28T15:15:23.5663940Z   KAGGLE_USERNAME: thanhnguyen1423
Submit TD3 low-n stage	UNKNOWN STEP	2026-07-28T15:15:23.5664413Z   KAGGLE_KEY: ***
Submit TD3 low-n stage	UNKNOWN STEP	2026-07-28T15:15:23.5664624Z   METHOD: td3
Submit TD3 low-n stage	UNKNOWN STEP	2026-07-28T15:15:23.5664821Z   N_VALUES: 16 32 64
Submit TD3 low-n stage	UNKNOWN STEP	2026-07-28T15:15:23.5665069Z   KERNEL_SLUG: star-ris-td3-sixmethod-low-n-v1
Submit TD3 low-n stage	UNKNOWN STEP	2026-07-28T15:15:23.5665415Z   REPO_COMMIT: 99318fefa53bef91fa5f105ec71ddae73fc96c39
Submit TD3 low-n stage	UNKNOWN STEP	2026-07-28T15:15:23.5665802Z   pythonLocation: /opt/hostedtoolcache/Python/3.11.15/x64
Submit TD3 low-n stage	UNKNOWN STEP	2026-07-28T15:15:23.5666267Z   PKG_CONFIG_PATH: /opt/hostedtoolcache/Python/3.11.15/x64/lib/pkgconfig
Submit TD3 low-n stage	UNKNOWN STEP	2026-07-28T15:15:23.5666728Z   Python_ROOT_DIR: /opt/hostedtoolcache/Python/3.11.15/x64
Submit TD3 low-n stage	UNKNOWN STEP	2026-07-28T15:15:23.5667114Z   Python2_ROOT_DIR: /opt/hostedtoolcache/Python/3.11.15/x64
Submit TD3 low-n stage	UNKNOWN STEP	2026-07-28T15:15:23.5667504Z   Python3_ROOT_DIR: /opt/hostedtoolcache/Python/3.11.15/x64
Submit TD3 low-n stage	UNKNOWN STEP	2026-07-28T15:15:23.5667888Z   LD_LIBRARY_PATH: /opt/hostedtoolcache/Python/3.11.15/x64/lib
Submit TD3 low-n stage	UNKNOWN STEP	2026-07-28T15:15:23.5668206Z ##[endgroup]
Submit TD3 low-n stage	UNKNOWN STEP	2026-07-28T15:15:23.5981618Z {
Submit TD3 low-n stage	UNKNOWN STEP	2026-07-28T15:15:23.5982509Z   "id": "thanhnguyen1423/star-ris-td3-sixmethod-low-n-v1",
Submit TD3 low-n stage	UNKNOWN STEP	2026-07-28T15:15:23.5983434Z   "title": "STAR-RIS TD3 six-method benchmark [16, 32, 64]",
Submit TD3 low-n stage	UNKNOWN STEP	2026-07-28T15:15:23.5984235Z   "code_file": "runner.py",
Submit TD3 low-n stage	UNKNOWN STEP	2026-07-28T15:15:23.5984776Z   "language": "python",
Submit TD3 low-n stage	UNKNOWN STEP	2026-07-28T15:15:23.5985292Z   "kernel_type": "script",
Submit TD3 low-n stage	UNKNOWN STEP	2026-07-28T15:15:23.5985799Z   "is_private": true,
Submit TD3 low-n stage	UNKNOWN STEP	2026-07-28T15:15:23.5986119Z   "enable_gpu": true,
Submit TD3 low-n stage	UNKNOWN STEP	2026-07-28T15:15:23.5986419Z   "enable_internet": true,
Submit TD3 low-n stage	UNKNOWN STEP	2026-07-28T15:15:23.5986780Z   "enable_tpu": false,
Submit TD3 low-n stage	UNKNOWN STEP	2026-07-28T15:15:23.5987100Z   "dataset_sources": [],
Submit TD3 low-n stage	UNKNOWN STEP	2026-07-28T15:15:23.5987421Z   "kernel_sources": [],
Submit TD3 low-n stage	UNKNOWN STEP	2026-07-28T15:15:23.5987744Z   "competition_sources": []
Submit TD3 low-n stage	UNKNOWN STEP	2026-07-28T15:15:23.5988062Z }
Submit TD3 low-n stage	UNKNOWN STEP	2026-07-28T15:15:23.6053462Z ##[group]Run set -euo pipefail
Submit TD3 low-n stage	UNKNOWN STEP	2026-07-28T15:15:23.6053789Z ^[[36;1mset -euo pipefail^[[0m
Submit TD3 low-n stage	UNKNOWN STEP	2026-07-28T15:15:23.6054210Z ^[[36;1mkaggle kernels push -p kaggle_submit --accelerator NvidiaTeslaT4 --timeout 43200^[[0m
Submit TD3 low-n stage	UNKNOWN STEP	2026-07-28T15:15:23.6054779Z ^[[36;1mkaggle kernels status "${KAGGLE_USERNAME}/${KERNEL_SLUG}" || true^[[0m
Submit TD3 low-n stage	UNKNOWN STEP	2026-07-28T15:15:23.6102949Z shell: /usr/bin/bash -e {0}
Submit TD3 low-n stage	UNKNOWN STEP	2026-07-28T15:15:23.6103213Z env:
Submit TD3 low-n stage	UNKNOWN STEP	2026-07-28T15:15:23.6103431Z   KAGGLE_USERNAME: thanhnguyen1423
Submit TD3 low-n stage	UNKNOWN STEP	2026-07-28T15:15:23.6104002Z   KAGGLE_KEY: ***
Submit TD3 low-n stage	UNKNOWN STEP	2026-07-28T15:15:23.6104208Z   METHOD: td3
Submit TD3 low-n stage	UNKNOWN STEP	2026-07-28T15:15:23.6104406Z   N_VALUES: 16 32 64
Submit TD3 low-n stage	UNKNOWN STEP	2026-07-28T15:15:23.6104661Z   KERNEL_SLUG: star-ris-td3-sixmethod-low-n-v1
Submit TD3 low-n stage	UNKNOWN STEP	2026-07-28T15:15:23.6105028Z   REPO_COMMIT: 99318fefa53bef91fa5f105ec71ddae73fc96c39
Submit TD3 low-n stage	UNKNOWN STEP	2026-07-28T15:15:23.6105443Z   pythonLocation: /opt/hostedtoolcache/Python/3.11.15/x64
Submit TD3 low-n stage	UNKNOWN STEP	2026-07-28T15:15:23.6105904Z   PKG_CONFIG_PATH: /opt/hostedtoolcache/Python/3.11.15/x64/lib/pkgconfig
Submit TD3 low-n stage	UNKNOWN STEP	2026-07-28T15:15:23.6106401Z   Python_ROOT_DIR: /opt/hostedtoolcache/Python/3.11.15/x64
Submit TD3 low-n stage	UNKNOWN STEP	2026-07-28T15:15:23.6106807Z   Python2_ROOT_DIR: /opt/hostedtoolcache/Python/3.11.15/x64
Submit TD3 low-n stage	UNKNOWN STEP	2026-07-28T15:15:23.6107218Z   Python3_ROOT_DIR: /opt/hostedtoolcache/Python/3.11.15/x64
Submit TD3 low-n stage	UNKNOWN STEP	2026-07-28T15:15:23.6107624Z   LD_LIBRARY_PATH: /opt/hostedtoolcache/Python/3.11.15/x64/lib
Submit TD3 low-n stage	UNKNOWN STEP	2026-07-28T15:15:23.6107964Z ##[endgroup]
Submit TD3 low-n stage	UNKNOWN STEP	2026-07-28T15:15:25.4885004Z Your kernel title does not resolve to the specified id. This may result in surprising behavior. We suggest making your title something that resolves to the specified id. See https://en.wikipedia.org/wiki/Clean_URL#Slug for more information on how slugs are determined.
Submit TD3 low-n stage	UNKNOWN STEP	2026-07-28T15:15:25.4887242Z Kernel version 1 successfully pushed.  Please check progress at https://www.kaggle.com/code/thanhnguyen1423/star-ris-td3-six-method-benchmark-16-32-64
Submit TD3 low-n stage	UNKNOWN STEP	2026-07-28T15:15:25.8944609Z Cannot access kernel 'thanhnguyen1423/star-ris-td3-sixmethod-low-n-v1' (Permission 'kernels.get' was denied). The most likely cause is a wrong kernel slug. The benchmark_task_slug returned by get_benchmark_leaderboard differs from the actual kernel slug — use the slug from the notebook URL (kaggle.com/code/owner/KERNEL-SLUG), not from the leaderboard. It can also occur if the notebook is private.
Submit TD3 low-n stage	UNKNOWN STEP	2026-07-28T15:15:25.9473841Z Node 20 is being deprecated. This workflow is running with Node 24 by default. If you need to temporarily use Node 20, you can set the ACTIONS_ALLOW_USE_UNSECURE_NODE_VERSION=true environment variable. For more information see: https://github.blog/changelog/2025-09-19-deprecation-of-node-20-on-github-actions-runners/
Submit TD3 low-n stage	UNKNOWN STEP	2026-07-28T15:15:25.9475126Z Post job cleanup.
Submit TD3 low-n stage	UNKNOWN STEP	2026-07-28T15:15:26.0652430Z (node:2286) [DEP0040] DeprecationWarning: The `punycode` module is deprecated. Please use a userland alternative instead.
Submit TD3 low-n stage	UNKNOWN STEP	2026-07-28T15:15:26.0654119Z (Use `node --trace-deprecation ...` to show where the warning was created)
Submit TD3 low-n stage	UNKNOWN STEP	2026-07-28T15:15:26.0908765Z Node 20 is being deprecated. This workflow is running with Node 24 by default. If you need to temporarily use Node 20, you can set the ACTIONS_ALLOW_USE_UNSECURE_NODE_VERSION=true environment variable. For more information see: https://github.blog/changelog/2025-09-19-deprecation-of-node-20-on-github-actions-runners/
Submit TD3 low-n stage	UNKNOWN STEP	2026-07-28T15:15:26.0910023Z Post job cleanup.
Submit TD3 low-n stage	UNKNOWN STEP	2026-07-28T15:15:26.1797193Z [command]/usr/bin/git version
Submit TD3 low-n stage	UNKNOWN STEP	2026-07-28T15:15:26.1842899Z git version 2.54.0
Submit TD3 low-n stage	UNKNOWN STEP	2026-07-28T15:15:26.1889594Z Temporarily overriding HOME='/home/runner/work/_temp/cbfadf61-661d-4f35-bad4-9c7281dfe60c' before making global git config changes
Submit TD3 low-n stage	UNKNOWN STEP	2026-07-28T15:15:26.1890904Z Adding repository directory to the temporary git global config as a safe directory
Submit TD3 low-n stage	UNKNOWN STEP	2026-07-28T15:15:26.1896283Z [command]/usr/bin/git config --global --add safe.directory /home/runner/work/STAR_RIS_RSMA_TD3/STAR_RIS_RSMA_TD3
Submit TD3 low-n stage	UNKNOWN STEP	2026-07-28T15:15:26.1940639Z [command]/usr/bin/git config --local --name-only --get-regexp core\.sshCommand
Submit TD3 low-n stage	UNKNOWN STEP	2026-07-28T15:15:26.1976479Z [command]/usr/bin/git submodule foreach --recursive sh -c "git config --local --name-only --get-regexp 'core\.sshCommand' && git config --local --unset-all 'core.sshCommand' || :"
Submit TD3 low-n stage	UNKNOWN STEP	2026-07-28T15:15:26.2231670Z fatal: No url found for submodule path 'kaggle_runs/01_td3_low_n/output/STAR_RIS_RSMA_TD3' in .gitmodules
Submit TD3 low-n stage	UNKNOWN STEP	2026-07-28T15:15:26.2275420Z ##[warning]The process '/usr/bin/git' failed with exit code 128
Submit TD3 low-n stage	UNKNOWN STEP	2026-07-28T15:15:26.2458348Z Cleaning up orphan processes
Submit TD3 low-n stage	UNKNOWN STEP	2026-07-28T15:15:26.2794941Z ##[warning]Node.js 20 is deprecated. The following actions target Node.js 20 but are being forced to run on Node.js 24: actions/checkout@v4, actions/setup-python@v5. For more information see: https://github.blog/changelog/2025-09-19-deprecation-of-node-20-on-github-actions-runners/
Submit TD3 high-n stage	UNKNOWN STEP	﻿2026-07-28T15:14:53.8635166Z Current runner version: '2.336.0'
Submit TD3 high-n stage	UNKNOWN STEP	2026-07-28T15:14:53.8659413Z ##[group]Runner Image Provisioner
Submit TD3 high-n stage	UNKNOWN STEP	2026-07-28T15:14:53.8660419Z Hosted Compute Agent
Submit TD3 high-n stage	UNKNOWN STEP	2026-07-28T15:14:53.8661129Z Version: 20260707.563
Submit TD3 high-n stage	UNKNOWN STEP	2026-07-28T15:14:53.8661702Z Commit: 02667638d2b423fbc733a8e32a88b44996a3ba6e
Submit TD3 high-n stage	UNKNOWN STEP	2026-07-28T15:14:53.8662337Z Build Date: 2026-07-07T19:33:50Z
Submit TD3 high-n stage	UNKNOWN STEP	2026-07-28T15:14:53.8663027Z Worker ID: {917427ed-b1b5-4064-bf5c-d7314afe5e75}
Submit TD3 high-n stage	UNKNOWN STEP	2026-07-28T15:14:53.8663675Z Azure Region: westus3
Submit TD3 high-n stage	UNKNOWN STEP	2026-07-28T15:14:53.8664205Z ##[endgroup]
Submit TD3 high-n stage	UNKNOWN STEP	2026-07-28T15:14:53.8665692Z ##[group]Operating System
Submit TD3 high-n stage	UNKNOWN STEP	2026-07-28T15:14:53.8666264Z Ubuntu
Submit TD3 high-n stage	UNKNOWN STEP	2026-07-28T15:14:53.8666830Z 24.04.4
Submit TD3 high-n stage	UNKNOWN STEP	2026-07-28T15:14:53.8667305Z LTS
Submit TD3 high-n stage	UNKNOWN STEP	2026-07-28T15:14:53.8667787Z ##[endgroup]
Submit TD3 high-n stage	UNKNOWN STEP	2026-07-28T15:14:53.8668303Z ##[group]Runner Image
Submit TD3 high-n stage	UNKNOWN STEP	2026-07-28T15:14:53.8668859Z Image: ubuntu-24.04
Submit TD3 high-n stage	UNKNOWN STEP	2026-07-28T15:14:53.8669466Z Version: 20260720.247.2
Submit TD3 high-n stage	UNKNOWN STEP	2026-07-28T15:14:53.8670752Z Included Software: https://github.com/actions/runner-images/blob/ubuntu24/20260720.247/images/ubuntu/Ubuntu2404-Readme.md
Submit TD3 high-n stage	UNKNOWN STEP	2026-07-28T15:14:53.8672484Z Image Release: https://github.com/actions/runner-images/releases/tag/ubuntu24%2F20260720.247
Submit TD3 high-n stage	UNKNOWN STEP	2026-07-28T15:14:53.8673345Z ##[endgroup]
Submit TD3 high-n stage	UNKNOWN STEP	2026-07-28T15:14:53.8674408Z ##[group]GITHUB_TOKEN Permissions
Submit TD3 high-n stage	UNKNOWN STEP	2026-07-28T15:14:53.8676537Z Contents: read
Submit TD3 high-n stage	UNKNOWN STEP	2026-07-28T15:14:53.8677164Z Metadata: read
Submit TD3 high-n stage	UNKNOWN STEP	2026-07-28T15:14:53.8677677Z ##[endgroup]
Submit TD3 high-n stage	UNKNOWN STEP	2026-07-28T15:14:53.8679790Z Secret source: Actions
Submit TD3 high-n stage	UNKNOWN STEP	2026-07-28T15:14:53.8680905Z Prepare workflow directory
Submit TD3 high-n stage	UNKNOWN STEP	2026-07-28T15:14:53.9184821Z Prepare all required actions
Submit TD3 high-n stage	UNKNOWN STEP	2026-07-28T15:14:53.9234230Z Getting action download info
Submit TD3 high-n stage	UNKNOWN STEP	2026-07-28T15:14:54.2515566Z Download action repository 'actions/checkout@v4' (SHA:11d5960a326750d5838078e36cf38b85af677262)
Submit TD3 high-n stage	UNKNOWN STEP	2026-07-28T15:14:54.9230565Z Download action repository 'actions/setup-python@v5' (SHA:a26af69be951a213d495a4c3e4e4022e16d87065)
Submit TD3 high-n stage	UNKNOWN STEP	2026-07-28T15:14:55.0726115Z Complete job name: Submit TD3 high-n stage
Submit TD3 high-n stage	UNKNOWN STEP	2026-07-28T15:14:55.1476315Z Node 20 is being deprecated. This workflow is running with Node 24 by default. If you need to temporarily use Node 20, you can set the ACTIONS_ALLOW_USE_UNSECURE_NODE_VERSION=true environment variable. For more information see: https://github.blog/changelog/2025-09-19-deprecation-of-node-20-on-github-actions-runners/
Submit TD3 high-n stage	UNKNOWN STEP	2026-07-28T15:14:55.1486200Z ##[group]Run actions/checkout@v4
Submit TD3 high-n stage	UNKNOWN STEP	2026-07-28T15:14:55.1487126Z with:
Submit TD3 high-n stage	UNKNOWN STEP	2026-07-28T15:14:55.1487816Z   repository: Juliolayme/STAR_RIS_RSMA_TD3
Submit TD3 high-n stage	UNKNOWN STEP	2026-07-28T15:14:55.1492367Z   token: ***
Submit TD3 high-n stage	UNKNOWN STEP	2026-07-28T15:14:55.1492993Z   ssh-strict: true
Submit TD3 high-n stage	UNKNOWN STEP	2026-07-28T15:14:55.1493634Z   ssh-user: git
Submit TD3 high-n stage	UNKNOWN STEP	2026-07-28T15:14:55.1494263Z   persist-credentials: true
Submit TD3 high-n stage	UNKNOWN STEP	2026-07-28T15:14:55.1495027Z   clean: true
Submit TD3 high-n stage	UNKNOWN STEP	2026-07-28T15:14:55.1496106Z   sparse-checkout-cone-mode: true
Submit TD3 high-n stage	UNKNOWN STEP	2026-07-28T15:14:55.1497099Z   fetch-depth: 1
Submit TD3 high-n stage	UNKNOWN STEP	2026-07-28T15:14:55.1498067Z   fetch-tags: false
Submit TD3 high-n stage	UNKNOWN STEP	2026-07-28T15:14:55.1499097Z   show-progress: true
Submit TD3 high-n stage	UNKNOWN STEP	2026-07-28T15:14:55.1499999Z   lfs: false
Submit TD3 high-n stage	UNKNOWN STEP	2026-07-28T15:14:55.1501336Z   submodules: false
Submit TD3 high-n stage	UNKNOWN STEP	2026-07-28T15:14:55.1502060Z   set-safe-directory: true
Submit TD3 high-n stage	UNKNOWN STEP	2026-07-28T15:14:55.1502812Z   allow-unsafe-pr-checkout: false
Submit TD3 high-n stage	UNKNOWN STEP	2026-07-28T15:14:55.1504013Z env:
Submit TD3 high-n stage	UNKNOWN STEP	2026-07-28T15:14:55.1504671Z   KAGGLE_USERNAME: thanhnguyen1423
Submit TD3 high-n stage	UNKNOWN STEP	2026-07-28T15:14:55.1505601Z   KAGGLE_KEY: ***
Submit TD3 high-n stage	UNKNOWN STEP	2026-07-28T15:14:55.1506211Z   METHOD: td3
Submit TD3 high-n stage	UNKNOWN STEP	2026-07-28T15:14:55.1506819Z   N_VALUES: 96 128
Submit TD3 high-n stage	UNKNOWN STEP	2026-07-28T15:14:55.1507500Z   KERNEL_SLUG: star-ris-td3-sixmethod-high-n-v1
Submit TD3 high-n stage	UNKNOWN STEP	2026-07-28T15:14:55.1508436Z   REPO_COMMIT: 99318fefa53bef91fa5f105ec71ddae73fc96c39
Submit TD3 high-n stage	UNKNOWN STEP	2026-07-28T15:14:55.1509259Z ##[endgroup]
Submit TD3 high-n stage	UNKNOWN STEP	2026-07-28T15:14:55.2676722Z Syncing repository: Juliolayme/STAR_RIS_RSMA_TD3
Submit TD3 high-n stage	UNKNOWN STEP	2026-07-28T15:14:55.2678876Z ##[group]Getting Git version info
Submit TD3 high-n stage	UNKNOWN STEP	2026-07-28T15:14:55.2679786Z Working directory is '/home/runner/work/STAR_RIS_RSMA_TD3/STAR_RIS_RSMA_TD3'
Submit TD3 high-n stage	UNKNOWN STEP	2026-07-28T15:14:55.2681348Z [command]/usr/bin/git version
Submit TD3 high-n stage	UNKNOWN STEP	2026-07-28T15:14:55.2751885Z git version 2.54.0
Submit TD3 high-n stage	UNKNOWN STEP	2026-07-28T15:14:55.2782128Z ##[endgroup]
Submit TD3 high-n stage	UNKNOWN STEP	2026-07-28T15:14:55.2791768Z Temporarily overriding HOME='/home/runner/work/_temp/2bf1b7f3-27d4-44c3-b759-1028203187be' before making global git config changes
Submit TD3 high-n stage	UNKNOWN STEP	2026-07-28T15:14:55.2794645Z Adding repository directory to the temporary git global config as a safe directory
Submit TD3 high-n stage	UNKNOWN STEP	2026-07-28T15:14:55.2798655Z [command]/usr/bin/git config --global --add safe.directory /home/runner/work/STAR_RIS_RSMA_TD3/STAR_RIS_RSMA_TD3
Submit TD3 high-n stage	UNKNOWN STEP	2026-07-28T15:14:55.2852305Z Deleting the contents of '/home/runner/work/STAR_RIS_RSMA_TD3/STAR_RIS_RSMA_TD3'
Submit TD3 high-n stage	UNKNOWN STEP	2026-07-28T15:14:55.2856418Z ##[group]Initializing the repository
Submit TD3 high-n stage	UNKNOWN STEP	2026-07-28T15:14:55.2862468Z [command]/usr/bin/git init /home/runner/work/STAR_RIS_RSMA_TD3/STAR_RIS_RSMA_TD3
Submit TD3 high-n stage	UNKNOWN STEP	2026-07-28T15:14:55.2960978Z hint: Using 'master' as the name for the initial branch. This default branch name
Submit TD3 high-n stage	UNKNOWN STEP	2026-07-28T15:14:55.2962231Z hint: will change to "main" in Git 3.0. To configure the initial branch name
Submit TD3 high-n stage	UNKNOWN STEP	2026-07-28T15:14:55.2963270Z hint: to use in all of your new repositories, which will suppress this warning,
Submit TD3 high-n stage	UNKNOWN STEP	2026-07-28T15:14:55.2964170Z hint: call:
Submit TD3 high-n stage	UNKNOWN STEP	2026-07-28T15:14:55.2964632Z hint:
Submit TD3 high-n stage	UNKNOWN STEP	2026-07-28T15:14:55.2965223Z hint: 	git config --global init.defaultBranch <name>
Submit TD3 high-n stage	UNKNOWN STEP	2026-07-28T15:14:55.2965933Z hint:
Submit TD3 high-n stage	UNKNOWN STEP	2026-07-28T15:14:55.2966581Z hint: Names commonly chosen instead of 'master' are 'main', 'trunk' and
Submit TD3 high-n stage	UNKNOWN STEP	2026-07-28T15:14:55.2967595Z hint: 'development'. The just-created branch can be renamed via this command:
Submit TD3 high-n stage	UNKNOWN STEP	2026-07-28T15:14:55.2968406Z hint:
Submit TD3 high-n stage	UNKNOWN STEP	2026-07-28T15:14:55.2968874Z hint: 	git branch -m <name>
Submit TD3 high-n stage	UNKNOWN STEP	2026-07-28T15:14:55.2969405Z hint:
Submit TD3 high-n stage	UNKNOWN STEP	2026-07-28T15:14:55.2970104Z hint: Disable this message with "git config set advice.defaultBranchName false"
Submit TD3 high-n stage	UNKNOWN STEP	2026-07-28T15:14:55.2976015Z Initialized empty Git repository in /home/runner/work/STAR_RIS_RSMA_TD3/STAR_RIS_RSMA_TD3/.git/
Submit TD3 high-n stage	UNKNOWN STEP	2026-07-28T15:14:55.2986685Z [command]/usr/bin/git remote add origin https://github.com/Juliolayme/STAR_RIS_RSMA_TD3
Submit TD3 high-n stage	UNKNOWN STEP	2026-07-28T15:14:55.3031528Z ##[endgroup]
Submit TD3 high-n stage	UNKNOWN STEP	2026-07-28T15:14:55.3033094Z ##[group]Disabling automatic garbage collection
Submit TD3 high-n stage	UNKNOWN STEP	2026-07-28T15:14:55.3035614Z [command]/usr/bin/git config --local gc.auto 0
Submit TD3 high-n stage	UNKNOWN STEP	2026-07-28T15:14:55.3074200Z ##[endgroup]
Submit TD3 high-n stage	UNKNOWN STEP	2026-07-28T15:14:55.3076050Z ##[group]Setting up auth
Submit TD3 high-n stage	UNKNOWN STEP	2026-07-28T15:14:55.3078009Z [command]/usr/bin/git config --local --name-only --get-regexp core\.sshCommand
Submit TD3 high-n stage	UNKNOWN STEP	2026-07-28T15:14:55.3108742Z [command]/usr/bin/git submodule foreach --recursive sh -c "git config --local --name-only --get-regexp 'core\.sshCommand' && git config --local --unset-all 'core.sshCommand' || :"
Submit TD3 high-n stage	UNKNOWN STEP	2026-07-28T15:14:55.3449617Z [command]/usr/bin/git config --local --name-only --get-regexp http\.https\:\/\/github\.com\/\.extraheader
Submit TD3 high-n stage	UNKNOWN STEP	2026-07-28T15:14:55.3488022Z [command]/usr/bin/git submodule foreach --recursive sh -c "git config --local --name-only --get-regexp 'http\.https\:\/\/github\.com\/\.extraheader' && git config --local --unset-all 'http.https://github.com/.extraheader' || :"
Submit TD3 high-n stage	UNKNOWN STEP	2026-07-28T15:14:55.3696709Z [command]/usr/bin/git config --local --name-only --get-regexp ^includeIf\.gitdir:
Submit TD3 high-n stage	UNKNOWN STEP	2026-07-28T15:14:55.3726336Z [command]/usr/bin/git submodule foreach --recursive git config --local --show-origin --name-only --get-regexp remote.origin.url
Submit TD3 high-n stage	UNKNOWN STEP	2026-07-28T15:14:55.3942423Z [command]/usr/bin/git config --local http.https://github.com/.extraheader AUTHORIZATION: basic ***
Submit TD3 high-n stage	UNKNOWN STEP	2026-07-28T15:14:55.3978686Z ##[endgroup]
Submit TD3 high-n stage	UNKNOWN STEP	2026-07-28T15:14:55.3981629Z ##[group]Fetching the repository
Submit TD3 high-n stage	UNKNOWN STEP	2026-07-28T15:14:55.3990066Z [command]/usr/bin/git -c protocol.version=2 fetch --no-tags --prune --no-recurse-submodules --depth=1 origin +99318fefa53bef91fa5f105ec71ddae73fc96c39:refs/remotes/origin/experiments/drl-six-method-v1
Submit TD3 high-n stage	UNKNOWN STEP	2026-07-28T15:14:59.1619530Z From https://github.com/Juliolayme/STAR_RIS_RSMA_TD3
Submit TD3 high-n stage	UNKNOWN STEP	2026-07-28T15:14:59.1622062Z  * [new ref]         99318fefa53bef91fa5f105ec71ddae73fc96c39 -> origin/experiments/drl-six-method-v1
Submit TD3 high-n stage	UNKNOWN STEP	2026-07-28T15:14:59.1662153Z ##[endgroup]
Submit TD3 high-n stage	UNKNOWN STEP	2026-07-28T15:14:59.1669150Z ##[group]Determining the checkout info
Submit TD3 high-n stage	UNKNOWN STEP	2026-07-28T15:14:59.1670008Z ##[endgroup]
Submit TD3 high-n stage	UNKNOWN STEP	2026-07-28T15:14:59.1670591Z [command]/usr/bin/git sparse-checkout disable
Submit TD3 high-n stage	UNKNOWN STEP	2026-07-28T15:14:59.1704172Z [command]/usr/bin/git config --local --unset-all extensions.worktreeConfig
Submit TD3 high-n stage	UNKNOWN STEP	2026-07-28T15:14:59.1730932Z ##[group]Checking out the ref
Submit TD3 high-n stage	UNKNOWN STEP	2026-07-28T15:14:59.1736737Z [command]/usr/bin/git checkout --progress --force -B experiments/drl-six-method-v1 refs/remotes/origin/experiments/drl-six-method-v1
Submit TD3 high-n stage	UNKNOWN STEP	2026-07-28T15:14:59.7175362Z Switched to a new branch 'experiments/drl-six-method-v1'
Submit TD3 high-n stage	UNKNOWN STEP	2026-07-28T15:14:59.7210031Z branch 'experiments/drl-six-method-v1' set up to track 'origin/experiments/drl-six-method-v1'.
Submit TD3 high-n stage	UNKNOWN STEP	2026-07-28T15:14:59.7212264Z ##[endgroup]
Submit TD3 high-n stage	UNKNOWN STEP	2026-07-28T15:14:59.7251601Z [command]/usr/bin/git log -1 --format=%H
Submit TD3 high-n stage	UNKNOWN STEP	2026-07-28T15:14:59.7273693Z 99318fefa53bef91fa5f105ec71ddae73fc96c39
Submit TD3 high-n stage	UNKNOWN STEP	2026-07-28T15:14:59.7514926Z Node 20 is being deprecated. This workflow is running with Node 24 by default. If you need to temporarily use Node 20, you can set the ACTIONS_ALLOW_USE_UNSECURE_NODE_VERSION=true environment variable. For more information see: https://github.blog/changelog/2025-09-19-deprecation-of-node-20-on-github-actions-runners/
Submit TD3 high-n stage	UNKNOWN STEP	2026-07-28T15:14:59.7516908Z ##[group]Run actions/setup-python@v5
Submit TD3 high-n stage	UNKNOWN STEP	2026-07-28T15:14:59.7517181Z with:
Submit TD3 high-n stage	UNKNOWN STEP	2026-07-28T15:14:59.7517386Z   python-version: 3.11
Submit TD3 high-n stage	UNKNOWN STEP	2026-07-28T15:14:59.7517638Z   check-latest: false
Submit TD3 high-n stage	UNKNOWN STEP	2026-07-28T15:14:59.7520043Z   token: ***
Submit TD3 high-n stage	UNKNOWN STEP	2026-07-28T15:14:59.7520475Z   update-environment: true
Submit TD3 high-n stage	UNKNOWN STEP	2026-07-28T15:14:59.7520719Z   allow-prereleases: false
Submit TD3 high-n stage	UNKNOWN STEP	2026-07-28T15:14:59.7520953Z   freethreaded: false
Submit TD3 high-n stage	UNKNOWN STEP	2026-07-28T15:14:59.7521161Z env:
Submit TD3 high-n stage	UNKNOWN STEP	2026-07-28T15:14:59.7521362Z   KAGGLE_USERNAME: thanhnguyen1423
Submit TD3 high-n stage	UNKNOWN STEP	2026-07-28T15:14:59.7521690Z   KAGGLE_KEY: ***
Submit TD3 high-n stage	UNKNOWN STEP	2026-07-28T15:14:59.7521889Z   METHOD: td3
Submit TD3 high-n stage	UNKNOWN STEP	2026-07-28T15:14:59.7522084Z   N_VALUES: 96 128
Submit TD3 high-n stage	UNKNOWN STEP	2026-07-28T15:14:59.7522386Z   KERNEL_SLUG: star-ris-td3-sixmethod-high-n-v1
Submit TD3 high-n stage	UNKNOWN STEP	2026-07-28T15:14:59.7522761Z   REPO_COMMIT: 99318fefa53bef91fa5f105ec71ddae73fc96c39
Submit TD3 high-n stage	UNKNOWN STEP	2026-07-28T15:14:59.7523112Z ##[endgroup]
Submit TD3 high-n stage	UNKNOWN STEP	2026-07-28T15:14:59.8841026Z ##[group]Installed versions
Submit TD3 high-n stage	UNKNOWN STEP	2026-07-28T15:14:59.8928041Z (node:2254) [DEP0040] DeprecationWarning: The `punycode` module is deprecated. Please use a userland alternative instead.
Submit TD3 high-n stage	UNKNOWN STEP	2026-07-28T15:14:59.8929215Z (Use `node --trace-deprecation ...` to show where the warning was created)
Submit TD3 high-n stage	UNKNOWN STEP	2026-07-28T15:14:59.8929992Z Successfully set up CPython (3.11.15)
Submit TD3 high-n stage	UNKNOWN STEP	2026-07-28T15:14:59.8930872Z ##[endgroup]
Submit TD3 high-n stage	UNKNOWN STEP	2026-07-28T15:14:59.9093673Z ##[group]Run python -m pip install "kaggle>=1.8.4,<3"
Submit TD3 high-n stage	UNKNOWN STEP	2026-07-28T15:14:59.9094156Z ^[[36;1mpython -m pip install "kaggle>=1.8.4,<3"^[[0m
Submit TD3 high-n stage	UNKNOWN STEP	2026-07-28T15:14:59.9138424Z shell: /usr/bin/bash -e {0}
Submit TD3 high-n stage	UNKNOWN STEP	2026-07-28T15:14:59.9138726Z env:
Submit TD3 high-n stage	UNKNOWN STEP	2026-07-28T15:14:59.9138958Z   KAGGLE_USERNAME: thanhnguyen1423
Submit TD3 high-n stage	UNKNOWN STEP	2026-07-28T15:14:59.9139405Z   KAGGLE_KEY: ***
Submit TD3 high-n stage	UNKNOWN STEP	2026-07-28T15:14:59.9139612Z   METHOD: td3
Submit TD3 high-n stage	UNKNOWN STEP	2026-07-28T15:14:59.9139809Z   N_VALUES: 96 128
Submit TD3 high-n stage	UNKNOWN STEP	2026-07-28T15:14:59.9140271Z   KERNEL_SLUG: star-ris-td3-sixmethod-high-n-v1
Submit TD3 high-n stage	UNKNOWN STEP	2026-07-28T15:14:59.9140637Z   REPO_COMMIT: 99318fefa53bef91fa5f105ec71ddae73fc96c39
Submit TD3 high-n stage	UNKNOWN STEP	2026-07-28T15:14:59.9141021Z   pythonLocation: /opt/hostedtoolcache/Python/3.11.15/x64
Submit TD3 high-n stage	UNKNOWN STEP	2026-07-28T15:14:59.9141454Z   PKG_CONFIG_PATH: /opt/hostedtoolcache/Python/3.11.15/x64/lib/pkgconfig
Submit TD3 high-n stage	UNKNOWN STEP	2026-07-28T15:14:59.9141875Z   Python_ROOT_DIR: /opt/hostedtoolcache/Python/3.11.15/x64
Submit TD3 high-n stage	UNKNOWN STEP	2026-07-28T15:14:59.9142281Z   Python2_ROOT_DIR: /opt/hostedtoolcache/Python/3.11.15/x64
Submit TD3 high-n stage	UNKNOWN STEP	2026-07-28T15:14:59.9142692Z   Python3_ROOT_DIR: /opt/hostedtoolcache/Python/3.11.15/x64
Submit TD3 high-n stage	UNKNOWN STEP	2026-07-28T15:14:59.9143065Z   LD_LIBRARY_PATH: /opt/hostedtoolcache/Python/3.11.15/x64/lib
Submit TD3 high-n stage	UNKNOWN STEP	2026-07-28T15:14:59.9143381Z ##[endgroup]
Submit TD3 high-n stage	UNKNOWN STEP	2026-07-28T15:15:00.7516151Z Collecting kaggle<3,>=1.8.4
Submit TD3 high-n stage	UNKNOWN STEP	2026-07-28T15:15:00.8305231Z   Downloading kaggle-2.2.4-py3-none-any.whl.metadata (17 kB)
Submit TD3 high-n stage	UNKNOWN STEP	2026-07-28T15:15:00.8594022Z Collecting bleach (from kaggle<3,>=1.8.4)
Submit TD3 high-n stage	UNKNOWN STEP	2026-07-28T15:15:00.8700703Z   Downloading bleach-6.4.0-py3-none-any.whl.metadata (32 kB)
Submit TD3 high-n stage	UNKNOWN STEP	2026-07-28T15:15:00.9090989Z Collecting jupytext (from kaggle<3,>=1.8.4)
Submit TD3 high-n stage	UNKNOWN STEP	2026-07-28T15:15:00.9215119Z   Downloading jupytext-1.19.5-py3-none-any.whl.metadata (15 kB)
Submit TD3 high-n stage	UNKNOWN STEP	2026-07-28T15:15:00.9463877Z Collecting kagglesdk<1.0,>=0.1.35 (from kaggle<3,>=1.8.4)
Submit TD3 high-n stage	UNKNOWN STEP	2026-07-28T15:15:00.9568930Z   Downloading kagglesdk-0.1.35-py3-none-any.whl.metadata (13 kB)
Submit TD3 high-n stage	UNKNOWN STEP	2026-07-28T15:15:00.9817040Z Collecting packaging (from kaggle<3,>=1.8.4)
Submit TD3 high-n stage	UNKNOWN STEP	2026-07-28T15:15:00.9923243Z   Downloading packaging-26.2-py3-none-any.whl.metadata (3.5 kB)
Submit TD3 high-n stage	UNKNOWN STEP	2026-07-28T15:15:01.1471860Z Collecting protobuf (from kaggle<3,>=1.8.4)
Submit TD3 high-n stage	UNKNOWN STEP	2026-07-28T15:15:01.1577883Z   Downloading protobuf-7.35.1-cp310-abi3-manylinux2014_x86_64.whl.metadata (595 bytes)
Submit TD3 high-n stage	UNKNOWN STEP	2026-07-28T15:15:01.1775823Z Collecting python-dateutil (from kaggle<3,>=1.8.4)
Submit TD3 high-n stage	UNKNOWN STEP	2026-07-28T15:15:01.1880923Z   Downloading python_dateutil-2.9.0.post0-py2.py3-none-any.whl.metadata (8.4 kB)
Submit TD3 high-n stage	UNKNOWN STEP	2026-07-28T15:15:01.2102074Z Collecting python-dotenv (from kaggle<3,>=1.8.4)
Submit TD3 high-n stage	UNKNOWN STEP	2026-07-28T15:15:01.2210048Z   Downloading python_dotenv-1.2.2-py3-none-any.whl.metadata (27 kB)
Submit TD3 high-n stage	UNKNOWN STEP	2026-07-28T15:15:01.2425619Z Collecting python-slugify (from kaggle<3,>=1.8.4)
Submit TD3 high-n stage	UNKNOWN STEP	2026-07-28T15:15:01.2531208Z   Downloading python_slugify-8.0.4-py2.py3-none-any.whl.metadata (8.5 kB)
Submit TD3 high-n stage	UNKNOWN STEP	2026-07-28T15:15:01.2818036Z Collecting requests (from kaggle<3,>=1.8.4)
Submit TD3 high-n stage	UNKNOWN STEP	2026-07-28T15:15:01.2926631Z   Downloading requests-2.34.2-py3-none-any.whl.metadata (4.8 kB)
Submit TD3 high-n stage	UNKNOWN STEP	2026-07-28T15:15:01.3268229Z Collecting tqdm (from kaggle<3,>=1.8.4)
Submit TD3 high-n stage	UNKNOWN STEP	2026-07-28T15:15:01.3376899Z   Downloading tqdm-4.70.0-py3-none-any.whl.metadata (57 kB)
Submit TD3 high-n stage	UNKNOWN STEP	2026-07-28T15:15:01.3701246Z Collecting urllib3>=1.15.1 (from kaggle<3,>=1.8.4)
Submit TD3 high-n stage	UNKNOWN STEP	2026-07-28T15:15:01.3808059Z   Downloading urllib3-2.7.0-py3-none-any.whl.metadata (6.9 kB)
Submit TD3 high-n stage	UNKNOWN STEP	2026-07-28T15:15:01.3998513Z Collecting webencodings (from bleach->kaggle<3,>=1.8.4)
Submit TD3 high-n stage	UNKNOWN STEP	2026-07-28T15:15:01.4104320Z   Downloading webencodings-0.5.1-py2.py3-none-any.whl.metadata (2.1 kB)
Submit TD3 high-n stage	UNKNOWN STEP	2026-07-28T15:15:01.4306570Z Collecting markdown-it-py>=1.0 (from jupytext->kaggle<3,>=1.8.4)
Submit TD3 high-n stage	UNKNOWN STEP	2026-07-28T15:15:01.4411242Z   Downloading markdown_it_py-4.2.0-py3-none-any.whl.metadata (7.4 kB)
Submit TD3 high-n stage	UNKNOWN STEP	2026-07-28T15:15:01.4631616Z Collecting mdit-py-plugins (from jupytext->kaggle<3,>=1.8.4)
Submit TD3 high-n stage	UNKNOWN STEP	2026-07-28T15:15:01.4736850Z   Downloading mdit_py_plugins-0.6.1-py3-none-any.whl.metadata (2.9 kB)
Submit TD3 high-n stage	UNKNOWN STEP	2026-07-28T15:15:01.4961500Z Collecting nbformat (from jupytext->kaggle<3,>=1.8.4)
Submit TD3 high-n stage	UNKNOWN STEP	2026-07-28T15:15:01.5073250Z   Downloading nbformat-5.10.4-py3-none-any.whl.metadata (3.6 kB)
Submit TD3 high-n stage	UNKNOWN STEP	2026-07-28T15:15:01.5456120Z Collecting pyyaml (from jupytext->kaggle<3,>=1.8.4)
Submit TD3 high-n stage	UNKNOWN STEP	2026-07-28T15:15:01.5564893Z   Downloading pyyaml-6.0.3-cp311-cp311-manylinux2014_x86_64.manylinux_2_17_x86_64.manylinux_2_28_x86_64.whl.metadata (2.4 kB)
Submit TD3 high-n stage	UNKNOWN STEP	2026-07-28T15:15:01.5754868Z Collecting mdurl~=0.1 (from markdown-it-py>=1.0->jupytext->kaggle<3,>=1.8.4)
Submit TD3 high-n stage	UNKNOWN STEP	2026-07-28T15:15:01.5859912Z   Downloading mdurl-0.1.2-py3-none-any.whl.metadata (1.6 kB)
Submit TD3 high-n stage	UNKNOWN STEP	2026-07-28T15:15:01.6070645Z Collecting fastjsonschema>=2.15 (from nbformat->jupytext->kaggle<3,>=1.8.4)
Submit TD3 high-n stage	UNKNOWN STEP	2026-07-28T15:15:01.6174435Z   Downloading fastjsonschema-2.22.1-py3-none-any.whl.metadata (2.1 kB)
Submit TD3 high-n stage	UNKNOWN STEP	2026-07-28T15:15:01.6449401Z Collecting jsonschema>=2.6 (from nbformat->jupytext->kaggle<3,>=1.8.4)
Submit TD3 high-n stage	UNKNOWN STEP	2026-07-28T15:15:01.6556717Z   Downloading jsonschema-4.26.0-py3-none-any.whl.metadata (7.6 kB)
Submit TD3 high-n stage	UNKNOWN STEP	2026-07-28T15:15:01.6807298Z Collecting jupyter-core!=5.0.*,>=4.12 (from nbformat->jupytext->kaggle<3,>=1.8.4)
Submit TD3 high-n stage	UNKNOWN STEP	2026-07-28T15:15:01.6918428Z   Downloading jupyter_core-5.9.1-py3-none-any.whl.metadata (1.5 kB)
Submit TD3 high-n stage	UNKNOWN STEP	2026-07-28T15:15:01.7140669Z Collecting traitlets>=5.1 (from nbformat->jupytext->kaggle<3,>=1.8.4)
Submit TD3 high-n stage	UNKNOWN STEP	2026-07-28T15:15:01.7244006Z   Downloading traitlets-5.15.1-py3-none-any.whl.metadata (10 kB)
Submit TD3 high-n stage	UNKNOWN STEP	2026-07-28T15:15:01.7458891Z Collecting attrs>=22.2.0 (from jsonschema>=2.6->nbformat->jupytext->kaggle<3,>=1.8.4)
Submit TD3 high-n stage	UNKNOWN STEP	2026-07-28T15:15:01.7564062Z   Downloading attrs-26.1.0-py3-none-any.whl.metadata (8.8 kB)
Submit TD3 high-n stage	UNKNOWN STEP	2026-07-28T15:15:01.7756208Z Collecting jsonschema-specifications>=2023.03.6 (from jsonschema>=2.6->nbformat->jupytext->kaggle<3,>=1.8.4)
Submit TD3 high-n stage	UNKNOWN STEP	2026-07-28T15:15:01.7860698Z   Downloading jsonschema_specifications-2025.9.1-py3-none-any.whl.metadata (2.9 kB)
Submit TD3 high-n stage	UNKNOWN STEP	2026-07-28T15:15:01.8103430Z Collecting referencing>=0.28.4 (from jsonschema>=2.6->nbformat->jupytext->kaggle<3,>=1.8.4)
Submit TD3 high-n stage	UNKNOWN STEP	2026-07-28T15:15:01.8209662Z   Downloading referencing-0.37.0-py3-none-any.whl.metadata (2.8 kB)
Submit TD3 high-n stage	UNKNOWN STEP	2026-07-28T15:15:02.0511586Z Collecting rpds-py>=0.25.0 (from jsonschema>=2.6->nbformat->jupytext->kaggle<3,>=1.8.4)
Submit TD3 high-n stage	UNKNOWN STEP	2026-07-28T15:15:02.0621925Z   Downloading rpds_py-2026.6.3-cp311-cp311-manylinux_2_17_x86_64.manylinux2014_x86_64.whl.metadata (4.1 kB)
Submit TD3 high-n stage	UNKNOWN STEP	2026-07-28T15:15:02.0874698Z Collecting platformdirs>=2.5 (from jupyter-core!=5.0.*,>=4.12->nbformat->jupytext->kaggle<3,>=1.8.4)
Submit TD3 high-n stage	UNKNOWN STEP	2026-07-28T15:15:02.0979086Z   Downloading platformdirs-4.11.0-py3-none-any.whl.metadata (5.5 kB)
Submit TD3 high-n stage	UNKNOWN STEP	2026-07-28T15:15:02.1229634Z Collecting typing-extensions>=4.4.0 (from referencing>=0.28.4->jsonschema>=2.6->nbformat->jupytext->kaggle<3,>=1.8.4)
Submit TD3 high-n stage	UNKNOWN STEP	2026-07-28T15:15:02.1332684Z   Downloading typing_extensions-4.16.0-py3-none-any.whl.metadata (3.3 kB)
Submit TD3 high-n stage	UNKNOWN STEP	2026-07-28T15:15:02.1548377Z Collecting six>=1.5 (from python-dateutil->kaggle<3,>=1.8.4)
Submit TD3 high-n stage	UNKNOWN STEP	2026-07-28T15:15:02.1654793Z   Downloading six-1.17.0-py2.py3-none-any.whl.metadata (1.7 kB)
Submit TD3 high-n stage	UNKNOWN STEP	2026-07-28T15:15:02.1837719Z Collecting text-unidecode>=1.3 (from python-slugify->kaggle<3,>=1.8.4)
Submit TD3 high-n stage	UNKNOWN STEP	2026-07-28T15:15:02.1940836Z   Downloading text_unidecode-1.3-py2.py3-none-any.whl.metadata (2.4 kB)
Submit TD3 high-n stage	UNKNOWN STEP	2026-07-28T15:15:02.2790706Z Collecting charset_normalizer<4,>=2 (from requests->kaggle<3,>=1.8.4)
Submit TD3 high-n stage	UNKNOWN STEP	2026-07-28T15:15:02.2894371Z   Downloading charset_normalizer-3.4.9-cp311-cp311-manylinux2014_x86_64.manylinux_2_17_x86_64.manylinux_2_28_x86_64.whl.metadata (41 kB)
Submit TD3 high-n stage	UNKNOWN STEP	2026-07-28T15:15:02.3120277Z Collecting idna<4,>=2.5 (from requests->kaggle<3,>=1.8.4)
Submit TD3 high-n stage	UNKNOWN STEP	2026-07-28T15:15:02.3224454Z   Downloading idna-3.18-py3-none-any.whl.metadata (6.1 kB)
Submit TD3 high-n stage	UNKNOWN STEP	2026-07-28T15:15:02.3478562Z Collecting certifi>=2023.5.7 (from requests->kaggle<3,>=1.8.4)
Submit TD3 high-n stage	UNKNOWN STEP	2026-07-28T15:15:02.3580902Z   Downloading certifi-2026.7.22-py3-none-any.whl.metadata (2.5 kB)
Submit TD3 high-n stage	UNKNOWN STEP	2026-07-28T15:15:02.3745023Z Downloading kaggle-2.2.4-py3-none-any.whl (126 kB)
Submit TD3 high-n stage	UNKNOWN STEP	2026-07-28T15:15:02.3968807Z Downloading kagglesdk-0.1.35-py3-none-any.whl (248 kB)
Submit TD3 high-n stage	UNKNOWN STEP	2026-07-28T15:15:02.4190923Z Downloading urllib3-2.7.0-py3-none-any.whl (131 kB)
Submit TD3 high-n stage	UNKNOWN STEP	2026-07-28T15:15:02.4320532Z Downloading bleach-6.4.0-py3-none-any.whl (165 kB)
Submit TD3 high-n stage	UNKNOWN STEP	2026-07-28T15:15:02.4457660Z Downloading jupytext-1.19.5-py3-none-any.whl (229 kB)
Submit TD3 high-n stage	UNKNOWN STEP	2026-07-28T15:15:02.4600001Z Downloading markdown_it_py-4.2.0-py3-none-any.whl (91 kB)
Submit TD3 high-n stage	UNKNOWN STEP	2026-07-28T15:15:02.4732959Z Downloading mdurl-0.1.2-py3-none-any.whl (10.0 kB)
Submit TD3 high-n stage	UNKNOWN STEP	2026-07-28T15:15:02.4863921Z Downloading mdit_py_plugins-0.6.1-py3-none-any.whl (66 kB)
Submit TD3 high-n stage	UNKNOWN STEP	2026-07-28T15:15:02.4993665Z Downloading nbformat-5.10.4-py3-none-any.whl (78 kB)
Submit TD3 high-n stage	UNKNOWN STEP	2026-07-28T15:15:02.5141704Z Downloading fastjsonschema-2.22.1-py3-none-any.whl (26 kB)
Submit TD3 high-n stage	UNKNOWN STEP	2026-07-28T15:15:02.5270761Z Downloading jsonschema-4.26.0-py3-none-any.whl (90 kB)
Submit TD3 high-n stage	UNKNOWN STEP	2026-07-28T15:15:02.5400580Z Downloading attrs-26.1.0-py3-none-any.whl (67 kB)
Submit TD3 high-n stage	UNKNOWN STEP	2026-07-28T15:15:02.5533365Z Downloading jsonschema_specifications-2025.9.1-py3-none-any.whl (18 kB)
Submit TD3 high-n stage	UNKNOWN STEP	2026-07-28T15:15:02.5663518Z Downloading jupyter_core-5.9.1-py3-none-any.whl (29 kB)
Submit TD3 high-n stage	UNKNOWN STEP	2026-07-28T15:15:02.5788594Z Downloading platformdirs-4.11.0-py3-none-any.whl (23 kB)
Submit TD3 high-n stage	UNKNOWN STEP	2026-07-28T15:15:02.5913541Z Downloading referencing-0.37.0-py3-none-any.whl (26 kB)
Submit TD3 high-n stage	UNKNOWN STEP	2026-07-28T15:15:02.6039852Z Downloading rpds_py-2026.6.3-cp311-cp311-manylinux_2_17_x86_64.manylinux2014_x86_64.whl (371 kB)
Submit TD3 high-n stage	UNKNOWN STEP	2026-07-28T15:15:02.6195358Z Downloading traitlets-5.15.1-py3-none-any.whl (85 kB)
Submit TD3 high-n stage	UNKNOWN STEP	2026-07-28T15:15:02.6326996Z Downloading typing_extensions-4.16.0-py3-none-any.whl (45 kB)
Submit TD3 high-n stage	UNKNOWN STEP	2026-07-28T15:15:02.6453943Z Downloading packaging-26.2-py3-none-any.whl (100 kB)
Submit TD3 high-n stage	UNKNOWN STEP	2026-07-28T15:15:02.6588384Z Downloading protobuf-7.35.1-cp310-abi3-manylinux2014_x86_64.whl (327 kB)
Submit TD3 high-n stage	UNKNOWN STEP	2026-07-28T15:15:02.6729097Z Downloading python_dateutil-2.9.0.post0-py2.py3-none-any.whl (229 kB)
Submit TD3 high-n stage	UNKNOWN STEP	2026-07-28T15:15:02.6865572Z Downloading six-1.17.0-py2.py3-none-any.whl (11 kB)
Submit TD3 high-n stage	UNKNOWN STEP	2026-07-28T15:15:02.6991917Z Downloading python_dotenv-1.2.2-py3-none-any.whl (22 kB)
Submit TD3 high-n stage	UNKNOWN STEP	2026-07-28T15:15:02.7118751Z Downloading python_slugify-8.0.4-py2.py3-none-any.whl (10 kB)
Submit TD3 high-n stage	UNKNOWN STEP	2026-07-28T15:15:02.7243575Z Downloading text_unidecode-1.3-py2.py3-none-any.whl (78 kB)
Submit TD3 high-n stage	UNKNOWN STEP	2026-07-28T15:15:02.7377481Z Downloading pyyaml-6.0.3-cp311-cp311-manylinux2014_x86_64.manylinux_2_17_x86_64.manylinux_2_28_x86_64.whl (806 kB)
Submit TD3 high-n stage	UNKNOWN STEP	2026-07-28T15:15:02.7514482Z    ━━━━━━━━━━━━━━━━━━━━━━━━━━━━━━━━━━━━━━━━ 806.6/806.6 kB 49.7 MB/s  0:00:00
Submit TD3 high-n stage	UNKNOWN STEP	2026-07-28T15:15:02.7620342Z Downloading requests-2.34.2-py3-none-any.whl (73 kB)
Submit TD3 high-n stage	UNKNOWN STEP	2026-07-28T15:15:02.7750685Z Downloading charset_normalizer-3.4.9-cp311-cp311-manylinux2014_x86_64.manylinux_2_17_x86_64.manylinux_2_28_x86_64.whl (221 kB)
Submit TD3 high-n stage	UNKNOWN STEP	2026-07-28T15:15:02.7887610Z Downloading idna-3.18-py3-none-any.whl (65 kB)
Submit TD3 high-n stage	UNKNOWN STEP	2026-07-28T15:15:02.8019416Z Downloading certifi-2026.7.22-py3-none-any.whl (136 kB)
Submit TD3 high-n stage	UNKNOWN STEP	2026-07-28T15:15:02.8150884Z Downloading tqdm-4.70.0-py3-none-any.whl (80 kB)
Submit TD3 high-n stage	UNKNOWN STEP	2026-07-28T15:15:02.8283932Z Downloading webencodings-0.5.1-py2.py3-none-any.whl (11 kB)
Submit TD3 high-n stage	UNKNOWN STEP	2026-07-28T15:15:02.9089871Z Installing collected packages: webencodings, text-unidecode, urllib3, typing-extensions, traitlets, tqdm, six, rpds-py, pyyaml, python-slugify, python-dotenv, protobuf, platformdirs, packaging, mdurl, idna, fastjsonschema, charset_normalizer, certifi, bleach, attrs, requests, referencing, python-dateutil, markdown-it-py, jupyter-core, mdit-py-plugins, kagglesdk, jsonschema-specifications, jsonschema, nbformat, jupytext, kaggle
Submit TD3 high-n stage	UNKNOWN STEP	2026-07-28T15:15:04.2361794Z 
Submit TD3 high-n stage	UNKNOWN STEP	2026-07-28T15:15:04.2380844Z Successfully installed attrs-26.1.0 bleach-6.4.0 certifi-2026.7.22 charset_normalizer-3.4.9 fastjsonschema-2.22.1 idna-3.18 jsonschema-4.26.0 jsonschema-specifications-2025.9.1 jupyter-core-5.9.1 jupytext-1.19.5 kaggle-2.2.4 kagglesdk-0.1.35 markdown-it-py-4.2.0 mdit-py-plugins-0.6.1 mdurl-0.1.2 nbformat-5.10.4 packaging-26.2 platformdirs-4.11.0 protobuf-7.35.1 python-dateutil-2.9.0.post0 python-dotenv-1.2.2 python-slugify-8.0.4 pyyaml-6.0.3 referencing-0.37.0 requests-2.34.2 rpds-py-2026.6.3 six-1.17.0 text-unidecode-1.3 tqdm-4.70.0 traitlets-5.15.1 typing-extensions-4.16.0 urllib3-2.7.0 webencodings-0.5.1
Submit TD3 high-n stage	UNKNOWN STEP	2026-07-28T15:15:04.3326652Z ##[group]Run set -euo pipefail
Submit TD3 high-n stage	UNKNOWN STEP	2026-07-28T15:15:04.3327157Z ^[[36;1mset -euo pipefail^[[0m
Submit TD3 high-n stage	UNKNOWN STEP	2026-07-28T15:15:04.3327448Z ^[[36;1mrm -rf kaggle_submit^[[0m
Submit TD3 high-n stage	UNKNOWN STEP	2026-07-28T15:15:04.3327698Z ^[[36;1mmkdir -p kaggle_submit^[[0m
Submit TD3 high-n stage	UNKNOWN STEP	2026-07-28T15:15:04.3327950Z ^[[36;1mpython - <<'PY'^[[0m
Submit TD3 high-n stage	UNKNOWN STEP	2026-07-28T15:15:04.3328189Z ^[[36;1mimport json^[[0m
Submit TD3 high-n stage	UNKNOWN STEP	2026-07-28T15:15:04.3328393Z ^[[36;1mimport os^[[0m
Submit TD3 high-n stage	UNKNOWN STEP	2026-07-28T15:15:04.3328615Z ^[[36;1mfrom pathlib import Path^[[0m
Submit TD3 high-n stage	UNKNOWN STEP	2026-07-28T15:15:04.3328852Z ^[[36;1m^[[0m
Submit TD3 high-n stage	UNKNOWN STEP	2026-07-28T15:15:04.3329052Z ^[[36;1mmethod = os.environ["METHOD"]^[[0m
Submit TD3 high-n stage	UNKNOWN STEP	2026-07-28T15:15:04.3329411Z ^[[36;1mn_values = [int(value) for value in os.environ["N_VALUES"].split()]^[[0m
Submit TD3 high-n stage	UNKNOWN STEP	2026-07-28T15:15:04.3329793Z ^[[36;1mcommit = os.environ["REPO_COMMIT"]^[[0m
Submit TD3 high-n stage	UNKNOWN STEP	2026-07-28T15:15:04.3330078Z ^[[36;1mslug = os.environ["KERNEL_SLUG"]^[[0m
Submit TD3 high-n stage	UNKNOWN STEP	2026-07-28T15:15:04.3330690Z ^[[36;1moutput_name = f"six_method_{method}_{'low_n' if max(n_values) <= 64 else 'high_n'}"^[[0m
Submit TD3 high-n stage	UNKNOWN STEP	2026-07-28T15:15:04.3331183Z ^[[36;1mrunner = f'''from __future__ import annotations^[[0m
Submit TD3 high-n stage	UNKNOWN STEP	2026-07-28T15:15:04.3331480Z ^[[36;1mimport shutil^[[0m
Submit TD3 high-n stage	UNKNOWN STEP	2026-07-28T15:15:04.3331707Z ^[[36;1mimport subprocess^[[0m
Submit TD3 high-n stage	UNKNOWN STEP	2026-07-28T15:15:04.3331932Z ^[[36;1mimport sys^[[0m
Submit TD3 high-n stage	UNKNOWN STEP	2026-07-28T15:15:04.3332153Z ^[[36;1mfrom pathlib import Path^[[0m
Submit TD3 high-n stage	UNKNOWN STEP	2026-07-28T15:15:04.3332392Z ^[[36;1m^[[0m
Submit TD3 high-n stage	UNKNOWN STEP	2026-07-28T15:15:04.3332638Z ^[[36;1mREPO = Path("/kaggle/working/STAR_RIS_RSMA_TD3")^[[0m
Submit TD3 high-n stage	UNKNOWN STEP	2026-07-28T15:15:04.3332965Z ^[[36;1mif REPO.exists():^[[0m
Submit TD3 high-n stage	UNKNOWN STEP	2026-07-28T15:15:04.3333211Z ^[[36;1m    shutil.rmtree(REPO)^[[0m
Submit TD3 high-n stage	UNKNOWN STEP	2026-07-28T15:15:04.3333757Z ^[[36;1msubprocess.run(["git", "clone", "--filter=blob:none", "https://github.com/Juliolayme/STAR_RIS_RSMA_TD3.git", str(REPO)], check=True)^[[0m
Submit TD3 high-n stage	UNKNOWN STEP	2026-07-28T15:15:04.3334435Z ^[[36;1msubprocess.run(["git", "checkout", "--detach", "{commit}"], cwd=REPO, check=True)^[[0m
Submit TD3 high-n stage	UNKNOWN STEP	2026-07-28T15:15:04.3335081Z ^[[36;1msubprocess.run([sys.executable, "-m", "pip", "install", "-q", "--no-build-isolation", "-e", str(REPO), "tabulate"], check=True)^[[0m
Submit TD3 high-n stage	UNKNOWN STEP	2026-07-28T15:15:04.3335596Z ^[[36;1msubprocess.run([^[[0m
Submit TD3 high-n stage	UNKNOWN STEP	2026-07-28T15:15:04.3335829Z ^[[36;1m    sys.executable,^[[0m
Submit TD3 high-n stage	UNKNOWN STEP	2026-07-28T15:15:04.3336074Z ^[[36;1m    "scripts/run_drl_stage.py",^[[0m
Submit TD3 high-n stage	UNKNOWN STEP	2026-07-28T15:15:04.3336358Z ^[[36;1m    "--method", "{method}",^[[0m
Submit TD3 high-n stage	UNKNOWN STEP	2026-07-28T15:15:04.3336686Z ^[[36;1m    "--n-values", {', '.join(repr(str(v)) for v in n_values)},^[[0m
Submit TD3 high-n stage	UNKNOWN STEP	2026-07-28T15:15:04.3337209Z ^[[36;1m    "--seeds", "0", "1", "2", "3", "4", "5", "6", "7",^[[0m
Submit TD3 high-n stage	UNKNOWN STEP	2026-07-28T15:15:04.3337547Z ^[[36;1m    "--output", "/kaggle/working/{output_name}",^[[0m
Submit TD3 high-n stage	UNKNOWN STEP	2026-07-28T15:15:04.3337854Z ^[[36;1m    "--max-parallel", "2",^[[0m
Submit TD3 high-n stage	UNKNOWN STEP	2026-07-28T15:15:04.3338116Z ^[[36;1m], cwd=REPO, check=True)^[[0m
Submit TD3 high-n stage	UNKNOWN STEP	2026-07-28T15:15:04.3338350Z ^[[36;1m'''^[[0m
Submit TD3 high-n stage	UNKNOWN STEP	2026-07-28T15:15:04.3338661Z ^[[36;1mPath("kaggle_submit/runner.py").write_text(runner, encoding="utf-8")^[[0m
Submit TD3 high-n stage	UNKNOWN STEP	2026-07-28T15:15:04.3339027Z ^[[36;1mmetadata = {^[[0m
Submit TD3 high-n stage	UNKNOWN STEP	2026-07-28T15:15:04.3339294Z ^[[36;1m    "id": f"{os.environ['KAGGLE_USERNAME']}/{slug}",^[[0m
Submit TD3 high-n stage	UNKNOWN STEP	2026-07-28T15:15:04.3339711Z ^[[36;1m    "title": f"STAR-RIS {method.upper()} six-method benchmark {n_values}",^[[0m
Submit TD3 high-n stage	UNKNOWN STEP	2026-07-28T15:15:04.3340086Z ^[[36;1m    "code_file": "runner.py",^[[0m
Submit TD3 high-n stage	UNKNOWN STEP	2026-07-28T15:15:04.3340531Z ^[[36;1m    "language": "python",^[[0m
Submit TD3 high-n stage	UNKNOWN STEP	2026-07-28T15:15:04.3340786Z ^[[36;1m    "kernel_type": "script",^[[0m
Submit TD3 high-n stage	UNKNOWN STEP	2026-07-28T15:15:04.3341044Z ^[[36;1m    "is_private": True,^[[0m
Submit TD3 high-n stage	UNKNOWN STEP	2026-07-28T15:15:04.3341290Z ^[[36;1m    "enable_gpu": True,^[[0m
Submit TD3 high-n stage	UNKNOWN STEP	2026-07-28T15:15:04.3341533Z ^[[36;1m    "enable_internet": True,^[[0m
Submit TD3 high-n stage	UNKNOWN STEP	2026-07-28T15:15:04.3341789Z ^[[36;1m    "enable_tpu": False,^[[0m
Submit TD3 high-n stage	UNKNOWN STEP	2026-07-28T15:15:04.3342049Z ^[[36;1m    "dataset_sources": [],^[[0m
Submit TD3 high-n stage	UNKNOWN STEP	2026-07-28T15:15:04.3342300Z ^[[36;1m    "kernel_sources": [],^[[0m
Submit TD3 high-n stage	UNKNOWN STEP	2026-07-28T15:15:04.3342556Z ^[[36;1m    "competition_sources": [],^[[0m
Submit TD3 high-n stage	UNKNOWN STEP	2026-07-28T15:15:04.3342798Z ^[[36;1m}^[[0m
Submit TD3 high-n stage	UNKNOWN STEP	2026-07-28T15:15:04.3343061Z ^[[36;1mPath("kaggle_submit/kernel-metadata.json").write_text(^[[0m
Submit TD3 high-n stage	UNKNOWN STEP	2026-07-28T15:15:04.3343441Z ^[[36;1m    json.dumps(metadata, indent=2), encoding="utf-8"^[[0m
Submit TD3 high-n stage	UNKNOWN STEP	2026-07-28T15:15:04.3343746Z ^[[36;1m)^[[0m
Submit TD3 high-n stage	UNKNOWN STEP	2026-07-28T15:15:04.3344113Z ^[[36;1mprint(json.dumps(metadata, indent=2))^[[0m
Submit TD3 high-n stage	UNKNOWN STEP	2026-07-28T15:15:04.3344392Z ^[[36;1mPY^[[0m
Submit TD3 high-n stage	UNKNOWN STEP	2026-07-28T15:15:04.3371030Z shell: /usr/bin/bash -e {0}
Submit TD3 high-n stage	UNKNOWN STEP	2026-07-28T15:15:04.3371321Z env:
Submit TD3 high-n stage	UNKNOWN STEP	2026-07-28T15:15:04.3371622Z   KAGGLE_USERNAME: thanhnguyen1423
Submit TD3 high-n stage	UNKNOWN STEP	2026-07-28T15:15:04.3372053Z   KAGGLE_KEY: ***
Submit TD3 high-n stage	UNKNOWN STEP	2026-07-28T15:15:04.3372276Z   METHOD: td3
Submit TD3 high-n stage	UNKNOWN STEP	2026-07-28T15:15:04.3372496Z   N_VALUES: 96 128
Submit TD3 high-n stage	UNKNOWN STEP	2026-07-28T15:15:04.3372756Z   KERNEL_SLUG: star-ris-td3-sixmethod-high-n-v1
Submit TD3 high-n stage	UNKNOWN STEP	2026-07-28T15:15:04.3373113Z   REPO_COMMIT: 99318fefa53bef91fa5f105ec71ddae73fc96c39
Submit TD3 high-n stage	UNKNOWN STEP	2026-07-28T15:15:04.3373525Z   pythonLocation: /opt/hostedtoolcache/Python/3.11.15/x64
Submit TD3 high-n stage	UNKNOWN STEP	2026-07-28T15:15:04.3374026Z   PKG_CONFIG_PATH: /opt/hostedtoolcache/Python/3.11.15/x64/lib/pkgconfig
Submit TD3 high-n stage	UNKNOWN STEP	2026-07-28T15:15:04.3374442Z   Python_ROOT_DIR: /opt/hostedtoolcache/Python/3.11.15/x64
Submit TD3 high-n stage	UNKNOWN STEP	2026-07-28T15:15:04.3374809Z   Python2_ROOT_DIR: /opt/hostedtoolcache/Python/3.11.15/x64
Submit TD3 high-n stage	UNKNOWN STEP	2026-07-28T15:15:04.3375180Z   Python3_ROOT_DIR: /opt/hostedtoolcache/Python/3.11.15/x64
Submit TD3 high-n stage	UNKNOWN STEP	2026-07-28T15:15:04.3375559Z   LD_LIBRARY_PATH: /opt/hostedtoolcache/Python/3.11.15/x64/lib
Submit TD3 high-n stage	UNKNOWN STEP	2026-07-28T15:15:04.3375872Z ##[endgroup]
Submit TD3 high-n stage	UNKNOWN STEP	2026-07-28T15:15:04.3636144Z {
Submit TD3 high-n stage	UNKNOWN STEP	2026-07-28T15:15:04.3636727Z   "id": "thanhnguyen1423/star-ris-td3-sixmethod-high-n-v1",
Submit TD3 high-n stage	UNKNOWN STEP	2026-07-28T15:15:04.3637378Z   "title": "STAR-RIS TD3 six-method benchmark [96, 128]",
Submit TD3 high-n stage	UNKNOWN STEP	2026-07-28T15:15:04.3637924Z   "code_file": "runner.py",
Submit TD3 high-n stage	UNKNOWN STEP	2026-07-28T15:15:04.3638282Z   "language": "python",
Submit TD3 high-n stage	UNKNOWN STEP	2026-07-28T15:15:04.3638624Z   "kernel_type": "script",
Submit TD3 high-n stage	UNKNOWN STEP	2026-07-28T15:15:04.3638973Z   "is_private": true,
Submit TD3 high-n stage	UNKNOWN STEP	2026-07-28T15:15:04.3639301Z   "enable_gpu": true,
Submit TD3 high-n stage	UNKNOWN STEP	2026-07-28T15:15:04.3639691Z   "enable_internet": true,
Submit TD3 high-n stage	UNKNOWN STEP	2026-07-28T15:15:04.3640051Z   "enable_tpu": false,
Submit TD3 high-n stage	UNKNOWN STEP	2026-07-28T15:15:04.3640603Z   "dataset_sources": [],
Submit TD3 high-n stage	UNKNOWN STEP	2026-07-28T15:15:04.3641019Z   "kernel_sources": [],
Submit TD3 high-n stage	UNKNOWN STEP	2026-07-28T15:15:04.3641401Z   "competition_sources": []
Submit TD3 high-n stage	UNKNOWN STEP	2026-07-28T15:15:04.3641757Z }
Submit TD3 high-n stage	UNKNOWN STEP	2026-07-28T15:15:04.3701073Z ##[group]Run set -euo pipefail
Submit TD3 high-n stage	UNKNOWN STEP	2026-07-28T15:15:04.3701408Z ^[[36;1mset -euo pipefail^[[0m
Submit TD3 high-n stage	UNKNOWN STEP	2026-07-28T15:15:04.3701815Z ^[[36;1mkaggle kernels push -p kaggle_submit --accelerator NvidiaTeslaT4 --timeout 43200^[[0m
Submit TD3 high-n stage	UNKNOWN STEP	2026-07-28T15:15:04.3702344Z ^[[36;1mkaggle kernels status "${KAGGLE_USERNAME}/${KERNEL_SLUG}" || true^[[0m
Submit TD3 high-n stage	UNKNOWN STEP	2026-07-28T15:15:04.3728980Z shell: /usr/bin/bash -e {0}
Submit TD3 high-n stage	UNKNOWN STEP	2026-07-28T15:15:04.3729248Z env:
Submit TD3 high-n stage	UNKNOWN STEP	2026-07-28T15:15:04.3729465Z   KAGGLE_USERNAME: thanhnguyen1423
Submit TD3 high-n stage	UNKNOWN STEP	2026-07-28T15:15:04.3730054Z   KAGGLE_KEY: ***
Submit TD3 high-n stage	UNKNOWN STEP	2026-07-28T15:15:04.3730491Z   METHOD: td3
Submit TD3 high-n stage	UNKNOWN STEP	2026-07-28T15:15:04.3730689Z   N_VALUES: 96 128
Submit TD3 high-n stage	UNKNOWN STEP	2026-07-28T15:15:04.3730932Z   KERNEL_SLUG: star-ris-td3-sixmethod-high-n-v1
Submit TD3 high-n stage	UNKNOWN STEP	2026-07-28T15:15:04.3731279Z   REPO_COMMIT: 99318fefa53bef91fa5f105ec71ddae73fc96c39
Submit TD3 high-n stage	UNKNOWN STEP	2026-07-28T15:15:04.3731649Z   pythonLocation: /opt/hostedtoolcache/Python/3.11.15/x64
Submit TD3 high-n stage	UNKNOWN STEP	2026-07-28T15:15:04.3732074Z   PKG_CONFIG_PATH: /opt/hostedtoolcache/Python/3.11.15/x64/lib/pkgconfig
Submit TD3 high-n stage	UNKNOWN STEP	2026-07-28T15:15:04.3732528Z   Python_ROOT_DIR: /opt/hostedtoolcache/Python/3.11.15/x64
Submit TD3 high-n stage	UNKNOWN STEP	2026-07-28T15:15:04.3732899Z   Python2_ROOT_DIR: /opt/hostedtoolcache/Python/3.11.15/x64
Submit TD3 high-n stage	UNKNOWN STEP	2026-07-28T15:15:04.3733255Z   Python3_ROOT_DIR: /opt/hostedtoolcache/Python/3.11.15/x64
Submit TD3 high-n stage	UNKNOWN STEP	2026-07-28T15:15:04.3733621Z   LD_LIBRARY_PATH: /opt/hostedtoolcache/Python/3.11.15/x64/lib
Submit TD3 high-n stage	UNKNOWN STEP	2026-07-28T15:15:04.3733928Z ##[endgroup]
Submit TD3 high-n stage	UNKNOWN STEP	2026-07-28T15:15:06.0410088Z Your kernel title does not resolve to the specified id. This may result in surprising behavior. We suggest making your title something that resolves to the specified id. See https://en.wikipedia.org/wiki/Clean_URL#Slug for more information on how slugs are determined.
Submit TD3 high-n stage	UNKNOWN STEP	2026-07-28T15:15:06.0412061Z Kernel version 1 successfully pushed.  Please check progress at https://www.kaggle.com/code/thanhnguyen1423/star-ris-td3-six-method-benchmark-96-128
Submit TD3 high-n stage	UNKNOWN STEP	2026-07-28T15:15:06.4891676Z Cannot access kernel 'thanhnguyen1423/star-ris-td3-sixmethod-high-n-v1' (Permission 'kernels.get' was denied). The most likely cause is a wrong kernel slug. The benchmark_task_slug returned by get_benchmark_leaderboard differs from the actual kernel slug — use the slug from the notebook URL (kaggle.com/code/owner/KERNEL-SLUG), not from the leaderboard. It can also occur if the notebook is private.
Submit TD3 high-n stage	UNKNOWN STEP	2026-07-28T15:15:06.5532429Z Node 20 is being deprecated. This workflow is running with Node 24 by default. If you need to temporarily use Node 20, you can set the ACTIONS_ALLOW_USE_UNSECURE_NODE_VERSION=true environment variable. For more information see: https://github.blog/changelog/2025-09-19-deprecation-of-node-20-on-github-actions-runners/
Submit TD3 high-n stage	UNKNOWN STEP	2026-07-28T15:15:06.5533589Z Post job cleanup.
Submit TD3 high-n stage	UNKNOWN STEP	2026-07-28T15:15:06.6719653Z (node:2302) [DEP0040] DeprecationWarning: The `punycode` module is deprecated. Please use a userland alternative instead.
Submit TD3 high-n stage	UNKNOWN STEP	2026-07-28T15:15:06.6721039Z (Use `node --trace-deprecation ...` to show where the warning was created)
Submit TD3 high-n stage	UNKNOWN STEP	2026-07-28T15:15:06.6855819Z Node 20 is being deprecated. This workflow is running with Node 24 by default. If you need to temporarily use Node 20, you can set the ACTIONS_ALLOW_USE_UNSECURE_NODE_VERSION=true environment variable. For more information see: https://github.blog/changelog/2025-09-19-deprecation-of-node-20-on-github-actions-runners/
Submit TD3 high-n stage	UNKNOWN STEP	2026-07-28T15:15:06.6856956Z Post job cleanup.
Submit TD3 high-n stage	UNKNOWN STEP	2026-07-28T15:15:06.7862125Z [command]/usr/bin/git version
Submit TD3 high-n stage	UNKNOWN STEP	2026-07-28T15:15:06.7900052Z git version 2.54.0
Submit TD3 high-n stage	UNKNOWN STEP	2026-07-28T15:15:06.7939163Z Temporarily overriding HOME='/home/runner/work/_temp/246a6b96-4d4d-4e10-b8ee-4297194de991' before making global git config changes
Submit TD3 high-n stage	UNKNOWN STEP	2026-07-28T15:15:06.7940879Z Adding repository directory to the temporary git global config as a safe directory
Submit TD3 high-n stage	UNKNOWN STEP	2026-07-28T15:15:06.7953772Z [command]/usr/bin/git config --global --add safe.directory /home/runner/work/STAR_RIS_RSMA_TD3/STAR_RIS_RSMA_TD3
Submit TD3 high-n stage	UNKNOWN STEP	2026-07-28T15:15:06.7983174Z [command]/usr/bin/git config --local --name-only --get-regexp core\.sshCommand
Submit TD3 high-n stage	UNKNOWN STEP	2026-07-28T15:15:06.8017278Z [command]/usr/bin/git submodule foreach --recursive sh -c "git config --local --name-only --get-regexp 'core\.sshCommand' && git config --local --unset-all 'core.sshCommand' || :"
Submit TD3 high-n stage	UNKNOWN STEP	2026-07-28T15:15:06.8216942Z fatal: No url found for submodule path 'kaggle_runs/01_td3_low_n/output/STAR_RIS_RSMA_TD3' in .gitmodules
Submit TD3 high-n stage	UNKNOWN STEP	2026-07-28T15:15:06.8267171Z ##[warning]The process '/usr/bin/git' failed with exit code 128
Submit TD3 high-n stage	UNKNOWN STEP	2026-07-28T15:15:06.8401737Z Cleaning up orphan processes
Submit TD3 high-n stage	UNKNOWN STEP	2026-07-28T15:15:06.8689522Z ##[warning]Node.js 20 is deprecated. The following actions target Node.js 20 but are being forced to run on Node.js 24: actions/checkout@v4, actions/setup-python@v5. For more information see: https://github.blog/changelog/2025-09-19-deprecation-of-node-20-on-github-actions-runners/
