[{"stream_name":"stderr","time":7.577110864,"data":"0.00s - Debugger warning: It seems that frozen modules are being used, which may\n"}
,{"stream_name":"stderr","time":7.577177251,"data":"0.00s - make the debugger miss breakpoints. Please pass -Xfrozen_modules=off\n"}
,{"stream_name":"stderr","time":7.577181815,"data":"0.00s - to python to disable frozen modules.\n"}
,{"stream_name":"stderr","time":7.577184453,"data":"0.00s - Note: Debugging will proceed. Set PYDEVD_DISABLE_FILE_VALIDATION=1 to disable this validation.\n"}
,{"stream_name":"stderr","time":8.177637157,"data":"0.00s - Debugger warning: It seems that frozen modules are being used, which may\n"}
,{"stream_name":"stderr","time":8.177670444,"data":"0.00s - make the debugger miss breakpoints. Please pass -Xfrozen_modules=off\n"}
,{"stream_name":"stderr","time":8.177674034,"data":"0.00s - to python to disable frozen modules.\n"}
,{"stream_name":"stderr","time":8.177676483,"data":"0.00s - Note: Debugging will proceed. Set PYDEVD_DISABLE_FILE_VALIDATION=1 to disable this validation.\n"}
,{"stream_name":"stdout","time":10.40572384,"data":"$ git clone --filter=blob:none --branch agent/td3-qos-scalability-v2 https://github.com/Juliolayme/STAR_RIS_RSMA_TD3.git /kaggle/working/STAR_RIS_RSMA_TD3\n"}
,{"stream_name":"stdout","time":10.405770922,"data":"Cloning into '/kaggle/working/STAR_RIS_RSMA_TD3'...\n"}
,{"stream_name":"stdout","time":11.227862409,"data":"$ git checkout --detach fdb6344ec976bfde222b45f84c5b07c7eb6d6e0a\n"}
,{"stream_name":"stdout","time":11.227918714,"data":"HEAD is now at fdb6344 Include n_ris in baseline solver CSV outputs\n"}
,{"stream_name":"stdout","time":11.227924359,"data":"$ /usr/bin/python3 -m pip install -q --no-build-isolation -e /kaggle/working/STAR_RIS_RSMA_TD3 tabulate\n"}
,{"stream_name":"stdout","time":19.048393275,"data":"Repository commit: fdb6344ec976bfde222b45f84c5b07c7eb6d6e0a\n"}
,{"stream_name":"stdout","time":19.048428235,"data":"$ /usr/bin/python3 scripts/create_scenario_banks.py --config /kaggle/working/STAR_RIS_RSMA_TD3/configs/v3/constrained_action_n16.yaml --output-dir /kaggle/working/STAR_RIS_RSMA_TD3/artifacts/scenario_banks --train-count 10000 --validation-count 1000 --test-count 1000\n"}
,{"stream_name":"stdout","time":20.676424742000002,"data":"{\n"}
,{"stream_name":"stdout","time":20.676455382,"data":"  \"train\": {\n"}
,{"stream_name":"stdout","time":20.676460875,"data":"    \"path\": \"/kaggle/working/STAR_RIS_RSMA_TD3/artifacts/scenario_banks/N16_train.npz\",\n"}
,{"stream_name":"stdout","time":20.676465581,"data":"    \"checksum\": \"b51439f19a262ead64d5beab9d5c0b59986d905a5dbf8cfec27b0e2a89d28934\",\n"}
,{"stream_name":"stdout","time":20.676470298,"data":"    \"metadata\": {\n"}
,{"stream_name":"stdout","time":20.676474571,"data":"      \"split\": \"train\",\n"}
,{"stream_name":"stdout","time":20.67647886,"data":"      \"seed\": 11001,\n"}
,{"stream_name":"stdout","time":20.676483123,"data":"      \"count\": 10000,\n"}
,{"stream_name":"stdout","time":20.676487355,"data":"      \"n_users\": 4,\n"}
,{"stream_name":"stdout","time":20.676491586,"data":"      \"n_ris\": 16,\n"}
,{"stream_name":"stdout","time":20.676495859,"data":"      \"generator\": \"star_ris_rsma.physics.generate_channel/v1\"\n"}
,{"stream_name":"stdout","time":20.676500375,"data":"    }\n"}
,{"stream_name":"stdout","time":20.676504445,"data":"  },\n"}
,{"stream_name":"stdout","time":20.676508461,"data":"  \"validation\": {\n"}
,{"stream_name":"stdout","time":20.676513232,"data":"    \"path\": \"/kaggle/working/STAR_RIS_RSMA_TD3/artifacts/scenario_banks/N16_validation.npz\",\n"}
,{"stream_name":"stdout","time":20.676518768,"data":"    \"checksum\": \"ff3bb90b6af684e3b9176db101992400a2cbae2c9bc3359761ba4889db40a1d9\",\n"}
,{"stream_name":"stdout","time":20.676539533,"data":"    \"metadata\": {\n"}
,{"stream_name":"stdout","time":20.676543286,"data":"      \"split\": \"validation\",\n"}
,{"stream_name":"stdout","time":20.676546736,"data":"      \"seed\": 22001,\n"}
,{"stream_name":"stdout","time":20.676550026,"data":"      \"count\": 1000,\n"}
,{"stream_name":"stdout","time":20.676553328,"data":"      \"n_users\": 4,\n"}
,{"stream_name":"stdout","time":20.676556579,"data":"      \"n_ris\": 16,\n"}
,{"stream_name":"stdout","time":20.676559934,"data":"      \"generator\": \"star_ris_rsma.physics.generate_channel/v1\"\n"}
,{"stream_name":"stdout","time":20.6765634,"data":"    }\n"}
,{"stream_name":"stdout","time":20.676566526,"data":"  },\n"}
,{"stream_name":"stdout","time":20.676569708,"data":"  \"test\": {\n"}
,{"stream_name":"stdout","time":20.67657339,"data":"    \"path\": \"/kaggle/working/STAR_RIS_RSMA_TD3/artifacts/scenario_banks/N16_test.npz\",\n"}
,{"stream_name":"stdout","time":20.676576961,"data":"    \"checksum\": \"ee98d51d23f2f29facb379bf4250dad3e33d568085dfd332a582372e84151ce7\",\n"}
,{"stream_name":"stdout","time":20.676580493,"data":"    \"metadata\": {\n"}
,{"stream_name":"stdout","time":20.676583755,"data":"      \"split\": \"test\",\n"}
,{"stream_name":"stdout","time":20.676587149,"data":"      \"seed\": 33001,\n"}
,{"stream_name":"stdout","time":20.676590447,"data":"      \"count\": 1000,\n"}
,{"stream_name":"stdout","time":20.676593698,"data":"      \"n_users\": 4,\n"}
,{"stream_name":"stdout","time":20.676597374,"data":"      \"n_ris\": 16,\n"}
,{"stream_name":"stdout","time":20.676601475,"data":"      \"generator\": \"star_ris_rsma.physics.generate_channel/v1\"\n"}
,{"stream_name":"stdout","time":20.676605456,"data":"    }\n"}
,{"stream_name":"stdout","time":20.676609201,"data":"  }\n"}
,{"stream_name":"stdout","time":20.676612582,"data":"}\n"}
,{"stream_name":"stdout","time":20.676619756,"data":"$ /usr/bin/python3 scripts/create_scenario_banks.py --config /kaggle/working/STAR_RIS_RSMA_TD3/configs/v3/constrained_action_n32.yaml --output-dir /kaggle/working/STAR_RIS_RSMA_TD3/artifacts/scenario_banks --train-count 10000 --validation-count 1000 --test-count 1000\n"}
,{"stream_name":"stdout","time":23.268045535,"data":"{\n"}
,{"stream_name":"stdout","time":23.268075603,"data":"  \"train\": {\n"}
,{"stream_name":"stdout","time":23.268079712,"data":"    \"path\": \"/kaggle/working/STAR_RIS_RSMA_TD3/artifacts/scenario_banks/N32_train.npz\",\n"}
,{"stream_name":"stdout","time":23.268083644,"data":"    \"checksum\": \"644567748ca3bf6d519ae7b74b7812aa5a57f33b77786c27972ac7f78ac30ea5\",\n"}
,{"stream_name":"stdout","time":23.268087511,"data":"    \"metadata\": {\n"}
,{"stream_name":"stdout","time":23.268090904,"data":"      \"split\": \"train\",\n"}
,{"stream_name":"stdout","time":23.268094354,"data":"      \"seed\": 11001,\n"}
,{"stream_name":"stdout","time":23.268097705,"data":"      \"count\": 10000,\n"}
,{"stream_name":"stdout","time":23.268100981,"data":"      \"n_users\": 4,\n"}
,{"stream_name":"stdout","time":23.268104451,"data":"      \"n_ris\": 32,\n"}
,{"stream_name":"stdout","time":23.26810776,"data":"      \"generator\": \"star_ris_rsma.physics.generate_channel/v1\"\n"}
,{"stream_name":"stdout","time":23.268111375,"data":"    }\n"}
,{"stream_name":"stdout","time":23.26811451,"data":"  },\n"}
,{"stream_name":"stdout","time":23.268117695,"data":"  \"validation\": {\n"}
,{"stream_name":"stdout","time":23.268120979,"data":"    \"path\": \"/kaggle/working/STAR_RIS_RSMA_TD3/artifacts/scenario_banks/N32_validation.npz\",\n"}
,{"stream_name":"stdout","time":23.268137379,"data":"    \"checksum\": \"5f273747e249ffb92ad14c707fb44da44b02d2e59d07ebc5e051d1d2bba58733\",\n"}
,{"stream_name":"stdout","time":23.268141061,"data":"    \"metadata\": {\n"}
,{"stream_name":"stdout","time":23.26814442,"data":"      \"split\": \"validation\",\n"}
,{"stream_name":"stdout","time":23.268147799,"data":"      \"seed\": 22001,\n"}
,{"stream_name":"stdout","time":23.268151097,"data":"      \"count\": 1000,\n"}
,{"stream_name":"stdout","time":23.268154414,"data":"      \"n_users\": 4,\n"}
,{"stream_name":"stdout","time":23.268157692,"data":"      \"n_ris\": 32,\n"}
,{"stream_name":"stdout","time":23.268161027,"data":"      \"generator\": \"star_ris_rsma.physics.generate_channel/v1\"\n"}
,{"stream_name":"stdout","time":23.268164845,"data":"    }\n"}
,{"stream_name":"stdout","time":23.268168112,"data":"  },\n"}
,{"stream_name":"stdout","time":23.268171297,"data":"  \"test\": {\n"}
,{"stream_name":"stdout","time":23.268174619,"data":"    \"path\": \"/kaggle/working/STAR_RIS_RSMA_TD3/artifacts/scenario_banks/N32_test.npz\",\n"}
,{"stream_name":"stdout","time":23.268178207,"data":"    \"checksum\": \"6ec54735c1c2c35cd253d9d3d23295783293b6d64c65204dfcab16b2d59ebbef\",\n"}
,{"stream_name":"stdout","time":23.268181873,"data":"    \"metadata\": {\n"}
,{"stream_name":"stdout","time":23.268185212,"data":"      \"split\": \"test\",\n"}
,{"stream_name":"stdout","time":23.268188611,"data":"      \"seed\": 33001,\n"}
,{"stream_name":"stdout","time":23.268191964,"data":"      \"count\": 1000,\n"}
,{"stream_name":"stdout","time":23.268195226,"data":"      \"n_users\": 4,\n"}
,{"stream_name":"stdout","time":23.26819858,"data":"      \"n_ris\": 32,\n"}
,{"stream_name":"stdout","time":23.268223106,"data":"      \"generator\": \"star_ris_rsma.physics.generate_channel/v1\"\n"}
,{"stream_name":"stdout","time":23.268227076,"data":"    }\n"}
,{"stream_name":"stdout","time":23.268230536,"data":"  }\n"}
,{"stream_name":"stdout","time":23.268234021,"data":"}\n"}
,{"stream_name":"stdout","time":23.268238043,"data":"$ /usr/bin/python3 scripts/create_scenario_banks.py --config /kaggle/working/STAR_RIS_RSMA_TD3/configs/v3/constrained_action_n64.yaml --output-dir /kaggle/working/STAR_RIS_RSMA_TD3/artifacts/scenario_banks --train-count 10000 --validation-count 1000 --test-count 1000\n"}
,{"stream_name":"stdout","time":27.534951127,"data":"{\n"}
,{"stream_name":"stdout","time":27.534991793,"data":"  \"train\": {\n"}
,{"stream_name":"stdout","time":27.534997535,"data":"    \"path\": \"/kaggle/working/STAR_RIS_RSMA_TD3/artifacts/scenario_banks/N64_train.npz\",\n"}
,{"stream_name":"stdout","time":27.535002589,"data":"    \"checksum\": \"f1bd39b659fe342179a1822520d8548fc7ad31818fdf6454e9dd6f6c55ea035d\",\n"}
,{"stream_name":"stdout","time":27.535007672,"data":"    \"metadata\": {\n"}
,{"stream_name":"stdout","time":27.535012212,"data":"      \"split\": \"train\",\n"}
,{"stream_name":"stdout","time":27.535016796,"data":"      \"seed\": 11001,\n"}
,{"stream_name":"stdout","time":27.535021282,"data":"      \"count\": 10000,\n"}
,{"stream_name":"stdout","time":27.535025747,"data":"      \"n_users\": 4,\n"}
,{"stream_name":"stdout","time":27.535030221,"data":"      \"n_ris\": 64,\n"}
,{"stream_name":"stdout","time":27.535034781,"data":"      \"generator\": \"star_ris_rsma.physics.generate_channel/v1\"\n"}
,{"stream_name":"stdout","time":27.535039519,"data":"    }\n"}
,{"stream_name":"stdout","time":27.535043901,"data":"  },\n"}
,{"stream_name":"stdout","time":27.535048188,"data":"  \"validation\": {\n"}
,{"stream_name":"stdout","time":27.535064872,"data":"    \"path\": \"/kaggle/working/STAR_RIS_RSMA_TD3/artifacts/scenario_banks/N64_validation.npz\",\n"}
,{"stream_name":"stdout","time":27.535068854,"data":"    \"checksum\": \"c2d7d0f7f13235ab59dc57de1d740fafa6478103732d384f976eb691a92ba1ac\",\n"}
,{"stream_name":"stdout","time":27.535072822,"data":"    \"metadata\": {\n"}
,{"stream_name":"stdout","time":27.535076332,"data":"      \"split\": \"validation\",\n"}
,{"stream_name":"stdout","time":27.535079981,"data":"      \"seed\": 22001,\n"}
,{"stream_name":"stdout","time":27.53508345,"data":"      \"count\": 1000,\n"}
,{"stream_name":"stdout","time":27.53508699,"data":"      \"n_users\": 4,\n"}
,{"stream_name":"stdout","time":27.535090487,"data":"      \"n_ris\": 64,\n"}
,{"stream_name":"stdout","time":27.535094039,"data":"      \"generator\": \"star_ris_rsma.physics.generate_channel/v1\"\n"}
,{"stream_name":"stdout","time":27.535097743,"data":"    }\n"}
,{"stream_name":"stdout","time":27.535101129,"data":"  },\n"}
,{"stream_name":"stdout","time":27.535104519,"data":"  \"test\": {\n"}
,{"stream_name":"stdout","time":27.535108075,"data":"    \"path\": \"/kaggle/working/STAR_RIS_RSMA_TD3/artifacts/scenario_banks/N64_test.npz\",\n"}
,{"stream_name":"stdout","time":27.535111911,"data":"    \"checksum\": \"ae41070d268d283dcc283b0aaf9b960eae1f4ddd22d423577b272c18802a3aae\",\n"}
,{"stream_name":"stdout","time":27.535115683,"data":"    \"metadata\": {\n"}
,{"stream_name":"stdout","time":27.535119186,"data":"      \"split\": \"test\",\n"}
,{"stream_name":"stdout","time":27.535122827,"data":"      \"seed\": 33001,\n"}
,{"stream_name":"stdout","time":27.535126321,"data":"      \"count\": 1000,\n"}
,{"stream_name":"stdout","time":27.535129832,"data":"      \"n_users\": 4,\n"}
,{"stream_name":"stdout","time":27.535133369,"data":"      \"n_ris\": 64,\n"}
,{"stream_name":"stdout","time":27.535136933,"data":"      \"generator\": \"star_ris_rsma.physics.generate_channel/v1\"\n"}
,{"stream_name":"stdout","time":27.535140647,"data":"    }\n"}
,{"stream_name":"stdout","time":27.535143942,"data":"  }\n"}
,{"stream_name":"stdout","time":27.535147289,"data":"}\n"}
,{"stream_name":"stdout","time":27.53515072,"data":"$ /usr/bin/python3 scripts/create_scenario_banks.py --config /kaggle/working/STAR_RIS_RSMA_TD3/configs/v3/constrained_action_n96.yaml --output-dir /kaggle/working/STAR_RIS_RSMA_TD3/artifacts/scenario_banks --train-count 10000 --validation-count 1000 --test-count 1000\n"}
,{"stream_name":"stdout","time":33.638955163,"data":"{\n"}
,{"stream_name":"stdout","time":33.638991131,"data":"  \"train\": {\n"}
,{"stream_name":"stdout","time":33.638996614,"data":"    \"path\": \"/kaggle/working/STAR_RIS_RSMA_TD3/artifacts/scenario_banks/N96_train.npz\",\n"}
,{"stream_name":"stdout","time":33.63900168,"data":"    \"checksum\": \"d0a6419f23ec4f4c92bf50bf7dd471cb839863e872a511af0d83cb03ee236d11\",\n"}
,{"stream_name":"stdout","time":33.63900665,"data":"    \"metadata\": {\n"}
,{"stream_name":"stdout","time":33.639011131,"data":"      \"split\": \"train\",\n"}
,{"stream_name":"stdout","time":33.639015721,"data":"      \"seed\": 11001,\n"}
,{"stream_name":"stdout","time":33.639020211,"data":"      \"count\": 10000,\n"}
,{"stream_name":"stdout","time":33.639024719,"data":"      \"n_users\": 4,\n"}
,{"stream_name":"stdout","time":33.639029266,"data":"      \"n_ris\": 96,\n"}
,{"stream_name":"stdout","time":33.639033827,"data":"      \"generator\": \"star_ris_rsma.physics.generate_channel/v1\"\n"}
,{"stream_name":"stdout","time":33.639038541,"data":"    }\n"}
,{"stream_name":"stdout","time":33.639054361,"data":"  },\n"}
,{"stream_name":"stdout","time":33.639057883,"data":"  \"validation\": {\n"}
,{"stream_name":"stdout","time":33.639061499,"data":"    \"path\": \"/kaggle/working/STAR_RIS_RSMA_TD3/artifacts/scenario_banks/N96_validation.npz\",\n"}
,{"stream_name":"stdout","time":33.639065407,"data":"    \"checksum\": \"135afb5ca4361e7b979798a7e97e11119084197941cac615d311d3305de3049e\",\n"}
,{"stream_name":"stdout","time":33.639069203,"data":"    \"metadata\": {\n"}
,{"stream_name":"stdout","time":33.639072775,"data":"      \"split\": \"validation\",\n"}
,{"stream_name":"stdout","time":33.639076415,"data":"      \"seed\": 22001,\n"}
,{"stream_name":"stdout","time":33.639079913,"data":"      \"count\": 1000,\n"}
,{"stream_name":"stdout","time":33.639083435,"data":"      \"n_users\": 4,\n"}
,{"stream_name":"stdout","time":33.639086918,"data":"      \"n_ris\": 96,\n"}
,{"stream_name":"stdout","time":33.639090479000004,"data":"      \"generator\": \"star_ris_rsma.physics.generate_channel/v1\"\n"}
,{"stream_name":"stdout","time":33.639094235,"data":"    }\n"}
,{"stream_name":"stdout","time":33.639097551,"data":"  },\n"}
,{"stream_name":"stdout","time":33.63910098,"data":"  \"test\": {\n"}
,{"stream_name":"stdout","time":33.639104486,"data":"    \"path\": \"/kaggle/working/STAR_RIS_RSMA_TD3/artifacts/scenario_banks/N96_test.npz\",\n"}
,{"stream_name":"stdout","time":33.63910832,"data":"    \"checksum\": \"4e84455d08cacd9f85c432f7838c3be2cb0f000b55edc3487c6dee9520cc0b63\",\n"}
,{"stream_name":"stdout","time":33.63911211,"data":"    \"metadata\": {\n"}
,{"stream_name":"stdout","time":33.639115633,"data":"      \"split\": \"test\",\n"}
,{"stream_name":"stdout","time":33.639119248,"data":"      \"seed\": 33001,\n"}
,{"stream_name":"stdout","time":33.639127535,"data":"      \"count\": 1000,\n"}
,{"stream_name":"stdout","time":33.639131036,"data":"      \"n_users\": 4,\n"}
,{"stream_name":"stdout","time":33.639134573,"data":"      \"n_ris\": 96,\n"}
,{"stream_name":"stdout","time":33.639138053,"data":"      \"generator\": \"star_ris_rsma.physics.generate_channel/v1\"\n"}
,{"stream_name":"stdout","time":33.639141786,"data":"    }\n"}
,{"stream_name":"stdout","time":33.639145103,"data":"  }\n"}
,{"stream_name":"stdout","time":33.639148503,"data":"}\n"}
,{"stream_name":"stdout","time":33.639151898,"data":"$ /usr/bin/python3 scripts/create_scenario_banks.py --config /kaggle/working/STAR_RIS_RSMA_TD3/configs/v3/constrained_action_n128.yaml --output-dir /kaggle/working/STAR_RIS_RSMA_TD3/artifacts/scenario_banks --train-count 10000 --validation-count 1000 --test-count 1000\n"}
,{"stream_name":"stdout","time":41.452003591,"data":"{\n"}
,{"stream_name":"stdout","time":41.452038808,"data":"  \"train\": {\n"}
,{"stream_name":"stdout","time":41.452045212,"data":"    \"path\": \"/kaggle/working/STAR_RIS_RSMA_TD3/artifacts/scenario_banks/N128_train.npz\",\n"}
,{"stream_name":"stdout","time":41.452050602,"data":"    \"checksum\": \"a0f0b0d1a0239987f88e5e37ca6f40a7ac1d9c87f90e44e07baf54f7d7ac7212\",\n"}
,{"stream_name":"stdout","time":41.452055312,"data":"    \"metadata\": {\n"}
,{"stream_name":"stdout","time":41.452059676,"data":"      \"split\": \"train\",\n"}
,{"stream_name":"stdout","time":41.452063917,"data":"      \"seed\": 11001,\n"}
,{"stream_name":"stdout","time":41.452068366,"data":"      \"count\": 10000,\n"}
,{"stream_name":"stdout","time":41.452072814,"data":"      \"n_users\": 4,\n"}
,{"stream_name":"stdout","time":41.452077251,"data":"      \"n_ris\": 128,\n"}
,{"stream_name":"stdout","time":41.452082398,"data":"      \"generator\": \"star_ris_rsma.physics.generate_channel/v1\"\n"}
,{"stream_name":"stdout","time":41.452095997,"data":"    }\n"}
,{"stream_name":"stdout","time":41.452100019,"data":"  },\n"}
,{"stream_name":"stdout","time":41.452103253,"data":"  \"validation\": {\n"}
,{"stream_name":"stdout","time":41.452106877,"data":"    \"path\": \"/kaggle/working/STAR_RIS_RSMA_TD3/artifacts/scenario_banks/N128_validation.npz\",\n"}
,{"stream_name":"stdout","time":41.452110761,"data":"    \"checksum\": \"3310a8420a7846e9bd1aa2685ca55ffac88587e2fcd458f6258d997d9498e319\",\n"}
,{"stream_name":"stdout","time":41.452114084,"data":"    \"metadata\": {\n"}
,{"stream_name":"stdout","time":41.452117456,"data":"      \"split\": \"validation\",\n"}
,{"stream_name":"stdout","time":41.452121338,"data":"      \"seed\": 22001,\n"}
,{"stream_name":"stdout","time":41.452125324,"data":"      \"count\": 1000,\n"}
,{"stream_name":"stdout","time":41.452128683,"data":"      \"n_users\": 4,\n"}
,{"stream_name":"stdout","time":41.452132111,"data":"      \"n_ris\": 128,\n"}
,{"stream_name":"stdout","time":41.452135919,"data":"      \"generator\": \"star_ris_rsma.physics.generate_channel/v1\"\n"}
,{"stream_name":"stdout","time":41.452139471,"data":"    }\n"}
,{"stream_name":"stdout","time":41.452142367,"data":"  },\n"}
,{"stream_name":"stdout","time":41.452145631,"data":"  \"test\": {\n"}
,{"stream_name":"stdout","time":41.452148799,"data":"    \"path\": \"/kaggle/working/STAR_RIS_RSMA_TD3/artifacts/scenario_banks/N128_test.npz\",\n"}
,{"stream_name":"stdout","time":41.452152087,"data":"    \"checksum\": \"f4c80269e5fb3cf553900b2e82f235af875b7c2e33b4ff71ec5d85cc25eb2b4e\",\n"}
,{"stream_name":"stdout","time":41.452155596,"data":"    \"metadata\": {\n"}
,{"stream_name":"stdout","time":41.452158831,"data":"      \"split\": \"test\",\n"}
,{"stream_name":"stdout","time":41.452162127,"data":"      \"seed\": 33001,\n"}
,{"stream_name":"stdout","time":41.452165519,"data":"      \"count\": 1000,\n"}
,{"stream_name":"stdout","time":41.452168691,"data":"      \"n_users\": 4,\n"}
,{"stream_name":"stdout","time":41.452172101,"data":"      \"n_ris\": 128,\n"}
,{"stream_name":"stdout","time":41.452176028,"data":"      \"generator\": \"star_ris_rsma.physics.generate_channel/v1\"\n"}
,{"stream_name":"stdout","time":41.452179764,"data":"    }\n"}
,{"stream_name":"stdout","time":41.452183807,"data":"  }\n"}
,{"stream_name":"stdout","time":41.452187174,"data":"}\n"}
,{"stream_name":"stdout","time":41.622090905,"data":"$ /usr/bin/python3 scripts/run_solver.py --method ao_sca --config /kaggle/working/STAR_RIS_RSMA_TD3/configs/v3/constrained_action_n16.yaml --bank /kaggle/working/STAR_RIS_RSMA_TD3/artifacts/scenario_banks/N16_test.npz --seed 10000 --start 250 --count 250 --output /kaggle/working/thesis_ao_sca/traditional_outputs/ao_sca/N16/part_250_250.csv\n"}
,{"stream_name":"stdout","time":41.622117919,"data":"$ /usr/bin/python3 scripts/run_solver.py --method ao_sca --config /kaggle/working/STAR_RIS_RSMA_TD3/configs/v3/constrained_action_n16.yaml --bank /kaggle/working/STAR_RIS_RSMA_TD3/artifacts/scenario_banks/N16_test.npz --seed 10000 --start 500 --count 250 --output /kaggle/working/thesis_ao_sca/traditional_outputs/ao_sca/N16/part_500_250.csv\n"}
,{"stream_name":"stdout","time":41.622142956,"data":"$ /usr/bin/python3 scripts/run_solver.py --method ao_sca --config /kaggle/working/STAR_RIS_RSMA_TD3/configs/v3/constrained_action_n16.yaml --bank /kaggle/working/STAR_RIS_RSMA_TD3/artifacts/scenario_banks/N16_test.npz --seed 10000 --start 750 --count 250 --output /kaggle/working/thesis_ao_sca/traditional_outputs/ao_sca/N16/part_750_250.csv\n"}
,{"stream_name":"stdout","time":41.622149205,"data":"$ /usr/bin/python3 scripts/run_solver.py --method ao_sca --config /kaggle/working/STAR_RIS_RSMA_TD3/configs/v3/constrained_action_n16.yaml --bank /kaggle/working/STAR_RIS_RSMA_TD3/artifacts/scenario_banks/N16_test.npz --seed 10000 --start 0 --count 250 --output /kaggle/working/thesis_ao_sca/traditional_outputs/ao_sca/N16/part_0_250.csv\n"}
,{"stream_name":"stdout","time":274.169448586,"data":"$ /usr/bin/python3 scripts/run_solver.py --method ao_sca --config /kaggle/working/STAR_RIS_RSMA_TD3/configs/v3/constrained_action_n32.yaml --bank /kaggle/working/STAR_RIS_RSMA_TD3/artifacts/scenario_banks/N32_test.npz --seed 10000 --start 0 --count 250 --output /kaggle/working/thesis_ao_sca/traditional_outputs/ao_sca/N32/part_0_250.csv\n"}
,{"stream_name":"stdout","time":277.208070815,"data":"$ /usr/bin/python3 scripts/run_solver.py --method ao_sca --config /kaggle/working/STAR_RIS_RSMA_TD3/configs/v3/constrained_action_n32.yaml --bank /kaggle/working/STAR_RIS_RSMA_TD3/artifacts/scenario_banks/N32_test.npz --seed 10000 --start 250 --count 250 --output /kaggle/working/thesis_ao_sca/traditional_outputs/ao_sca/N32/part_250_250.csv\n"}
,{"stream_name":"stdout","time":278.086570765,"data":"$ /usr/bin/python3 scripts/run_solver.py --method ao_sca --config /kaggle/working/STAR_RIS_RSMA_TD3/configs/v3/constrained_action_n32.yaml --bank /kaggle/working/STAR_RIS_RSMA_TD3/artifacts/scenario_banks/N32_test.npz --seed 10000 --start 500 --count 250 --output /kaggle/working/thesis_ao_sca/traditional_outputs/ao_sca/N32/part_500_250.csv\n"}
,{"stream_name":"stdout","time":281.700689244,"data":"$ /usr/bin/python3 scripts/run_solver.py --method ao_sca --config /kaggle/working/STAR_RIS_RSMA_TD3/configs/v3/constrained_action_n32.yaml --bank /kaggle/working/STAR_RIS_RSMA_TD3/artifacts/scenario_banks/N32_test.npz --seed 10000 --start 750 --count 250 --output /kaggle/working/thesis_ao_sca/traditional_outputs/ao_sca/N32/part_750_250.csv\n"}
,{"stream_name":"stdout","time":667.350836381,"data":"$ /usr/bin/python3 scripts/run_solver.py --method ao_sca --config /kaggle/working/STAR_RIS_RSMA_TD3/configs/v3/constrained_action_n64.yaml --bank /kaggle/working/STAR_RIS_RSMA_TD3/artifacts/scenario_banks/N64_test.npz --seed 10000 --start 0 --count 250 --output /kaggle/working/thesis_ao_sca/traditional_outputs/ao_sca/N64/part_0_250.csv\n"}
,{"stream_name":"stdout","time":672.335095028,"data":"$ /usr/bin/python3 scripts/run_solver.py --method ao_sca --config /kaggle/working/STAR_RIS_RSMA_TD3/configs/v3/constrained_action_n64.yaml --bank /kaggle/working/STAR_RIS_RSMA_TD3/artifacts/scenario_banks/N64_test.npz --seed 10000 --start 250 --count 250 --output /kaggle/working/thesis_ao_sca/traditional_outputs/ao_sca/N64/part_250_250.csv\n"}
,{"stream_name":"stdout","time":679.794632371,"data":"$ /usr/bin/python3 scripts/run_solver.py --method ao_sca --config /kaggle/working/STAR_RIS_RSMA_TD3/configs/v3/constrained_action_n64.yaml --bank /kaggle/working/STAR_RIS_RSMA_TD3/artifacts/scenario_banks/N64_test.npz --seed 10000 --start 500 --count 250 --output /kaggle/working/thesis_ao_sca/traditional_outputs/ao_sca/N64/part_500_250.csv\n"}
,{"stream_name":"stdout","time":694.823668874,"data":"$ /usr/bin/python3 scripts/run_solver.py --method ao_sca --config /kaggle/working/STAR_RIS_RSMA_TD3/configs/v3/constrained_action_n64.yaml --bank /kaggle/working/STAR_RIS_RSMA_TD3/artifacts/scenario_banks/N64_test.npz --seed 10000 --start 750 --count 250 --output /kaggle/working/thesis_ao_sca/traditional_outputs/ao_sca/N64/part_750_250.csv\n"}
,{"stream_name":"stdout","time":1342.712494824,"data":"$ /usr/bin/python3 scripts/run_solver.py --method ao_sca --config /kaggle/working/STAR_RIS_RSMA_TD3/configs/v3/constrained_action_n96.yaml --bank /kaggle/working/STAR_RIS_RSMA_TD3/artifacts/scenario_banks/N96_test.npz --seed 10000 --start 0 --count 250 --output /kaggle/working/thesis_ao_sca/traditional_outputs/ao_sca/N96/part_0_250.csv\n"}
,{"stream_name":"stdout","time":1349.414658643,"data":"$ /usr/bin/python3 scripts/run_solver.py --method ao_sca --config /kaggle/working/STAR_RIS_RSMA_TD3/configs/v3/constrained_action_n96.yaml --bank /kaggle/working/STAR_RIS_RSMA_TD3/artifacts/scenario_banks/N96_test.npz --seed 10000 --start 250 --count 250 --output /kaggle/working/thesis_ao_sca/traditional_outputs/ao_sca/N96/part_250_250.csv\n"}
,{"stream_name":"stdout","time":1351.149202361,"data":"$ /usr/bin/python3 scripts/run_solver.py --method ao_sca --config /kaggle/working/STAR_RIS_RSMA_TD3/configs/v3/constrained_action_n96.yaml --bank /kaggle/working/STAR_RIS_RSMA_TD3/artifacts/scenario_banks/N96_test.npz --seed 10000 --start 500 --count 250 --output /kaggle/working/thesis_ao_sca/traditional_outputs/ao_sca/N96/part_500_250.csv\n"}
,{"stream_name":"stdout","time":1351.149247746,"data":"$ /usr/bin/python3 scripts/run_solver.py --method ao_sca --config /kaggle/working/STAR_RIS_RSMA_TD3/configs/v3/constrained_action_n96.yaml --bank /kaggle/working/STAR_RIS_RSMA_TD3/artifacts/scenario_banks/N96_test.npz --seed 10000 --start 750 --count 250 --output /kaggle/working/thesis_ao_sca/traditional_outputs/ao_sca/N96/part_750_250.csv\n"}
,{"stream_name":"stdout","time":2249.76282968,"data":"$ /usr/bin/python3 scripts/run_solver.py --method ao_sca --config /kaggle/working/STAR_RIS_RSMA_TD3/configs/v3/constrained_action_n128.yaml --bank /kaggle/working/STAR_RIS_RSMA_TD3/artifacts/scenario_banks/N128_test.npz --seed 10000 --start 0 --count 250 --output /kaggle/working/thesis_ao_sca/traditional_outputs/ao_sca/N128/part_0_250.csv\n"}
,{"stream_name":"stdout","time":2278.176806127,"data":"$ /usr/bin/python3 scripts/run_solver.py --method ao_sca --config /kaggle/working/STAR_RIS_RSMA_TD3/configs/v3/constrained_action_n128.yaml --bank /kaggle/working/STAR_RIS_RSMA_TD3/artifacts/scenario_banks/N128_test.npz --seed 10000 --start 250 --count 250 --output /kaggle/working/thesis_ao_sca/traditional_outputs/ao_sca/N128/part_250_250.csv\n"}
,{"stream_name":"stdout","time":2295.42383707,"data":"$ /usr/bin/python3 scripts/run_solver.py --method ao_sca --config /kaggle/working/STAR_RIS_RSMA_TD3/configs/v3/constrained_action_n128.yaml --bank /kaggle/working/STAR_RIS_RSMA_TD3/artifacts/scenario_banks/N128_test.npz --seed 10000 --start 500 --count 250 --output /kaggle/working/thesis_ao_sca/traditional_outputs/ao_sca/N128/part_500_250.csv\n"}
,{"stream_name":"stdout","time":2309.105718115,"data":"$ /usr/bin/python3 scripts/run_solver.py --method ao_sca --config /kaggle/working/STAR_RIS_RSMA_TD3/configs/v3/constrained_action_n128.yaml --bank /kaggle/working/STAR_RIS_RSMA_TD3/artifacts/scenario_banks/N128_test.npz --seed 10000 --start 750 --count 250 --output /kaggle/working/thesis_ao_sca/traditional_outputs/ao_sca/N128/part_750_250.csv\n"}
,{"stream_name":"stdout","time":3473.37748548,"data":"Stage output: /kaggle/working/thesis_ao_sca\n"}
,{"stream_name":"stderr","time":3476.251864444,"data":"/usr/local/lib/python3.12/dist-packages/mistune.py:435: SyntaxWarning: invalid escape sequence '\\|'\n"}
,{"stream_name":"stderr","time":3476.251911441,"data":"  cells[i][c] = re.sub('\\\\\\\\\\|', '|', cell)\n"}
,{"stream_name":"stderr","time":3476.419434267,"data":"/usr/local/lib/python3.12/dist-packages/nbconvert/filters/filter_links.py:36: SyntaxWarning: invalid escape sequence '\\_'\n"}
,{"stream_name":"stderr","time":3476.419459538,"data":"  text = re.sub(r'_', '\\_', text) # Escape underscores in display text\n"}
,{"stream_name":"stderr","time":3477.043853579,"data":"[NbConvertApp] Converting notebook __notebook__.ipynb to notebook\n"}
,{"stream_name":"stderr","time":3477.346956992,"data":"[NbConvertApp] Writing 48410 bytes to __notebook__.ipynb\n"}
,{"stream_name":"stderr","time":3479.620961399,"data":"[NbConvertApp] Converting notebook __notebook__.ipynb to html\n"}
,{"stream_name":"stderr","time":3480.45529739,"data":"[NbConvertApp] Writing 361167 bytes to __results__.html\n"}
]