[{"stream_name":"stderr","time":6.945412768,"data":"0.00s - Debugger warning: It seems that frozen modules are being used, which may\n"}
,{"stream_name":"stderr","time":6.9454908490000005,"data":"0.00s - make the debugger miss breakpoints. Please pass -Xfrozen_modules=off\n"}
,{"stream_name":"stderr","time":6.945495217,"data":"0.00s - to python to disable frozen modules.\n"}
,{"stream_name":"stderr","time":6.945497985,"data":"0.00s - Note: Debugging will proceed. Set PYDEVD_DISABLE_FILE_VALIDATION=1 to disable this validation.\n"}
,{"stream_name":"stderr","time":7.5363952659999995,"data":"0.00s - Debugger warning: It seems that frozen modules are being used, which may\n"}
,{"stream_name":"stderr","time":7.536424831,"data":"0.00s - make the debugger miss breakpoints. Please pass -Xfrozen_modules=off\n"}
,{"stream_name":"stderr","time":7.5364325260000005,"data":"0.00s - to python to disable frozen modules.\n"}
,{"stream_name":"stderr","time":7.53643518,"data":"0.00s - Note: Debugging will proceed. Set PYDEVD_DISABLE_FILE_VALIDATION=1 to disable this validation.\n"}
,{"stream_name":"stdout","time":9.671074914,"data":"$ git clone --filter=blob:none --branch agent/td3-qos-scalability-v2 https://github.com/Juliolayme/STAR_RIS_RSMA_TD3.git /kaggle/working/STAR_RIS_RSMA_TD3\n"}
,{"stream_name":"stdout","time":9.671125317,"data":"Cloning into '/kaggle/working/STAR_RIS_RSMA_TD3'...\n"}
,{"stream_name":"stdout","time":10.335798901,"data":"$ git checkout --detach 89c39da461523a7f5911a302cb9415aeaa5824ce\n"}
,{"stream_name":"stdout","time":10.335833689,"data":"HEAD is now at 89c39da Remove temporary latency CI diagnostic workflow\n"}
,{"stream_name":"stdout","time":10.335838688,"data":"$ /usr/bin/python3 -m pip install -q --no-build-isolation -e /kaggle/working/STAR_RIS_RSMA_TD3 tabulate\n"}
,{"stream_name":"stdout","time":17.802815511,"data":"Repository commit: 89c39da461523a7f5911a302cb9415aeaa5824ce\n"}
,{"stream_name":"stdout","time":17.802846564,"data":"$ /usr/bin/python3 scripts/create_scenario_banks.py --config /kaggle/working/STAR_RIS_RSMA_TD3/configs/v3/constrained_action_n16.yaml --output-dir /kaggle/working/STAR_RIS_RSMA_TD3/artifacts/scenario_banks --train-count 10000 --validation-count 1000 --test-count 1000\n"}
,{"stream_name":"stdout","time":19.436173538,"data":"{\n"}
,{"stream_name":"stdout","time":19.436203365,"data":"  \"train\": {\n"}
,{"stream_name":"stdout","time":19.436209018,"data":"    \"path\": \"/kaggle/working/STAR_RIS_RSMA_TD3/artifacts/scenario_banks/N16_train.npz\",\n"}
,{"stream_name":"stdout","time":19.436213327,"data":"    \"checksum\": \"b51439f19a262ead64d5beab9d5c0b59986d905a5dbf8cfec27b0e2a89d28934\",\n"}
,{"stream_name":"stdout","time":19.436217369,"data":"    \"metadata\": {\n"}
,{"stream_name":"stdout","time":19.436221053,"data":"      \"split\": \"train\",\n"}
,{"stream_name":"stdout","time":19.436224753,"data":"      \"seed\": 11001,\n"}
,{"stream_name":"stdout","time":19.436228122,"data":"      \"count\": 10000,\n"}
,{"stream_name":"stdout","time":19.436231478,"data":"      \"n_users\": 4,\n"}
,{"stream_name":"stdout","time":19.436234788,"data":"      \"n_ris\": 16,\n"}
,{"stream_name":"stdout","time":19.436238179,"data":"      \"generator\": \"star_ris_rsma.physics.generate_channel/v1\"\n"}
,{"stream_name":"stdout","time":19.436241742,"data":"    }\n"}
,{"stream_name":"stdout","time":19.436245119,"data":"  },\n"}
,{"stream_name":"stdout","time":19.436248364,"data":"  \"validation\": {\n"}
,{"stream_name":"stdout","time":19.436251782,"data":"    \"path\": \"/kaggle/working/STAR_RIS_RSMA_TD3/artifacts/scenario_banks/N16_validation.npz\",\n"}
,{"stream_name":"stdout","time":19.436255441,"data":"    \"checksum\": \"ff3bb90b6af684e3b9176db101992400a2cbae2c9bc3359761ba4889db40a1d9\",\n"}
,{"stream_name":"stdout","time":19.436272449,"data":"    \"metadata\": {\n"}
,{"stream_name":"stdout","time":19.436276386,"data":"      \"split\": \"validation\",\n"}
,{"stream_name":"stdout","time":19.436280256,"data":"      \"seed\": 22001,\n"}
,{"stream_name":"stdout","time":19.436284174,"data":"      \"count\": 1000,\n"}
,{"stream_name":"stdout","time":19.436288288,"data":"      \"n_users\": 4,\n"}
,{"stream_name":"stdout","time":19.436292161,"data":"      \"n_ris\": 16,\n"}
,{"stream_name":"stdout","time":19.436295563,"data":"      \"generator\": \"star_ris_rsma.physics.generate_channel/v1\"\n"}
,{"stream_name":"stdout","time":19.436299103,"data":"    }\n"}
,{"stream_name":"stdout","time":19.436302316,"data":"  },\n"}
,{"stream_name":"stdout","time":19.436305495,"data":"  \"test\": {\n"}
,{"stream_name":"stdout","time":19.436308861,"data":"    \"path\": \"/kaggle/working/STAR_RIS_RSMA_TD3/artifacts/scenario_banks/N16_test.npz\",\n"}
,{"stream_name":"stdout","time":19.436312499,"data":"    \"checksum\": \"ee98d51d23f2f29facb379bf4250dad3e33d568085dfd332a582372e84151ce7\",\n"}
,{"stream_name":"stdout","time":19.436316109,"data":"    \"metadata\": {\n"}
,{"stream_name":"stdout","time":19.436319444,"data":"      \"split\": \"test\",\n"}
,{"stream_name":"stdout","time":19.436322855,"data":"      \"seed\": 33001,\n"}
,{"stream_name":"stdout","time":19.436326174,"data":"      \"count\": 1000,\n"}
,{"stream_name":"stdout","time":19.436329506,"data":"      \"n_users\": 4,\n"}
,{"stream_name":"stdout","time":19.436333103,"data":"      \"n_ris\": 16,\n"}
,{"stream_name":"stdout","time":19.436336483,"data":"      \"generator\": \"star_ris_rsma.physics.generate_channel/v1\"\n"}
,{"stream_name":"stdout","time":19.436340019,"data":"    }\n"}
,{"stream_name":"stdout","time":19.436343231,"data":"  }\n"}
,{"stream_name":"stdout","time":19.436352876,"data":"}\n"}
,{"stream_name":"stdout","time":19.436356288,"data":"$ /usr/bin/python3 scripts/create_scenario_banks.py --config /kaggle/working/STAR_RIS_RSMA_TD3/configs/v3/constrained_action_n32.yaml --output-dir /kaggle/working/STAR_RIS_RSMA_TD3/artifacts/scenario_banks --train-count 10000 --validation-count 1000 --test-count 1000\n"}
,{"stream_name":"stdout","time":21.986098598,"data":"{\n"}
,{"stream_name":"stdout","time":21.986138845,"data":"  \"train\": {\n"}
,{"stream_name":"stdout","time":21.986145898,"data":"    \"path\": \"/kaggle/working/STAR_RIS_RSMA_TD3/artifacts/scenario_banks/N32_train.npz\",\n"}
,{"stream_name":"stdout","time":21.986151622,"data":"    \"checksum\": \"644567748ca3bf6d519ae7b74b7812aa5a57f33b77786c27972ac7f78ac30ea5\",\n"}
,{"stream_name":"stdout","time":21.986156926,"data":"    \"metadata\": {\n"}
,{"stream_name":"stdout","time":21.986162117,"data":"      \"split\": \"train\",\n"}
,{"stream_name":"stdout","time":21.986167227,"data":"      \"seed\": 11001,\n"}
,{"stream_name":"stdout","time":21.986172221,"data":"      \"count\": 10000,\n"}
,{"stream_name":"stdout","time":21.986177152,"data":"      \"n_users\": 4,\n"}
,{"stream_name":"stdout","time":21.986182168,"data":"      \"n_ris\": 32,\n"}
,{"stream_name":"stdout","time":21.986187138,"data":"      \"generator\": \"star_ris_rsma.physics.generate_channel/v1\"\n"}
,{"stream_name":"stdout","time":21.986192393,"data":"    }\n"}
,{"stream_name":"stdout","time":21.986197109,"data":"  },\n"}
,{"stream_name":"stdout","time":21.986201987,"data":"  \"validation\": {\n"}
,{"stream_name":"stdout","time":21.986206885,"data":"    \"path\": \"/kaggle/working/STAR_RIS_RSMA_TD3/artifacts/scenario_banks/N32_validation.npz\",\n"}
,{"stream_name":"stdout","time":21.98622278,"data":"    \"checksum\": \"5f273747e249ffb92ad14c707fb44da44b02d2e59d07ebc5e051d1d2bba58733\",\n"}
,{"stream_name":"stdout","time":21.986227185,"data":"    \"metadata\": {\n"}
,{"stream_name":"stdout","time":21.98623088,"data":"      \"split\": \"validation\",\n"}
,{"stream_name":"stdout","time":21.986235227,"data":"      \"seed\": 22001,\n"}
,{"stream_name":"stdout","time":21.986244738,"data":"      \"count\": 1000,\n"}
,{"stream_name":"stdout","time":21.986248496,"data":"      \"n_users\": 4,\n"}
,{"stream_name":"stdout","time":21.986252312,"data":"      \"n_ris\": 32,\n"}
,{"stream_name":"stdout","time":21.986256229,"data":"      \"generator\": \"star_ris_rsma.physics.generate_channel/v1\"\n"}
,{"stream_name":"stdout","time":21.986259978,"data":"    }\n"}
,{"stream_name":"stdout","time":21.986263172,"data":"  },\n"}
,{"stream_name":"stdout","time":21.98626658,"data":"  \"test\": {\n"}
,{"stream_name":"stdout","time":21.9862701,"data":"    \"path\": \"/kaggle/working/STAR_RIS_RSMA_TD3/artifacts/scenario_banks/N32_test.npz\",\n"}
,{"stream_name":"stdout","time":21.986274526,"data":"    \"checksum\": \"6ec54735c1c2c35cd253d9d3d23295783293b6d64c65204dfcab16b2d59ebbef\",\n"}
,{"stream_name":"stdout","time":21.986279212,"data":"    \"metadata\": {\n"}
,{"stream_name":"stdout","time":21.986283672,"data":"      \"split\": \"test\",\n"}
,{"stream_name":"stdout","time":21.986288194,"data":"      \"seed\": 33001,\n"}
,{"stream_name":"stdout","time":21.986292484,"data":"      \"count\": 1000,\n"}
,{"stream_name":"stdout","time":21.986296554,"data":"      \"n_users\": 4,\n"}
,{"stream_name":"stdout","time":21.986300587,"data":"      \"n_ris\": 32,\n"}
,{"stream_name":"stdout","time":21.986304958,"data":"      \"generator\": \"star_ris_rsma.physics.generate_channel/v1\"\n"}
,{"stream_name":"stdout","time":21.986309317,"data":"    }\n"}
,{"stream_name":"stdout","time":21.986313258,"data":"  }\n"}
,{"stream_name":"stdout","time":21.986317396,"data":"}\n"}
,{"stream_name":"stdout","time":21.986323108,"data":"$ /usr/bin/python3 scripts/create_scenario_banks.py --config /kaggle/working/STAR_RIS_RSMA_TD3/configs/v3/constrained_action_n64.yaml --output-dir /kaggle/working/STAR_RIS_RSMA_TD3/artifacts/scenario_banks --train-count 10000 --validation-count 1000 --test-count 1000\n"}
,{"stream_name":"stdout","time":26.459040937,"data":"{\n"}
,{"stream_name":"stdout","time":26.459072989,"data":"  \"train\": {\n"}
,{"stream_name":"stdout","time":26.459077852,"data":"    \"path\": \"/kaggle/working/STAR_RIS_RSMA_TD3/artifacts/scenario_banks/N64_train.npz\",\n"}
,{"stream_name":"stdout","time":26.459082542,"data":"    \"checksum\": \"f1bd39b659fe342179a1822520d8548fc7ad31818fdf6454e9dd6f6c55ea035d\",\n"}
,{"stream_name":"stdout","time":26.459087164,"data":"    \"metadata\": {\n"}
,{"stream_name":"stdout","time":26.459091248,"data":"      \"split\": \"train\",\n"}
,{"stream_name":"stdout","time":26.459095042,"data":"      \"seed\": 11001,\n"}
,{"stream_name":"stdout","time":26.459098608,"data":"      \"count\": 10000,\n"}
,{"stream_name":"stdout","time":26.459102701,"data":"      \"n_users\": 4,\n"}
,{"stream_name":"stdout","time":26.459106471,"data":"      \"n_ris\": 64,\n"}
,{"stream_name":"stdout","time":26.459110064,"data":"      \"generator\": \"star_ris_rsma.physics.generate_channel/v1\"\n"}
,{"stream_name":"stdout","time":26.459113735,"data":"    }\n"}
,{"stream_name":"stdout","time":26.4591169,"data":"  },\n"}
,{"stream_name":"stdout","time":26.459120189,"data":"  \"validation\": {\n"}
,{"stream_name":"stdout","time":26.459145506,"data":"    \"path\": \"/kaggle/working/STAR_RIS_RSMA_TD3/artifacts/scenario_banks/N64_validation.npz\",\n"}
,{"stream_name":"stdout","time":26.459149302,"data":"    \"checksum\": \"c2d7d0f7f13235ab59dc57de1d740fafa6478103732d384f976eb691a92ba1ac\",\n"}
,{"stream_name":"stdout","time":26.459152979,"data":"    \"metadata\": {\n"}
,{"stream_name":"stdout","time":26.459156343,"data":"      \"split\": \"validation\",\n"}
,{"stream_name":"stdout","time":26.459160118,"data":"      \"seed\": 22001,\n"}
,{"stream_name":"stdout","time":26.459164029,"data":"      \"count\": 1000,\n"}
,{"stream_name":"stdout","time":26.459167971,"data":"      \"n_users\": 4,\n"}
,{"stream_name":"stdout","time":26.459171891,"data":"      \"n_ris\": 64,\n"}
,{"stream_name":"stdout","time":26.459175946,"data":"      \"generator\": \"star_ris_rsma.physics.generate_channel/v1\"\n"}
,{"stream_name":"stdout","time":26.459179979,"data":"    }\n"}
,{"stream_name":"stdout","time":26.459183609,"data":"  },\n"}
,{"stream_name":"stdout","time":26.459186826,"data":"  \"test\": {\n"}
,{"stream_name":"stdout","time":26.459190147,"data":"    \"path\": \"/kaggle/working/STAR_RIS_RSMA_TD3/artifacts/scenario_banks/N64_test.npz\",\n"}
,{"stream_name":"stdout","time":26.459193829,"data":"    \"checksum\": \"ae41070d268d283dcc283b0aaf9b960eae1f4ddd22d423577b272c18802a3aae\",\n"}
,{"stream_name":"stdout","time":26.459197424,"data":"    \"metadata\": {\n"}
,{"stream_name":"stdout","time":26.459200826,"data":"      \"split\": \"test\",\n"}
,{"stream_name":"stdout","time":26.459204182,"data":"      \"seed\": 33001,\n"}
,{"stream_name":"stdout","time":26.459207485,"data":"      \"count\": 1000,\n"}
,{"stream_name":"stdout","time":26.459210781,"data":"      \"n_users\": 4,\n"}
,{"stream_name":"stdout","time":26.459214123,"data":"      \"n_ris\": 64,\n"}
,{"stream_name":"stdout","time":26.459217431,"data":"      \"generator\": \"star_ris_rsma.physics.generate_channel/v1\"\n"}
,{"stream_name":"stdout","time":26.459220884,"data":"    }\n"}
,{"stream_name":"stdout","time":26.459224039,"data":"  }\n"}
,{"stream_name":"stdout","time":26.459227233,"data":"}\n"}
,{"stream_name":"stdout","time":26.459230914,"data":"$ /usr/bin/python3 scripts/create_scenario_banks.py --config /kaggle/working/STAR_RIS_RSMA_TD3/configs/v3/constrained_action_n96.yaml --output-dir /kaggle/working/STAR_RIS_RSMA_TD3/artifacts/scenario_banks --train-count 10000 --validation-count 1000 --test-count 1000\n"}
,{"stream_name":"stdout","time":32.540751374,"data":"{\n"}
,{"stream_name":"stdout","time":32.540784895,"data":"  \"train\": {\n"}
,{"stream_name":"stdout","time":32.54079045,"data":"    \"path\": \"/kaggle/working/STAR_RIS_RSMA_TD3/artifacts/scenario_banks/N96_train.npz\",\n"}
,{"stream_name":"stdout","time":32.540795288,"data":"    \"checksum\": \"d0a6419f23ec4f4c92bf50bf7dd471cb839863e872a511af0d83cb03ee236d11\",\n"}
,{"stream_name":"stdout","time":32.540800109,"data":"    \"metadata\": {\n"}
,{"stream_name":"stdout","time":32.540804746,"data":"      \"split\": \"train\",\n"}
,{"stream_name":"stdout","time":32.54080944,"data":"      \"seed\": 11001,\n"}
,{"stream_name":"stdout","time":32.540813763,"data":"      \"count\": 10000,\n"}
,{"stream_name":"stdout","time":32.540818075,"data":"      \"n_users\": 4,\n"}
,{"stream_name":"stdout","time":32.540822362,"data":"      \"n_ris\": 96,\n"}
,{"stream_name":"stdout","time":32.540826663,"data":"      \"generator\": \"star_ris_rsma.physics.generate_channel/v1\"\n"}
,{"stream_name":"stdout","time":32.540831382,"data":"    }\n"}
,{"stream_name":"stdout","time":32.540848082,"data":"  },\n"}
,{"stream_name":"stdout","time":32.540852502,"data":"  \"validation\": {\n"}
,{"stream_name":"stdout","time":32.540856352,"data":"    \"path\": \"/kaggle/working/STAR_RIS_RSMA_TD3/artifacts/scenario_banks/N96_validation.npz\",\n"}
,{"stream_name":"stdout","time":32.540860249,"data":"    \"checksum\": \"135afb5ca4361e7b979798a7e97e11119084197941cac615d311d3305de3049e\",\n"}
,{"stream_name":"stdout","time":32.540863866,"data":"    \"metadata\": {\n"}
,{"stream_name":"stdout","time":32.540867167,"data":"      \"split\": \"validation\",\n"}
,{"stream_name":"stdout","time":32.540870623,"data":"      \"seed\": 22001,\n"}
,{"stream_name":"stdout","time":32.540873959,"data":"      \"count\": 1000,\n"}
,{"stream_name":"stdout","time":32.540877305,"data":"      \"n_users\": 4,\n"}
,{"stream_name":"stdout","time":32.540880664,"data":"      \"n_ris\": 96,\n"}
,{"stream_name":"stdout","time":32.540884034,"data":"      \"generator\": \"star_ris_rsma.physics.generate_channel/v1\"\n"}
,{"stream_name":"stdout","time":32.540887599,"data":"    }\n"}
,{"stream_name":"stdout","time":32.54089083,"data":"  },\n"}
,{"stream_name":"stdout","time":32.540894025,"data":"  \"test\": {\n"}
,{"stream_name":"stdout","time":32.540897379,"data":"    \"path\": \"/kaggle/working/STAR_RIS_RSMA_TD3/artifacts/scenario_banks/N96_test.npz\",\n"}
,{"stream_name":"stdout","time":32.540901012,"data":"    \"checksum\": \"4e84455d08cacd9f85c432f7838c3be2cb0f000b55edc3487c6dee9520cc0b63\",\n"}
,{"stream_name":"stdout","time":32.540904653,"data":"    \"metadata\": {\n"}
,{"stream_name":"stdout","time":32.540908029,"data":"      \"split\": \"test\",\n"}
,{"stream_name":"stdout","time":32.54091147,"data":"      \"seed\": 33001,\n"}
,{"stream_name":"stdout","time":32.540914727,"data":"      \"count\": 1000,\n"}
,{"stream_name":"stdout","time":32.540918532,"data":"      \"n_users\": 4,\n"}
,{"stream_name":"stdout","time":32.540922244,"data":"      \"n_ris\": 96,\n"}
,{"stream_name":"stdout","time":32.540926167,"data":"      \"generator\": \"star_ris_rsma.physics.generate_channel/v1\"\n"}
,{"stream_name":"stdout","time":32.540930469,"data":"    }\n"}
,{"stream_name":"stdout","time":32.540934287,"data":"  }\n"}
,{"stream_name":"stdout","time":32.540937742,"data":"}\n"}
,{"stream_name":"stdout","time":32.540941305,"data":"$ /usr/bin/python3 scripts/create_scenario_banks.py --config /kaggle/working/STAR_RIS_RSMA_TD3/configs/v3/constrained_action_n128.yaml --output-dir /kaggle/working/STAR_RIS_RSMA_TD3/artifacts/scenario_banks --train-count 10000 --validation-count 1000 --test-count 1000\n"}
,{"stream_name":"stdout","time":40.189012588,"data":"{\n"}
,{"stream_name":"stdout","time":40.189054472,"data":"  \"train\": {\n"}
,{"stream_name":"stdout","time":40.18906152,"data":"    \"path\": \"/kaggle/working/STAR_RIS_RSMA_TD3/artifacts/scenario_banks/N128_train.npz\",\n"}
,{"stream_name":"stdout","time":40.189070702,"data":"    \"checksum\": \"a0f0b0d1a0239987f88e5e37ca6f40a7ac1d9c87f90e44e07baf54f7d7ac7212\",\n"}
,{"stream_name":"stdout","time":40.18907441,"data":"    \"metadata\": {\n"}
,{"stream_name":"stdout","time":40.189077903,"data":"      \"split\": \"train\",\n"}
,{"stream_name":"stdout","time":40.189081253,"data":"      \"seed\": 11001,\n"}
,{"stream_name":"stdout","time":40.189084501,"data":"      \"count\": 10000,\n"}
,{"stream_name":"stdout","time":40.189093345,"data":"      \"n_users\": 4,\n"}
,{"stream_name":"stdout","time":40.189096704,"data":"      \"n_ris\": 128,\n"}
,{"stream_name":"stdout","time":40.189099926,"data":"      \"generator\": \"star_ris_rsma.physics.generate_channel/v1\"\n"}
,{"stream_name":"stdout","time":40.18911337,"data":"    }\n"}
,{"stream_name":"stdout","time":40.189115946,"data":"  },\n"}
,{"stream_name":"stdout","time":40.189118317,"data":"  \"validation\": {\n"}
,{"stream_name":"stdout","time":40.189120814,"data":"    \"path\": \"/kaggle/working/STAR_RIS_RSMA_TD3/artifacts/scenario_banks/N128_validation.npz\",\n"}
,{"stream_name":"stdout","time":40.189123482,"data":"    \"checksum\": \"3310a8420a7846e9bd1aa2685ca55ffac88587e2fcd458f6258d997d9498e319\",\n"}
,{"stream_name":"stdout","time":40.189126027,"data":"    \"metadata\": {\n"}
,{"stream_name":"stdout","time":40.189128401,"data":"      \"split\": \"validation\",\n"}
,{"stream_name":"stdout","time":40.189130838,"data":"      \"seed\": 22001,\n"}
,{"stream_name":"stdout","time":40.189133356,"data":"      \"count\": 1000,\n"}
,{"stream_name":"stdout","time":40.189135724,"data":"      \"n_users\": 4,\n"}
,{"stream_name":"stdout","time":40.189138124,"data":"      \"n_ris\": 128,\n"}
,{"stream_name":"stdout","time":40.189140508,"data":"      \"generator\": \"star_ris_rsma.physics.generate_channel/v1\"\n"}
,{"stream_name":"stdout","time":40.189143104,"data":"    }\n"}
,{"stream_name":"stdout","time":40.189145674,"data":"  },\n"}
,{"stream_name":"stdout","time":40.18914819,"data":"  \"test\": {\n"}
,{"stream_name":"stdout","time":40.189150581,"data":"    \"path\": \"/kaggle/working/STAR_RIS_RSMA_TD3/artifacts/scenario_banks/N128_test.npz\",\n"}
,{"stream_name":"stdout","time":40.189153186,"data":"    \"checksum\": \"f4c80269e5fb3cf553900b2e82f235af875b7c2e33b4ff71ec5d85cc25eb2b4e\",\n"}
,{"stream_name":"stdout","time":40.189155704,"data":"    \"metadata\": {\n"}
,{"stream_name":"stdout","time":40.189158056,"data":"      \"split\": \"test\",\n"}
,{"stream_name":"stdout","time":40.189160454,"data":"      \"seed\": 33001,\n"}
,{"stream_name":"stdout","time":40.189163228,"data":"      \"count\": 1000,\n"}
,{"stream_name":"stdout","time":40.18916566,"data":"      \"n_users\": 4,\n"}
,{"stream_name":"stdout","time":40.189168019,"data":"      \"n_ris\": 128,\n"}
,{"stream_name":"stdout","time":40.189170397,"data":"      \"generator\": \"star_ris_rsma.physics.generate_channel/v1\"\n"}
,{"stream_name":"stdout","time":40.189172988,"data":"    }\n"}
,{"stream_name":"stdout","time":40.189175346,"data":"  }\n"}
,{"stream_name":"stdout","time":40.189177646,"data":"}\n"}
,{"stream_name":"stdout","time":40.35839937,"data":"$ /usr/bin/python3 scripts/run_solver.py --method ao_grid --config /kaggle/working/STAR_RIS_RSMA_TD3/configs/v3/constrained_action_n16.yaml --bank /kaggle/working/STAR_RIS_RSMA_TD3/artifacts/scenario_banks/N16_test.npz --seed 10000 --start 500 --count 250 --output /kaggle/working/thesis_ao_grid/traditional_outputs/ao_grid/N16/part_500_250.csv\n"}
,{"stream_name":"stdout","time":40.358432991,"data":"$ /usr/bin/python3 scripts/run_solver.py --method ao_grid --config /kaggle/working/STAR_RIS_RSMA_TD3/configs/v3/constrained_action_n16.yaml --bank /kaggle/working/STAR_RIS_RSMA_TD3/artifacts/scenario_banks/N16_test.npz --seed 10000 --start 750 --count 250 --output /kaggle/working/thesis_ao_grid/traditional_outputs/ao_grid/N16/part_750_250.csv\n"}
,{"stream_name":"stdout","time":40.35843886,"data":"$ /usr/bin/python3 scripts/run_solver.py --method ao_grid --config /kaggle/working/STAR_RIS_RSMA_TD3/configs/v3/constrained_action_n16.yaml --bank /kaggle/working/STAR_RIS_RSMA_TD3/artifacts/scenario_banks/N16_test.npz --seed 10000 --start 250 --count 250 --output /kaggle/working/thesis_ao_grid/traditional_outputs/ao_grid/N16/part_250_250.csv\n"}
,{"stream_name":"stdout","time":40.35844358,"data":"$ /usr/bin/python3 scripts/run_solver.py --method ao_grid --config /kaggle/working/STAR_RIS_RSMA_TD3/configs/v3/constrained_action_n16.yaml --bank /kaggle/working/STAR_RIS_RSMA_TD3/artifacts/scenario_banks/N16_test.npz --seed 10000 --start 0 --count 250 --output /kaggle/working/thesis_ao_grid/traditional_outputs/ao_grid/N16/part_0_250.csv\n"}
,{"stream_name":"stdout","time":126.677850372,"data":"$ /usr/bin/python3 scripts/run_solver.py --method ao_grid --config /kaggle/working/STAR_RIS_RSMA_TD3/configs/v3/constrained_action_n32.yaml --bank /kaggle/working/STAR_RIS_RSMA_TD3/artifacts/scenario_banks/N32_test.npz --seed 10000 --start 0 --count 250 --output /kaggle/working/thesis_ao_grid/traditional_outputs/ao_grid/N32/part_0_250.csv\n"}
,{"stream_name":"stdout","time":126.677886059,"data":"$ /usr/bin/python3 scripts/run_solver.py --method ao_grid --config /kaggle/working/STAR_RIS_RSMA_TD3/configs/v3/constrained_action_n32.yaml --bank /kaggle/working/STAR_RIS_RSMA_TD3/artifacts/scenario_banks/N32_test.npz --seed 10000 --start 250 --count 250 --output /kaggle/working/thesis_ao_grid/traditional_outputs/ao_grid/N32/part_250_250.csv\n"}
,{"stream_name":"stdout","time":126.677893743,"data":"$ /usr/bin/python3 scripts/run_solver.py --method ao_grid --config /kaggle/working/STAR_RIS_RSMA_TD3/configs/v3/constrained_action_n32.yaml --bank /kaggle/working/STAR_RIS_RSMA_TD3/artifacts/scenario_banks/N32_test.npz --seed 10000 --start 500 --count 250 --output /kaggle/working/thesis_ao_grid/traditional_outputs/ao_grid/N32/part_500_250.csv\n"}
,{"stream_name":"stdout","time":126.677900011,"data":"$ /usr/bin/python3 scripts/run_solver.py --method ao_grid --config /kaggle/working/STAR_RIS_RSMA_TD3/configs/v3/constrained_action_n32.yaml --bank /kaggle/working/STAR_RIS_RSMA_TD3/artifacts/scenario_banks/N32_test.npz --seed 10000 --start 750 --count 250 --output /kaggle/working/thesis_ao_grid/traditional_outputs/ao_grid/N32/part_750_250.csv\n"}
,{"stream_name":"stdout","time":271.289893491,"data":"$ /usr/bin/python3 scripts/run_solver.py --method ao_grid --config /kaggle/working/STAR_RIS_RSMA_TD3/configs/v3/constrained_action_n64.yaml --bank /kaggle/working/STAR_RIS_RSMA_TD3/artifacts/scenario_banks/N64_test.npz --seed 10000 --start 0 --count 250 --output /kaggle/working/thesis_ao_grid/traditional_outputs/ao_grid/N64/part_0_250.csv\n"}
,{"stream_name":"stdout","time":271.931598168,"data":"$ /usr/bin/python3 scripts/run_solver.py --method ao_grid --config /kaggle/working/STAR_RIS_RSMA_TD3/configs/v3/constrained_action_n64.yaml --bank /kaggle/working/STAR_RIS_RSMA_TD3/artifacts/scenario_banks/N64_test.npz --seed 10000 --start 250 --count 250 --output /kaggle/working/thesis_ao_grid/traditional_outputs/ao_grid/N64/part_250_250.csv\n"}
,{"stream_name":"stdout","time":272.815542829,"data":"$ /usr/bin/python3 scripts/run_solver.py --method ao_grid --config /kaggle/working/STAR_RIS_RSMA_TD3/configs/v3/constrained_action_n64.yaml --bank /kaggle/working/STAR_RIS_RSMA_TD3/artifacts/scenario_banks/N64_test.npz --seed 10000 --start 500 --count 250 --output /kaggle/working/thesis_ao_grid/traditional_outputs/ao_grid/N64/part_500_250.csv\n"}
,{"stream_name":"stdout","time":272.815574346,"data":"$ /usr/bin/python3 scripts/run_solver.py --method ao_grid --config /kaggle/working/STAR_RIS_RSMA_TD3/configs/v3/constrained_action_n64.yaml --bank /kaggle/working/STAR_RIS_RSMA_TD3/artifacts/scenario_banks/N64_test.npz --seed 10000 --start 750 --count 250 --output /kaggle/working/thesis_ao_grid/traditional_outputs/ao_grid/N64/part_750_250.csv\n"}
,{"stream_name":"stdout","time":554.796226728,"data":"$ /usr/bin/python3 scripts/run_solver.py --method ao_grid --config /kaggle/working/STAR_RIS_RSMA_TD3/configs/v3/constrained_action_n96.yaml --bank /kaggle/working/STAR_RIS_RSMA_TD3/artifacts/scenario_banks/N96_test.npz --seed 10000 --start 0 --count 250 --output /kaggle/working/thesis_ao_grid/traditional_outputs/ao_grid/N96/part_0_250.csv\n"}
,{"stream_name":"stdout","time":556.704218346,"data":"$ /usr/bin/python3 scripts/run_solver.py --method ao_grid --config /kaggle/working/STAR_RIS_RSMA_TD3/configs/v3/constrained_action_n96.yaml --bank /kaggle/working/STAR_RIS_RSMA_TD3/artifacts/scenario_banks/N96_test.npz --seed 10000 --start 250 --count 250 --output /kaggle/working/thesis_ao_grid/traditional_outputs/ao_grid/N96/part_250_250.csv\n"}
,{"stream_name":"stdout","time":564.621227184,"data":"$ /usr/bin/python3 scripts/run_solver.py --method ao_grid --config /kaggle/working/STAR_RIS_RSMA_TD3/configs/v3/constrained_action_n96.yaml --bank /kaggle/working/STAR_RIS_RSMA_TD3/artifacts/scenario_banks/N96_test.npz --seed 10000 --start 500 --count 250 --output /kaggle/working/thesis_ao_grid/traditional_outputs/ao_grid/N96/part_500_250.csv\n"}
,{"stream_name":"stdout","time":564.621268567,"data":"$ /usr/bin/python3 scripts/run_solver.py --method ao_grid --config /kaggle/working/STAR_RIS_RSMA_TD3/configs/v3/constrained_action_n96.yaml --bank /kaggle/working/STAR_RIS_RSMA_TD3/artifacts/scenario_banks/N96_test.npz --seed 10000 --start 750 --count 250 --output /kaggle/working/thesis_ao_grid/traditional_outputs/ao_grid/N96/part_750_250.csv\n"}
,{"stream_name":"stdout","time":982.881098648,"data":"$ /usr/bin/python3 scripts/run_solver.py --method ao_grid --config /kaggle/working/STAR_RIS_RSMA_TD3/configs/v3/constrained_action_n128.yaml --bank /kaggle/working/STAR_RIS_RSMA_TD3/artifacts/scenario_banks/N128_test.npz --seed 10000 --start 0 --count 250 --output /kaggle/working/thesis_ao_grid/traditional_outputs/ao_grid/N128/part_0_250.csv\n"}
,{"stream_name":"stdout","time":990.550558281,"data":"$ /usr/bin/python3 scripts/run_solver.py --method ao_grid --config /kaggle/working/STAR_RIS_RSMA_TD3/configs/v3/constrained_action_n128.yaml --bank /kaggle/working/STAR_RIS_RSMA_TD3/artifacts/scenario_banks/N128_test.npz --seed 10000 --start 250 --count 250 --output /kaggle/working/thesis_ao_grid/traditional_outputs/ao_grid/N128/part_250_250.csv\n"}
,{"stream_name":"stdout","time":990.824698497,"data":"$ /usr/bin/python3 scripts/run_solver.py --method ao_grid --config /kaggle/working/STAR_RIS_RSMA_TD3/configs/v3/constrained_action_n128.yaml --bank /kaggle/working/STAR_RIS_RSMA_TD3/artifacts/scenario_banks/N128_test.npz --seed 10000 --start 500 --count 250 --output /kaggle/working/thesis_ao_grid/traditional_outputs/ao_grid/N128/part_500_250.csv\n"}
,{"stream_name":"stdout","time":1001.146624797,"data":"$ /usr/bin/python3 scripts/run_solver.py --method ao_grid --config /kaggle/working/STAR_RIS_RSMA_TD3/configs/v3/constrained_action_n128.yaml --bank /kaggle/working/STAR_RIS_RSMA_TD3/artifacts/scenario_banks/N128_test.npz --seed 10000 --start 750 --count 250 --output /kaggle/working/thesis_ao_grid/traditional_outputs/ao_grid/N128/part_750_250.csv\n"}
,{"stream_name":"stderr","time":1561.710275098,"data":"/tmp/ipykernel_22/2272105537.py:179: UserWarning: Data has no positive values, and therefore cannot be log-scaled.\n"}
,{"stream_name":"stderr","time":1561.710311219,"data":"  ax.set_yscale(\"log\")\n"}
,{"stream_name":"stderr","time":1561.710316878,"data":"\n"}
,{"stream_name":"stderr","time":1561.710321318,"data":"/tmp/ipykernel_22/2272105537.py:179: UserWarning: Data has no positive values, and therefore cannot be log-scaled.\n"}
,{"stream_name":"stderr","time":1561.710326147,"data":"  ax.set_yscale(\"log\")\n"}
,{"stream_name":"stdout","time":1564.392040392,"data":"Stage output: /kaggle/working/thesis_ao_grid\n"}
,{"stream_name":"stderr","time":1567.251246355,"data":"/usr/local/lib/python3.12/dist-packages/mistune.py:435: SyntaxWarning: invalid escape sequence '\\|'\n"}
,{"stream_name":"stderr","time":1567.251280194,"data":"  cells[i][c] = re.sub('\\\\\\\\\\|', '|', cell)\n"}
,{"stream_name":"stderr","time":1567.411436185,"data":"/usr/local/lib/python3.12/dist-packages/nbconvert/filters/filter_links.py:36: SyntaxWarning: invalid escape sequence '\\_'\n"}
,{"stream_name":"stderr","time":1567.411472364,"data":"  text = re.sub(r'_', '\\_', text) # Escape underscores in display text\n"}
,{"stream_name":"stderr","time":1568.017820323,"data":"[NbConvertApp] Converting notebook __notebook__.ipynb to notebook\n"}
,{"stream_name":"stderr","time":1568.309715852,"data":"[NbConvertApp] Writing 48938 bytes to __notebook__.ipynb\n"}
,{"stream_name":"stderr","time":1570.596618079,"data":"[NbConvertApp] Converting notebook __notebook__.ipynb to html\n"}
,{"stream_name":"stderr","time":1571.457140264,"data":"[NbConvertApp] Writing 362940 bytes to __results__.html\n"}
]