{
  "train": {
    "path": "/kaggle/working/STAR_RIS_RSMA_TD3/artifacts/scenario_banks/N16_train.npz",
    "checksum": "b51439f19a262ead64d5beab9d5c0b59986d905a5dbf8cfec27b0e2a89d28934",
    "metadata": {
      "split": "train",
      "seed": 11001,
      "count": 10000,
      "n_users": 4,
      "n_ris": 16,
      "generator": "star_ris_rsma.physics.generate_channel/v1"
    }
  },
  "validation": {
    "path": "/kaggle/working/STAR_RIS_RSMA_TD3/artifacts/scenario_banks/N16_validation.npz",
    "checksum": "ff3bb90b6af684e3b9176db101992400a2cbae2c9bc3359761ba4889db40a1d9",
    "metadata": {
      "split": "validation",
      "seed": 22001,
      "count": 1000,
      "n_users": 4,
      "n_ris": 16,
      "generator": "star_ris_rsma.physics.generate_channel/v1"
    }
  },
  "test": {
    "path": "/kaggle/working/STAR_RIS_RSMA_TD3/artifacts/scenario_banks/N16_test.npz",
    "checksum": "ee98d51d23f2f29facb379bf4250dad3e33d568085dfd332a582372e84151ce7",
    "metadata": {
      "split": "test",
      "seed": 33001,
      "count": 1000,
      "n_users": 4,
      "n_ris": 16,
      "generator": "star_ris_rsma.physics.generate_channel/v1"
    }
  }
}
