{
  "train": {
    "path": "/kaggle/working/STAR_RIS_RSMA_TD3/artifacts/scenario_banks/N16_train.npz",
    "checksum": "d6ec783757dfb5a50802fa99583586828e5c84a6375c8c062228f209bf77771b",
    "metadata": {
      "split": "train",
      "seed": 11001,
      "count": 1,
      "n_users": 4,
      "n_ris": 16,
      "generator": "star_ris_rsma.physics.generate_channel/v1"
    }
  },
  "validation": {
    "path": "/kaggle/working/STAR_RIS_RSMA_TD3/artifacts/scenario_banks/N16_validation.npz",
    "checksum": "e9ec2a79555ac59bb623680dc909722d728776407907619642da1636299f90f9",
    "metadata": {
      "split": "validation",
      "seed": 22001,
      "count": 1,
      "n_users": 4,
      "n_ris": 16,
      "generator": "star_ris_rsma.physics.generate_channel/v1"
    }
  },
  "test": {
    "path": "/kaggle/working/STAR_RIS_RSMA_TD3/artifacts/scenario_banks/N16_test.npz",
    "checksum": "ee98d51d23f2f29facb379bf4250dad3e33d568085dfd332a582372e84151ce7",
    "metadata": {
      "split": "test",
      "seed": 33001,
      "count": 1000,
      "n_users": 4,
      "n_ris": 16,
      "generator": "star_ris_rsma.physics.generate_channel/v1"
    }
  }
}
