{
  "train": {
    "path": "/kaggle/working/STAR_RIS_RSMA_TD3/artifacts/scenario_banks/N32_train.npz",
    "checksum": "e3c9ea812c444dc93c46c4a7624bb719da17d386f38845ffb6ef750c27ebe68f",
    "metadata": {
      "split": "train",
      "seed": 11001,
      "count": 1,
      "n_users": 4,
      "n_ris": 32,
      "generator": "star_ris_rsma.physics.generate_channel/v1"
    }
  },
  "validation": {
    "path": "/kaggle/working/STAR_RIS_RSMA_TD3/artifacts/scenario_banks/N32_validation.npz",
    "checksum": "4315089416013aaf7e081644aacd457da9c8d68c4fe7bbe146332b4fe18e37da",
    "metadata": {
      "split": "validation",
      "seed": 22001,
      "count": 1,
      "n_users": 4,
      "n_ris": 32,
      "generator": "star_ris_rsma.physics.generate_channel/v1"
    }
  },
  "test": {
    "path": "/kaggle/working/STAR_RIS_RSMA_TD3/artifacts/scenario_banks/N32_test.npz",
    "checksum": "6ec54735c1c2c35cd253d9d3d23295783293b6d64c65204dfcab16b2d59ebbef",
    "metadata": {
      "split": "test",
      "seed": 33001,
      "count": 1000,
      "n_users": 4,
      "n_ris": 32,
      "generator": "star_ris_rsma.physics.generate_channel/v1"
    }
  }
}
