{
  "train": {
    "path": "/kaggle/working/STAR_RIS_RSMA_TD3/artifacts/scenario_banks/N96_train.npz",
    "checksum": "d0a6419f23ec4f4c92bf50bf7dd471cb839863e872a511af0d83cb03ee236d11",
    "metadata": {
      "split": "train",
      "seed": 11001,
      "count": 10000,
      "n_users": 4,
      "n_ris": 96,
      "generator": "star_ris_rsma.physics.generate_channel/v1"
    }
  },
  "validation": {
    "path": "/kaggle/working/STAR_RIS_RSMA_TD3/artifacts/scenario_banks/N96_validation.npz",
    "checksum": "135afb5ca4361e7b979798a7e97e11119084197941cac615d311d3305de3049e",
    "metadata": {
      "split": "validation",
      "seed": 22001,
      "count": 1000,
      "n_users": 4,
      "n_ris": 96,
      "generator": "star_ris_rsma.physics.generate_channel/v1"
    }
  },
  "test": {
    "path": "/kaggle/working/STAR_RIS_RSMA_TD3/artifacts/scenario_banks/N96_test.npz",
    "checksum": "4e84455d08cacd9f85c432f7838c3be2cb0f000b55edc3487c6dee9520cc0b63",
    "metadata": {
      "split": "test",
      "seed": 33001,
      "count": 1000,
      "n_users": 4,
      "n_ris": 96,
      "generator": "star_ris_rsma.physics.generate_channel/v1"
    }
  }
}
